2026-07-16 15:32:53 | INFO     | ============================================================
2026-07-16 15:32:53 | INFO     |   SAP RPA — Auto Extend Material MMSC
2026-07-16 15:32:53 | INFO     |   Storage Loc : WH02 & WT01
2026-07-16 15:32:53 | INFO     |   Input       : _selected_temp.xlsx
2026-07-16 15:32:53 | INFO     |   Dry Run     : False
2026-07-16 15:32:53 | INFO     | ============================================================
2026-07-16 15:32:53 | INFO     | 
2026-07-16 15:32:53 | INFO     |   PERSIAPAN:
2026-07-16 15:32:53 | INFO     |   1. SAP sudah login
2026-07-16 15:32:53 | INFO     |   2. Klik jendela SAP supaya aktif
2026-07-16 15:32:53 | INFO     |   3. JANGAN sentuh mouse/keyboard saat robot berjalan!
2026-07-16 15:32:53 | INFO     |   4. DARURAT: gerak mouse ke pojok KIRI ATAS = STOP
2026-07-16 15:32:53 | INFO     | 
2026-07-16 15:32:53 | INFO     | Total material: 57 baris
2026-07-16 15:32:53 | INFO     |   Mulai dalam 5 detik...
2026-07-16 15:32:54 | INFO     |   Mulai dalam 4 detik...
2026-07-16 15:32:55 | INFO     |   Mulai dalam 3 detik...
2026-07-16 15:32:56 | INFO     |   Mulai dalam 2 detik...
2026-07-16 15:32:57 | INFO     |   Mulai dalam 1 detik...
2026-07-16 15:32:58 | INFO     |   ROBOT MULAI!
2026-07-16 15:32:58 | INFO     | 
2026-07-16 15:32:58 | INFO     |   SAP ditemukan: 'Enter Storage Locations Collectively: Initial Screen'
2026-07-16 15:32:59 | INFO     |   Fokus SAP berhasil ✓
2026-07-16 15:33:00 | INFO     |   SAP → kiri layar (960x1080)
2026-07-16 15:33:04 | INFO     |   MMSC terbuka
2026-07-16 15:33:04 | INFO     | [   1/57]  370205  →  Plant: B351
2026-07-16 15:33:04 | DEBUG    |   Isi Material: 370205
2026-07-16 15:33:06 | DEBUG    |   Isi Plant: B351
2026-07-16 15:33:09 | DEBUG    |   [DEBUG] Mundur ke-1: 'WH01'
2026-07-16 15:33:10 | DEBUG    |   [DEBUG] Mundur ke-2: ''
2026-07-16 15:33:10 | DEBUG    |   [DEBUG] SLoc yang terbaca: ['WH01']
2026-07-16 15:33:10 | INFO     |   Isi SLoc yang belum ada: WH02, WT01
2026-07-16 15:33:11 | DEBUG    |   SLoc baru: WH02
2026-07-16 15:33:12 | DEBUG    |   SLoc baru: WT01
2026-07-16 15:33:13 | DEBUG    |   [DEBUG] Jumlah elemen terbaca: 22
2026-07-16 15:33:13 | DEBUG    |   [DEBUG] Status text: [WINDOWCONTROL:NAME]ENTER STORAGE LOCATIONS COLLECTIVELY: LIST | [BUTTONCONTROL:NAME]OPEN | [BUTTONCONTROL:NAME]DELETE | [LEGACY:DESC]DELETE   (SHIFT+F2) | [LEGACY:VALUE]ENTER STORAGE LOCATIONS COLLECTIVELY: LIST | [LEGACY:DESC]DISPLAYS THE NAME OF THE WINDOW AND CONTAINS CONTROLS TO MANIPULATE IT | [MENUBARCONTROL:NAME]SYSTEM | [LEGACY:DESC]CONTAINS COMMANDS TO MANIPULATE THE WINDOW | [MENUITEMCONTROL:NAME]SYSTEM | [BUTTONCONTROL:NAME]MINIMIZE | [LEGACY:DESC]MOVES THE WINDOW OUT OF THE WAY | [BUTTONCONTROL:NAME]MAXIMIZE | [LEGACY:DESC]MAKES THE WINDOW FULL SCREEN | [BUTTONCONTROL:NAME]CLOSE | [LEGACY:DESC]CLOSES THE WINDOW | CUSTOM  CONTAINER | CONTROL  CONTAINER | CUSTOM  CONTAINER | CONTROL  CONTAINER | SAP'S ADVANCED TREELIST | CUSTOM  CONTAINER | CONTROL  CONTAINER
2026-07-16 15:33:15 | SUCCESS  |   ✓ [B351] 370205 — WH02, WT01 DITAMBAH
2026-07-16 15:33:15 | INFO     | [   2/57]  370205  →  Plant: B352
2026-07-16 15:33:15 | DEBUG    |   Isi Material: 370205
2026-07-16 15:33:17 | DEBUG    |   Isi Plant: B352
2026-07-16 15:33:21 | DEBUG    |   [DEBUG] Mundur ke-1: ''
2026-07-16 15:33:21 | DEBUG    |   [DEBUG] SLoc yang terbaca: []
2026-07-16 15:33:21 | INFO     |   Isi SLoc yang belum ada: WH02, WT01
2026-07-16 15:33:21 | DEBUG    |   SLoc baru: WH02
2026-07-16 15:33:22 | DEBUG    |   SLoc baru: WT01
2026-07-16 15:33:23 | DEBUG    |   [DEBUG] Jumlah elemen terbaca: 22
2026-07-16 15:33:23 | DEBUG    |   [DEBUG] Status text: [WINDOWCONTROL:NAME]ENTER STORAGE LOCATIONS COLLECTIVELY: LIST | [BUTTONCONTROL:NAME]OPEN | [BUTTONCONTROL:NAME]DELETE | [LEGACY:DESC]DELETE   (SHIFT+F2) | [LEGACY:VALUE]ENTER STORAGE LOCATIONS COLLECTIVELY: LIST | [LEGACY:DESC]DISPLAYS THE NAME OF THE WINDOW AND CONTAINS CONTROLS TO MANIPULATE IT | [MENUBARCONTROL:NAME]SYSTEM | [LEGACY:DESC]CONTAINS COMMANDS TO MANIPULATE THE WINDOW | [MENUITEMCONTROL:NAME]SYSTEM | [BUTTONCONTROL:NAME]MINIMIZE | [LEGACY:DESC]MOVES THE WINDOW OUT OF THE WAY | [BUTTONCONTROL:NAME]MAXIMIZE | [LEGACY:DESC]MAKES THE WINDOW FULL SCREEN | [BUTTONCONTROL:NAME]CLOSE | [LEGACY:DESC]CLOSES THE WINDOW | CUSTOM  CONTAINER | CONTROL  CONTAINER | CUSTOM  CONTAINER | CONTROL  CONTAINER | SAP'S ADVANCED TREELIST | CUSTOM  CONTAINER | CONTROL  CONTAINER
2026-07-16 15:33:25 | SUCCESS  |   ✓ [B352] 370205 — WH02, WT01 DITAMBAH
2026-07-16 15:33:25 | INFO     | [   3/57]  370205  →  Plant: B353
2026-07-16 15:33:25 | DEBUG    |   Isi Material: 370205
2026-07-16 15:33:27 | DEBUG    |   Isi Plant: B353
2026-07-16 15:33:31 | DEBUG    |   [DEBUG] Mundur ke-1: 'WH01'
2026-07-16 15:33:31 | DEBUG    |   [DEBUG] Mundur ke-2: ''
2026-07-16 15:33:32 | DEBUG    |   [DEBUG] SLoc yang terbaca: ['WH01']
2026-07-16 15:33:32 | INFO     |   Isi SLoc yang belum ada: WH02, WT01
2026-07-16 15:33:32 | DEBUG    |   SLoc baru: WH02
2026-07-16 15:33:33 | DEBUG    |   SLoc baru: WT01
2026-07-16 15:33:34 | DEBUG    |   [DEBUG] Jumlah elemen terbaca: 22
2026-07-16 15:33:34 | DEBUG    |   [DEBUG] Status text: [WINDOWCONTROL:NAME]ENTER STORAGE LOCATIONS COLLECTIVELY: LIST | [BUTTONCONTROL:NAME]OPEN | [BUTTONCONTROL:NAME]DELETE | [LEGACY:DESC]DELETE   (SHIFT+F2) | [LEGACY:VALUE]ENTER STORAGE LOCATIONS COLLECTIVELY: LIST | [LEGACY:DESC]DISPLAYS THE NAME OF THE WINDOW AND CONTAINS CONTROLS TO MANIPULATE IT | [MENUBARCONTROL:NAME]SYSTEM | [LEGACY:DESC]CONTAINS COMMANDS TO MANIPULATE THE WINDOW | [MENUITEMCONTROL:NAME]SYSTEM | [BUTTONCONTROL:NAME]MINIMIZE | [LEGACY:DESC]MOVES THE WINDOW OUT OF THE WAY | [BUTTONCONTROL:NAME]MAXIMIZE | [LEGACY:DESC]MAKES THE WINDOW FULL SCREEN | [BUTTONCONTROL:NAME]CLOSE | [LEGACY:DESC]CLOSES THE WINDOW | CUSTOM  CONTAINER | CONTROL  CONTAINER | CUSTOM  CONTAINER | CONTROL  CONTAINER | SAP'S ADVANCED TREELIST | CUSTOM  CONTAINER | CONTROL  CONTAINER
2026-07-16 15:33:36 | SUCCESS  |   ✓ [B353] 370205 — WH02, WT01 DITAMBAH
2026-07-16 15:33:36 | INFO     | [   4/57]  370205  →  Plant: B354
2026-07-16 15:33:36 | DEBUG    |   Isi Material: 370205
2026-07-16 15:33:38 | DEBUG    |   Isi Plant: B354
2026-07-16 15:33:42 | DEBUG    |   [DEBUG] Mundur ke-1: 'WH01'
2026-07-16 15:33:42 | DEBUG    |   [DEBUG] Mundur ke-2: ''
2026-07-16 15:33:42 | DEBUG    |   [DEBUG] SLoc yang terbaca: ['WH01']
2026-07-16 15:33:42 | INFO     |   Isi SLoc yang belum ada: WH02, WT01
2026-07-16 15:33:43 | DEBUG    |   SLoc baru: WH02
2026-07-16 15:33:44 | DEBUG    |   SLoc baru: WT01
2026-07-16 15:33:45 | DEBUG    |   [DEBUG] Jumlah elemen terbaca: 22
2026-07-16 15:33:45 | DEBUG    |   [DEBUG] Status text: [WINDOWCONTROL:NAME]ENTER STORAGE LOCATIONS COLLECTIVELY: LIST | [BUTTONCONTROL:NAME]OPEN | [BUTTONCONTROL:NAME]DELETE | [LEGACY:DESC]DELETE   (SHIFT+F2) | [LEGACY:VALUE]ENTER STORAGE LOCATIONS COLLECTIVELY: LIST | [LEGACY:DESC]DISPLAYS THE NAME OF THE WINDOW AND CONTAINS CONTROLS TO MANIPULATE IT | [MENUBARCONTROL:NAME]SYSTEM | [LEGACY:DESC]CONTAINS COMMANDS TO MANIPULATE THE WINDOW | [MENUITEMCONTROL:NAME]SYSTEM | [BUTTONCONTROL:NAME]MINIMIZE | [LEGACY:DESC]MOVES THE WINDOW OUT OF THE WAY | [BUTTONCONTROL:NAME]MAXIMIZE | [LEGACY:DESC]MAKES THE WINDOW FULL SCREEN | [BUTTONCONTROL:NAME]CLOSE | [LEGACY:DESC]CLOSES THE WINDOW | CUSTOM  CONTAINER | CONTROL  CONTAINER | CUSTOM  CONTAINER | CONTROL  CONTAINER | SAP'S ADVANCED TREELIST | CUSTOM  CONTAINER | CONTROL  CONTAINER
2026-07-16 15:33:47 | SUCCESS  |   ✓ [B354] 370205 — WH02, WT01 DITAMBAH
2026-07-16 15:33:47 | INFO     | [   5/57]  370205  →  Plant: B356
2026-07-16 15:33:47 | DEBUG    |   Isi Material: 370205
2026-07-16 15:33:49 | DEBUG    |   Isi Plant: B356
2026-07-16 15:33:52 | DEBUG    |   [DEBUG] Mundur ke-1: 'WH01'
2026-07-16 15:33:53 | DEBUG    |   [DEBUG] Mundur ke-2: ''
2026-07-16 15:33:53 | DEBUG    |   [DEBUG] SLoc yang terbaca: ['WH01']
2026-07-16 15:33:53 | INFO     |   Isi SLoc yang belum ada: WH02, WT01
2026-07-16 15:33:54 | DEBUG    |   SLoc baru: WH02
2026-07-16 15:33:55 | DEBUG    |   SLoc baru: WT01
2026-07-16 15:33:56 | DEBUG    |   [DEBUG] Jumlah elemen terbaca: 22
2026-07-16 15:33:56 | DEBUG    |   [DEBUG] Status text: [WINDOWCONTROL:NAME]ENTER STORAGE LOCATIONS COLLECTIVELY: LIST | [BUTTONCONTROL:NAME]OPEN | [BUTTONCONTROL:NAME]DELETE | [LEGACY:DESC]DELETE   (SHIFT+F2) | [LEGACY:VALUE]ENTER STORAGE LOCATIONS COLLECTIVELY: LIST | [LEGACY:DESC]DISPLAYS THE NAME OF THE WINDOW AND CONTAINS CONTROLS TO MANIPULATE IT | [MENUBARCONTROL:NAME]SYSTEM | [LEGACY:DESC]CONTAINS COMMANDS TO MANIPULATE THE WINDOW | [MENUITEMCONTROL:NAME]SYSTEM | [BUTTONCONTROL:NAME]MINIMIZE | [LEGACY:DESC]MOVES THE WINDOW OUT OF THE WAY | [BUTTONCONTROL:NAME]MAXIMIZE | [LEGACY:DESC]MAKES THE WINDOW FULL SCREEN | [BUTTONCONTROL:NAME]CLOSE | [LEGACY:DESC]CLOSES THE WINDOW | CUSTOM  CONTAINER | CONTROL  CONTAINER | CUSTOM  CONTAINER | CONTROL  CONTAINER | SAP'S ADVANCED TREELIST | CUSTOM  CONTAINER | CONTROL  CONTAINER
2026-07-16 15:33:58 | SUCCESS  |   ✓ [B356] 370205 — WH02, WT01 DITAMBAH
2026-07-16 15:33:58 | INFO     | [   6/57]  370205  →  Plant: B357
2026-07-16 15:33:58 | DEBUG    |   Isi Material: 370205
2026-07-16 15:34:00 | DEBUG    |   Isi Plant: B357
2026-07-16 15:34:03 | DEBUG    |   [DEBUG] Mundur ke-1: 'WH01'
2026-07-16 15:34:04 | DEBUG    |   [DEBUG] Mundur ke-2: ''
2026-07-16 15:34:04 | DEBUG    |   [DEBUG] SLoc yang terbaca: ['WH01']
2026-07-16 15:34:04 | INFO     |   Isi SLoc yang belum ada: WH02, WT01
2026-07-16 15:34:05 | DEBUG    |   SLoc baru: WH02
2026-07-16 15:34:06 | DEBUG    |   SLoc baru: WT01
2026-07-16 15:34:07 | DEBUG    |   [DEBUG] Jumlah elemen terbaca: 22
2026-07-16 15:34:07 | DEBUG    |   [DEBUG] Status text: [WINDOWCONTROL:NAME]ENTER STORAGE LOCATIONS COLLECTIVELY: LIST | [BUTTONCONTROL:NAME]OPEN | [BUTTONCONTROL:NAME]DELETE | [LEGACY:DESC]DELETE   (SHIFT+F2) | [LEGACY:VALUE]ENTER STORAGE LOCATIONS COLLECTIVELY: LIST | [LEGACY:DESC]DISPLAYS THE NAME OF THE WINDOW AND CONTAINS CONTROLS TO MANIPULATE IT | [MENUBARCONTROL:NAME]SYSTEM | [LEGACY:DESC]CONTAINS COMMANDS TO MANIPULATE THE WINDOW | [MENUITEMCONTROL:NAME]SYSTEM | [BUTTONCONTROL:NAME]MINIMIZE | [LEGACY:DESC]MOVES THE WINDOW OUT OF THE WAY | [BUTTONCONTROL:NAME]MAXIMIZE | [LEGACY:DESC]MAKES THE WINDOW FULL SCREEN | [BUTTONCONTROL:NAME]CLOSE | [LEGACY:DESC]CLOSES THE WINDOW | CUSTOM  CONTAINER | CONTROL  CONTAINER | CUSTOM  CONTAINER | CONTROL  CONTAINER | SAP'S ADVANCED TREELIST | CUSTOM  CONTAINER | CONTROL  CONTAINER
2026-07-16 15:34:09 | SUCCESS  |   ✓ [B357] 370205 — WH02, WT01 DITAMBAH
2026-07-16 15:34:09 | INFO     | [   7/57]  370205  →  Plant: B358
2026-07-16 15:34:09 | DEBUG    |   Isi Material: 370205
2026-07-16 15:34:11 | DEBUG    |   Isi Plant: B358
2026-07-16 15:34:14 | DEBUG    |   [DEBUG] Mundur ke-1: 'WH01'
2026-07-16 15:34:15 | DEBUG    |   [DEBUG] Mundur ke-2: ''
2026-07-16 15:34:15 | DEBUG    |   [DEBUG] SLoc yang terbaca: ['WH01']
2026-07-16 15:34:15 | INFO     |   Isi SLoc yang belum ada: WH02, WT01
2026-07-16 15:34:15 | DEBUG    |   SLoc baru: WH02
2026-07-16 15:34:16 | DEBUG    |   SLoc baru: WT01
2026-07-16 15:34:18 | DEBUG    |   [DEBUG] Jumlah elemen terbaca: 22
2026-07-16 15:34:18 | DEBUG    |   [DEBUG] Status text: [WINDOWCONTROL:NAME]ENTER STORAGE LOCATIONS COLLECTIVELY: LIST | [BUTTONCONTROL:NAME]OPEN | [BUTTONCONTROL:NAME]DELETE | [LEGACY:DESC]DELETE   (SHIFT+F2) | [LEGACY:VALUE]ENTER STORAGE LOCATIONS COLLECTIVELY: LIST | [LEGACY:DESC]DISPLAYS THE NAME OF THE WINDOW AND CONTAINS CONTROLS TO MANIPULATE IT | [MENUBARCONTROL:NAME]SYSTEM | [LEGACY:DESC]CONTAINS COMMANDS TO MANIPULATE THE WINDOW | [MENUITEMCONTROL:NAME]SYSTEM | [BUTTONCONTROL:NAME]MINIMIZE | [LEGACY:DESC]MOVES THE WINDOW OUT OF THE WAY | [BUTTONCONTROL:NAME]MAXIMIZE | [LEGACY:DESC]MAKES THE WINDOW FULL SCREEN | [BUTTONCONTROL:NAME]CLOSE | [LEGACY:DESC]CLOSES THE WINDOW | CUSTOM  CONTAINER | CONTROL  CONTAINER | CUSTOM  CONTAINER | CONTROL  CONTAINER | SAP'S ADVANCED TREELIST | CUSTOM  CONTAINER | CONTROL  CONTAINER
2026-07-16 15:34:20 | SUCCESS  |   ✓ [B358] 370205 — WH02, WT01 DITAMBAH
2026-07-16 15:34:20 | INFO     | [   8/57]  370205  →  Plant: B360
2026-07-16 15:34:20 | DEBUG    |   Isi Material: 370205
2026-07-16 15:34:22 | DEBUG    |   Isi Plant: B360
2026-07-16 15:34:25 | DEBUG    |   [DEBUG] Mundur ke-1: 'WH01'
2026-07-16 15:34:26 | DEBUG    |   [DEBUG] Mundur ke-2: ''
2026-07-16 15:34:26 | DEBUG    |   [DEBUG] SLoc yang terbaca: ['WH01']
2026-07-16 15:34:26 | INFO     |   Isi SLoc yang belum ada: WH02, WT01
2026-07-16 15:34:26 | DEBUG    |   SLoc baru: WH02
2026-07-16 15:34:27 | DEBUG    |   SLoc baru: WT01
2026-07-16 15:34:29 | DEBUG    |   [DEBUG] Jumlah elemen terbaca: 22
2026-07-16 15:34:29 | DEBUG    |   [DEBUG] Status text: [WINDOWCONTROL:NAME]ENTER STORAGE LOCATIONS COLLECTIVELY: LIST | [BUTTONCONTROL:NAME]OPEN | [BUTTONCONTROL:NAME]DELETE | [LEGACY:DESC]DELETE   (SHIFT+F2) | [LEGACY:VALUE]ENTER STORAGE LOCATIONS COLLECTIVELY: LIST | [LEGACY:DESC]DISPLAYS THE NAME OF THE WINDOW AND CONTAINS CONTROLS TO MANIPULATE IT | [MENUBARCONTROL:NAME]SYSTEM | [LEGACY:DESC]CONTAINS COMMANDS TO MANIPULATE THE WINDOW | [MENUITEMCONTROL:NAME]SYSTEM | [BUTTONCONTROL:NAME]MINIMIZE | [LEGACY:DESC]MOVES THE WINDOW OUT OF THE WAY | [BUTTONCONTROL:NAME]MAXIMIZE | [LEGACY:DESC]MAKES THE WINDOW FULL SCREEN | [BUTTONCONTROL:NAME]CLOSE | [LEGACY:DESC]CLOSES THE WINDOW | CUSTOM  CONTAINER | CONTROL  CONTAINER | CUSTOM  CONTAINER | CONTROL  CONTAINER | SAP'S ADVANCED TREELIST | CUSTOM  CONTAINER | CONTROL  CONTAINER
2026-07-16 15:34:31 | SUCCESS  |   ✓ [B360] 370205 — WH02, WT01 DITAMBAH
2026-07-16 15:34:31 | INFO     | [   9/57]  370205  →  Plant: B361
2026-07-16 15:34:31 | DEBUG    |   Isi Material: 370205
2026-07-16 15:34:33 | DEBUG    |   Isi Plant: B361
2026-07-16 15:34:36 | DEBUG    |   [DEBUG] Mundur ke-1: 'WH01'
2026-07-16 15:34:37 | DEBUG    |   [DEBUG] Mundur ke-2: ''
2026-07-16 15:34:37 | DEBUG    |   [DEBUG] SLoc yang terbaca: ['WH01']
2026-07-16 15:34:37 | INFO     |   Isi SLoc yang belum ada: WH02, WT01
2026-07-16 15:34:37 | DEBUG    |   SLoc baru: WH02
2026-07-16 15:34:38 | DEBUG    |   SLoc baru: WT01
2026-07-16 15:34:40 | DEBUG    |   [DEBUG] Jumlah elemen terbaca: 22
2026-07-16 15:34:40 | DEBUG    |   [DEBUG] Status text: [WINDOWCONTROL:NAME]ENTER STORAGE LOCATIONS COLLECTIVELY: LIST | [BUTTONCONTROL:NAME]OPEN | [BUTTONCONTROL:NAME]DELETE | [LEGACY:DESC]DELETE   (SHIFT+F2) | [LEGACY:VALUE]ENTER STORAGE LOCATIONS COLLECTIVELY: LIST | [LEGACY:DESC]DISPLAYS THE NAME OF THE WINDOW AND CONTAINS CONTROLS TO MANIPULATE IT | [MENUBARCONTROL:NAME]SYSTEM | [LEGACY:DESC]CONTAINS COMMANDS TO MANIPULATE THE WINDOW | [MENUITEMCONTROL:NAME]SYSTEM | [BUTTONCONTROL:NAME]MINIMIZE | [LEGACY:DESC]MOVES THE WINDOW OUT OF THE WAY | [BUTTONCONTROL:NAME]MAXIMIZE | [LEGACY:DESC]MAKES THE WINDOW FULL SCREEN | [BUTTONCONTROL:NAME]CLOSE | [LEGACY:DESC]CLOSES THE WINDOW | CUSTOM  CONTAINER | CONTROL  CONTAINER | CUSTOM  CONTAINER | CONTROL  CONTAINER | SAP'S ADVANCED TREELIST | CUSTOM  CONTAINER | CONTROL  CONTAINER
2026-07-16 15:34:42 | SUCCESS  |   ✓ [B361] 370205 — WH02, WT01 DITAMBAH
2026-07-16 15:34:42 | INFO     | [  10/57]  370205  →  Plant: B362
2026-07-16 15:34:42 | DEBUG    |   Isi Material: 370205
2026-07-16 15:34:43 | DEBUG    |   Isi Plant: B362
2026-07-16 15:34:47 | DEBUG    |   [DEBUG] Mundur ke-1: 'WH01'
2026-07-16 15:34:47 | DEBUG    |   [DEBUG] Mundur ke-2: ''
2026-07-16 15:34:48 | DEBUG    |   [DEBUG] SLoc yang terbaca: ['WH01']
2026-07-16 15:34:48 | INFO     |   Isi SLoc yang belum ada: WH02, WT01
2026-07-16 15:34:48 | DEBUG    |   SLoc baru: WH02
2026-07-16 15:34:49 | DEBUG    |   SLoc baru: WT01
2026-07-16 15:34:50 | DEBUG    |   [DEBUG] Jumlah elemen terbaca: 22
2026-07-16 15:34:50 | DEBUG    |   [DEBUG] Status text: [WINDOWCONTROL:NAME]ENTER STORAGE LOCATIONS COLLECTIVELY: LIST | [BUTTONCONTROL:NAME]OPEN | [BUTTONCONTROL:NAME]DELETE | [LEGACY:DESC]DELETE   (SHIFT+F2) | [LEGACY:VALUE]ENTER STORAGE LOCATIONS COLLECTIVELY: LIST | [LEGACY:DESC]DISPLAYS THE NAME OF THE WINDOW AND CONTAINS CONTROLS TO MANIPULATE IT | [MENUBARCONTROL:NAME]SYSTEM | [LEGACY:DESC]CONTAINS COMMANDS TO MANIPULATE THE WINDOW | [MENUITEMCONTROL:NAME]SYSTEM | [BUTTONCONTROL:NAME]MINIMIZE | [LEGACY:DESC]MOVES THE WINDOW OUT OF THE WAY | [BUTTONCONTROL:NAME]MAXIMIZE | [LEGACY:DESC]MAKES THE WINDOW FULL SCREEN | [BUTTONCONTROL:NAME]CLOSE | [LEGACY:DESC]CLOSES THE WINDOW | CUSTOM  CONTAINER | CONTROL  CONTAINER | CUSTOM  CONTAINER | CONTROL  CONTAINER | SAP'S ADVANCED TREELIST | CUSTOM  CONTAINER | CONTROL  CONTAINER
2026-07-16 15:34:52 | SUCCESS  |   ✓ [B362] 370205 — WH02, WT01 DITAMBAH
2026-07-16 15:34:52 | INFO     | [  11/57]  370205  →  Plant: B363
2026-07-16 15:34:52 | DEBUG    |   Isi Material: 370205
2026-07-16 15:34:54 | DEBUG    |   Isi Plant: B363
2026-07-16 15:34:58 | DEBUG    |   [DEBUG] Mundur ke-1: 'WH01'
2026-07-16 15:34:58 | DEBUG    |   [DEBUG] Mundur ke-2: ''
2026-07-16 15:34:58 | DEBUG    |   [DEBUG] SLoc yang terbaca: ['WH01']
2026-07-16 15:34:58 | INFO     |   Isi SLoc yang belum ada: WH02, WT01
2026-07-16 15:34:59 | DEBUG    |   SLoc baru: WH02
2026-07-16 15:35:00 | DEBUG    |   SLoc baru: WT01
2026-07-16 15:35:01 | DEBUG    |   [DEBUG] Jumlah elemen terbaca: 22
2026-07-16 15:35:01 | DEBUG    |   [DEBUG] Status text: [WINDOWCONTROL:NAME]ENTER STORAGE LOCATIONS COLLECTIVELY: LIST | [BUTTONCONTROL:NAME]OPEN | [BUTTONCONTROL:NAME]DELETE | [LEGACY:DESC]DELETE   (SHIFT+F2) | [LEGACY:VALUE]ENTER STORAGE LOCATIONS COLLECTIVELY: LIST | [LEGACY:DESC]DISPLAYS THE NAME OF THE WINDOW AND CONTAINS CONTROLS TO MANIPULATE IT | [MENUBARCONTROL:NAME]SYSTEM | [LEGACY:DESC]CONTAINS COMMANDS TO MANIPULATE THE WINDOW | [MENUITEMCONTROL:NAME]SYSTEM | [BUTTONCONTROL:NAME]MINIMIZE | [LEGACY:DESC]MOVES THE WINDOW OUT OF THE WAY | [BUTTONCONTROL:NAME]MAXIMIZE | [LEGACY:DESC]MAKES THE WINDOW FULL SCREEN | [BUTTONCONTROL:NAME]CLOSE | [LEGACY:DESC]CLOSES THE WINDOW | CUSTOM  CONTAINER | CONTROL  CONTAINER | CUSTOM  CONTAINER | CONTROL  CONTAINER | SAP'S ADVANCED TREELIST | CUSTOM  CONTAINER | CONTROL  CONTAINER
2026-07-16 15:35:03 | SUCCESS  |   ✓ [B363] 370205 — WH02, WT01 DITAMBAH
2026-07-16 15:35:03 | INFO     | [  12/57]  370205  →  Plant: B364
2026-07-16 15:35:03 | DEBUG    |   Isi Material: 370205
2026-07-16 15:35:05 | DEBUG    |   Isi Plant: B364
2026-07-16 15:35:08 | DEBUG    |   [DEBUG] Mundur ke-1: 'WH01'
2026-07-16 15:35:09 | DEBUG    |   [DEBUG] Mundur ke-2: ''
2026-07-16 15:35:09 | DEBUG    |   [DEBUG] SLoc yang terbaca: ['WH01']
2026-07-16 15:35:09 | INFO     |   Isi SLoc yang belum ada: WH02, WT01
2026-07-16 15:35:10 | DEBUG    |   SLoc baru: WH02
2026-07-16 15:35:11 | DEBUG    |   SLoc baru: WT01
2026-07-16 15:35:12 | DEBUG    |   [DEBUG] Jumlah elemen terbaca: 22
2026-07-16 15:35:12 | DEBUG    |   [DEBUG] Status text: [WINDOWCONTROL:NAME]ENTER STORAGE LOCATIONS COLLECTIVELY: LIST | [BUTTONCONTROL:NAME]OPEN | [BUTTONCONTROL:NAME]DELETE | [LEGACY:DESC]DELETE   (SHIFT+F2) | [LEGACY:VALUE]ENTER STORAGE LOCATIONS COLLECTIVELY: LIST | [LEGACY:DESC]DISPLAYS THE NAME OF THE WINDOW AND CONTAINS CONTROLS TO MANIPULATE IT | [MENUBARCONTROL:NAME]SYSTEM | [LEGACY:DESC]CONTAINS COMMANDS TO MANIPULATE THE WINDOW | [MENUITEMCONTROL:NAME]SYSTEM | [BUTTONCONTROL:NAME]MINIMIZE | [LEGACY:DESC]MOVES THE WINDOW OUT OF THE WAY | [BUTTONCONTROL:NAME]MAXIMIZE | [LEGACY:DESC]MAKES THE WINDOW FULL SCREEN | [BUTTONCONTROL:NAME]CLOSE | [LEGACY:DESC]CLOSES THE WINDOW | CUSTOM  CONTAINER | CONTROL  CONTAINER | CUSTOM  CONTAINER | CONTROL  CONTAINER | SAP'S ADVANCED TREELIST | CUSTOM  CONTAINER | CONTROL  CONTAINER
2026-07-16 15:35:14 | SUCCESS  |   ✓ [B364] 370205 — WH02, WT01 DITAMBAH
2026-07-16 15:35:14 | INFO     | [  13/57]  370205  →  Plant: B365
2026-07-16 15:35:14 | DEBUG    |   Isi Material: 370205
2026-07-16 15:35:16 | DEBUG    |   Isi Plant: B365
2026-07-16 15:35:19 | DEBUG    |   [DEBUG] Mundur ke-1: 'WH01'
2026-07-16 15:35:20 | DEBUG    |   [DEBUG] Mundur ke-2: ''
2026-07-16 15:35:20 | DEBUG    |   [DEBUG] SLoc yang terbaca: ['WH01']
2026-07-16 15:35:20 | INFO     |   Isi SLoc yang belum ada: WH02, WT01
2026-07-16 15:35:21 | DEBUG    |   SLoc baru: WH02
2026-07-16 15:35:21 | DEBUG    |   SLoc baru: WT01
2026-07-16 15:35:23 | DEBUG    |   [DEBUG] Jumlah elemen terbaca: 22
2026-07-16 15:35:23 | DEBUG    |   [DEBUG] Status text: [WINDOWCONTROL:NAME]ENTER STORAGE LOCATIONS COLLECTIVELY: LIST | [BUTTONCONTROL:NAME]OPEN | [BUTTONCONTROL:NAME]DELETE | [LEGACY:DESC]DELETE   (SHIFT+F2) | [LEGACY:VALUE]ENTER STORAGE LOCATIONS COLLECTIVELY: LIST | [LEGACY:DESC]DISPLAYS THE NAME OF THE WINDOW AND CONTAINS CONTROLS TO MANIPULATE IT | [MENUBARCONTROL:NAME]SYSTEM | [LEGACY:DESC]CONTAINS COMMANDS TO MANIPULATE THE WINDOW | [MENUITEMCONTROL:NAME]SYSTEM | [BUTTONCONTROL:NAME]MINIMIZE | [LEGACY:DESC]MOVES THE WINDOW OUT OF THE WAY | [BUTTONCONTROL:NAME]MAXIMIZE | [LEGACY:DESC]MAKES THE WINDOW FULL SCREEN | [BUTTONCONTROL:NAME]CLOSE | [LEGACY:DESC]CLOSES THE WINDOW | CUSTOM  CONTAINER | CONTROL  CONTAINER | CUSTOM  CONTAINER | CONTROL  CONTAINER | SAP'S ADVANCED TREELIST | CUSTOM  CONTAINER | CONTROL  CONTAINER
2026-07-16 15:35:25 | SUCCESS  |   ✓ [B365] 370205 — WH02, WT01 DITAMBAH
2026-07-16 15:35:25 | INFO     | [  14/57]  370205  →  Plant: B366
2026-07-16 15:35:25 | DEBUG    |   Isi Material: 370205
2026-07-16 15:35:26 | DEBUG    |   Isi Plant: B366
2026-07-16 15:35:30 | DEBUG    |   [DEBUG] Mundur ke-1: 'WH01'
2026-07-16 15:35:31 | DEBUG    |   [DEBUG] Mundur ke-2: ''
2026-07-16 15:35:31 | DEBUG    |   [DEBUG] SLoc yang terbaca: ['WH01']
2026-07-16 15:35:31 | INFO     |   Isi SLoc yang belum ada: WH02, WT01
2026-07-16 15:35:31 | DEBUG    |   SLoc baru: WH02
2026-07-16 15:35:32 | DEBUG    |   SLoc baru: WT01
2026-07-16 15:35:33 | DEBUG    |   [DEBUG] Jumlah elemen terbaca: 22
2026-07-16 15:35:33 | DEBUG    |   [DEBUG] Status text: [WINDOWCONTROL:NAME]ENTER STORAGE LOCATIONS COLLECTIVELY: LIST | [BUTTONCONTROL:NAME]OPEN | [BUTTONCONTROL:NAME]DELETE | [LEGACY:DESC]DELETE   (SHIFT+F2) | [LEGACY:VALUE]ENTER STORAGE LOCATIONS COLLECTIVELY: LIST | [LEGACY:DESC]DISPLAYS THE NAME OF THE WINDOW AND CONTAINS CONTROLS TO MANIPULATE IT | [MENUBARCONTROL:NAME]SYSTEM | [LEGACY:DESC]CONTAINS COMMANDS TO MANIPULATE THE WINDOW | [MENUITEMCONTROL:NAME]SYSTEM | [BUTTONCONTROL:NAME]MINIMIZE | [LEGACY:DESC]MOVES THE WINDOW OUT OF THE WAY | [BUTTONCONTROL:NAME]MAXIMIZE | [LEGACY:DESC]MAKES THE WINDOW FULL SCREEN | [BUTTONCONTROL:NAME]CLOSE | [LEGACY:DESC]CLOSES THE WINDOW | CUSTOM  CONTAINER | CONTROL  CONTAINER | CUSTOM  CONTAINER | CONTROL  CONTAINER | SAP'S ADVANCED TREELIST | CUSTOM  CONTAINER | CONTROL  CONTAINER
2026-07-16 15:35:35 | SUCCESS  |   ✓ [B366] 370205 — WH02, WT01 DITAMBAH
2026-07-16 15:35:35 | INFO     | [  15/57]  370205  →  Plant: B367
2026-07-16 15:35:35 | DEBUG    |   Isi Material: 370205
2026-07-16 15:35:37 | DEBUG    |   Isi Plant: B367
2026-07-16 15:35:41 | DEBUG    |   [DEBUG] Mundur ke-1: 'WH01'
2026-07-16 15:35:41 | DEBUG    |   [DEBUG] Mundur ke-2: ''
2026-07-16 15:35:42 | DEBUG    |   [DEBUG] SLoc yang terbaca: ['WH01']
2026-07-16 15:35:42 | INFO     |   Isi SLoc yang belum ada: WH02, WT01
2026-07-16 15:35:42 | DEBUG    |   SLoc baru: WH02
2026-07-16 15:35:43 | DEBUG    |   SLoc baru: WT01
2026-07-16 15:35:44 | DEBUG    |   [DEBUG] Jumlah elemen terbaca: 22
2026-07-16 15:35:44 | DEBUG    |   [DEBUG] Status text: [WINDOWCONTROL:NAME]ENTER STORAGE LOCATIONS COLLECTIVELY: LIST | [BUTTONCONTROL:NAME]OPEN | [BUTTONCONTROL:NAME]DELETE | [LEGACY:DESC]DELETE   (SHIFT+F2) | [LEGACY:VALUE]ENTER STORAGE LOCATIONS COLLECTIVELY: LIST | [LEGACY:DESC]DISPLAYS THE NAME OF THE WINDOW AND CONTAINS CONTROLS TO MANIPULATE IT | [MENUBARCONTROL:NAME]SYSTEM | [LEGACY:DESC]CONTAINS COMMANDS TO MANIPULATE THE WINDOW | [MENUITEMCONTROL:NAME]SYSTEM | [BUTTONCONTROL:NAME]MINIMIZE | [LEGACY:DESC]MOVES THE WINDOW OUT OF THE WAY | [BUTTONCONTROL:NAME]MAXIMIZE | [LEGACY:DESC]MAKES THE WINDOW FULL SCREEN | [BUTTONCONTROL:NAME]CLOSE | [LEGACY:DESC]CLOSES THE WINDOW | CUSTOM  CONTAINER | CONTROL  CONTAINER | CUSTOM  CONTAINER | CONTROL  CONTAINER | SAP'S ADVANCED TREELIST | CUSTOM  CONTAINER | CONTROL  CONTAINER
2026-07-16 15:35:46 | SUCCESS  |   ✓ [B367] 370205 — WH02, WT01 DITAMBAH
2026-07-16 15:35:46 | INFO     | [  16/57]  370205  →  Plant: B368
2026-07-16 15:35:46 | DEBUG    |   Isi Material: 370205
2026-07-16 15:35:48 | DEBUG    |   Isi Plant: B368
2026-07-16 15:35:52 | DEBUG    |   [DEBUG] Mundur ke-1: 'WH01'
2026-07-16 15:35:52 | DEBUG    |   [DEBUG] Mundur ke-2: ''
2026-07-16 15:35:52 | DEBUG    |   [DEBUG] SLoc yang terbaca: ['WH01']
2026-07-16 15:35:52 | INFO     |   Isi SLoc yang belum ada: WH02, WT01
2026-07-16 15:35:53 | DEBUG    |   SLoc baru: WH02
2026-07-16 15:35:54 | DEBUG    |   SLoc baru: WT01
2026-07-16 15:35:55 | DEBUG    |   [DEBUG] Jumlah elemen terbaca: 22
2026-07-16 15:35:55 | DEBUG    |   [DEBUG] Status text: [WINDOWCONTROL:NAME]ENTER STORAGE LOCATIONS COLLECTIVELY: LIST | [BUTTONCONTROL:NAME]OPEN | [BUTTONCONTROL:NAME]DELETE | [LEGACY:DESC]DELETE   (SHIFT+F2) | [LEGACY:VALUE]ENTER STORAGE LOCATIONS COLLECTIVELY: LIST | [LEGACY:DESC]DISPLAYS THE NAME OF THE WINDOW AND CONTAINS CONTROLS TO MANIPULATE IT | [MENUBARCONTROL:NAME]SYSTEM | [LEGACY:DESC]CONTAINS COMMANDS TO MANIPULATE THE WINDOW | [MENUITEMCONTROL:NAME]SYSTEM | [BUTTONCONTROL:NAME]MINIMIZE | [LEGACY:DESC]MOVES THE WINDOW OUT OF THE WAY | [BUTTONCONTROL:NAME]MAXIMIZE | [LEGACY:DESC]MAKES THE WINDOW FULL SCREEN | [BUTTONCONTROL:NAME]CLOSE | [LEGACY:DESC]CLOSES THE WINDOW | CUSTOM  CONTAINER | CONTROL  CONTAINER | CUSTOM  CONTAINER | CONTROL  CONTAINER | SAP'S ADVANCED TREELIST | CUSTOM  CONTAINER | CONTROL  CONTAINER
2026-07-16 15:35:57 | SUCCESS  |   ✓ [B368] 370205 — WH02, WT01 DITAMBAH
2026-07-16 15:35:57 | INFO     | [  17/57]  370205  →  Plant: B369
2026-07-16 15:35:57 | DEBUG    |   Isi Material: 370205
2026-07-16 15:35:59 | DEBUG    |   Isi Plant: B369
2026-07-16 15:36:02 | DEBUG    |   [DEBUG] Mundur ke-1: 'WH01'
2026-07-16 15:36:03 | DEBUG    |   [DEBUG] Mundur ke-2: ''
2026-07-16 15:36:03 | DEBUG    |   [DEBUG] SLoc yang terbaca: ['WH01']
2026-07-16 15:36:03 | INFO     |   Isi SLoc yang belum ada: WH02, WT01
2026-07-16 15:36:04 | DEBUG    |   SLoc baru: WH02
2026-07-16 15:36:05 | DEBUG    |   SLoc baru: WT01
2026-07-16 15:36:06 | DEBUG    |   [DEBUG] Jumlah elemen terbaca: 22
2026-07-16 15:36:06 | DEBUG    |   [DEBUG] Status text: [WINDOWCONTROL:NAME]ENTER STORAGE LOCATIONS COLLECTIVELY: LIST | [BUTTONCONTROL:NAME]OPEN | [BUTTONCONTROL:NAME]DELETE | [LEGACY:DESC]DELETE   (SHIFT+F2) | [LEGACY:VALUE]ENTER STORAGE LOCATIONS COLLECTIVELY: LIST | [LEGACY:DESC]DISPLAYS THE NAME OF THE WINDOW AND CONTAINS CONTROLS TO MANIPULATE IT | [MENUBARCONTROL:NAME]SYSTEM | [LEGACY:DESC]CONTAINS COMMANDS TO MANIPULATE THE WINDOW | [MENUITEMCONTROL:NAME]SYSTEM | [BUTTONCONTROL:NAME]MINIMIZE | [LEGACY:DESC]MOVES THE WINDOW OUT OF THE WAY | [BUTTONCONTROL:NAME]MAXIMIZE | [LEGACY:DESC]MAKES THE WINDOW FULL SCREEN | [BUTTONCONTROL:NAME]CLOSE | [LEGACY:DESC]CLOSES THE WINDOW | CUSTOM  CONTAINER | CONTROL  CONTAINER | CUSTOM  CONTAINER | CONTROL  CONTAINER | SAP'S ADVANCED TREELIST | CUSTOM  CONTAINER | CONTROL  CONTAINER
2026-07-16 15:36:08 | SUCCESS  |   ✓ [B369] 370205 — WH02, WT01 DITAMBAH
2026-07-16 15:36:08 | INFO     | [  18/57]  370205  →  Plant: B373
2026-07-16 15:36:08 | DEBUG    |   Isi Material: 370205
2026-07-16 15:36:09 | DEBUG    |   Isi Plant: B373
2026-07-16 15:36:13 | DEBUG    |   [DEBUG] Mundur ke-1: 'WH01'
2026-07-16 15:36:14 | DEBUG    |   [DEBUG] Mundur ke-2: ''
2026-07-16 15:36:14 | DEBUG    |   [DEBUG] SLoc yang terbaca: ['WH01']
2026-07-16 15:36:14 | INFO     |   Isi SLoc yang belum ada: WH02, WT01
2026-07-16 15:36:14 | DEBUG    |   SLoc baru: WH02
2026-07-16 15:36:15 | DEBUG    |   SLoc baru: WT01
2026-07-16 15:36:16 | DEBUG    |   [DEBUG] Jumlah elemen terbaca: 22
2026-07-16 15:36:16 | DEBUG    |   [DEBUG] Status text: [WINDOWCONTROL:NAME]ENTER STORAGE LOCATIONS COLLECTIVELY: LIST | [BUTTONCONTROL:NAME]OPEN | [BUTTONCONTROL:NAME]DELETE | [LEGACY:DESC]DELETE   (SHIFT+F2) | [LEGACY:VALUE]ENTER STORAGE LOCATIONS COLLECTIVELY: LIST | [LEGACY:DESC]DISPLAYS THE NAME OF THE WINDOW AND CONTAINS CONTROLS TO MANIPULATE IT | [MENUBARCONTROL:NAME]SYSTEM | [LEGACY:DESC]CONTAINS COMMANDS TO MANIPULATE THE WINDOW | [MENUITEMCONTROL:NAME]SYSTEM | [BUTTONCONTROL:NAME]MINIMIZE | [LEGACY:DESC]MOVES THE WINDOW OUT OF THE WAY | [BUTTONCONTROL:NAME]MAXIMIZE | [LEGACY:DESC]MAKES THE WINDOW FULL SCREEN | [BUTTONCONTROL:NAME]CLOSE | [LEGACY:DESC]CLOSES THE WINDOW | CUSTOM  CONTAINER | CONTROL  CONTAINER | CUSTOM  CONTAINER | CONTROL  CONTAINER | SAP'S ADVANCED TREELIST | CUSTOM  CONTAINER | CONTROL  CONTAINER
2026-07-16 15:36:18 | SUCCESS  |   ✓ [B373] 370205 — WH02, WT01 DITAMBAH
2026-07-16 15:36:18 | INFO     | [  19/57]  370205  →  Plant: B394
2026-07-16 15:36:18 | DEBUG    |   Isi Material: 370205
2026-07-16 15:36:20 | DEBUG    |   Isi Plant: B394
2026-07-16 15:36:24 | DEBUG    |   [DEBUG] Mundur ke-1: 'WH01'
2026-07-16 15:36:24 | DEBUG    |   [DEBUG] Mundur ke-2: ''
2026-07-16 15:36:25 | DEBUG    |   [DEBUG] SLoc yang terbaca: ['WH01']
2026-07-16 15:36:25 | INFO     |   Isi SLoc yang belum ada: WH02, WT01
2026-07-16 15:36:25 | DEBUG    |   SLoc baru: WH02
2026-07-16 15:36:26 | DEBUG    |   SLoc baru: WT01
2026-07-16 15:36:27 | DEBUG    |   [DEBUG] Jumlah elemen terbaca: 22
2026-07-16 15:36:27 | DEBUG    |   [DEBUG] Status text: [WINDOWCONTROL:NAME]ENTER STORAGE LOCATIONS COLLECTIVELY: LIST | [BUTTONCONTROL:NAME]OPEN | [BUTTONCONTROL:NAME]DELETE | [LEGACY:DESC]DELETE   (SHIFT+F2) | [LEGACY:VALUE]ENTER STORAGE LOCATIONS COLLECTIVELY: LIST | [LEGACY:DESC]DISPLAYS THE NAME OF THE WINDOW AND CONTAINS CONTROLS TO MANIPULATE IT | [MENUBARCONTROL:NAME]SYSTEM | [LEGACY:DESC]CONTAINS COMMANDS TO MANIPULATE THE WINDOW | [MENUITEMCONTROL:NAME]SYSTEM | [BUTTONCONTROL:NAME]MINIMIZE | [LEGACY:DESC]MOVES THE WINDOW OUT OF THE WAY | [BUTTONCONTROL:NAME]MAXIMIZE | [LEGACY:DESC]MAKES THE WINDOW FULL SCREEN | [BUTTONCONTROL:NAME]CLOSE | [LEGACY:DESC]CLOSES THE WINDOW | CUSTOM  CONTAINER | CONTROL  CONTAINER | CUSTOM  CONTAINER | CONTROL  CONTAINER | SAP'S ADVANCED TREELIST | CUSTOM  CONTAINER | CONTROL  CONTAINER
2026-07-16 15:36:29 | SUCCESS  |   ✓ [B394] 370205 — WH02, WT01 DITAMBAH
2026-07-16 15:36:29 | INFO     | [  20/57]  370206  →  Plant: B351
2026-07-16 15:36:29 | DEBUG    |   Isi Material: 370206
2026-07-16 15:36:31 | DEBUG    |   Isi Plant: B351
2026-07-16 15:36:34 | DEBUG    |   [DEBUG] Mundur ke-1: 'WH01'
2026-07-16 15:36:35 | DEBUG    |   [DEBUG] Mundur ke-2: ''
2026-07-16 15:36:35 | DEBUG    |   [DEBUG] SLoc yang terbaca: ['WH01']
2026-07-16 15:36:35 | INFO     |   Isi SLoc yang belum ada: WH02, WT01
2026-07-16 15:36:36 | DEBUG    |   SLoc baru: WH02
2026-07-16 15:36:37 | DEBUG    |   SLoc baru: WT01
2026-07-16 15:36:38 | DEBUG    |   [DEBUG] Jumlah elemen terbaca: 22
2026-07-16 15:36:38 | DEBUG    |   [DEBUG] Status text: [WINDOWCONTROL:NAME]ENTER STORAGE LOCATIONS COLLECTIVELY: LIST | [BUTTONCONTROL:NAME]OPEN | [BUTTONCONTROL:NAME]DELETE | [LEGACY:DESC]DELETE   (SHIFT+F2) | [LEGACY:VALUE]ENTER STORAGE LOCATIONS COLLECTIVELY: LIST | [LEGACY:DESC]DISPLAYS THE NAME OF THE WINDOW AND CONTAINS CONTROLS TO MANIPULATE IT | [MENUBARCONTROL:NAME]SYSTEM | [LEGACY:DESC]CONTAINS COMMANDS TO MANIPULATE THE WINDOW | [MENUITEMCONTROL:NAME]SYSTEM | [BUTTONCONTROL:NAME]MINIMIZE | [LEGACY:DESC]MOVES THE WINDOW OUT OF THE WAY | [BUTTONCONTROL:NAME]MAXIMIZE | [LEGACY:DESC]MAKES THE WINDOW FULL SCREEN | [BUTTONCONTROL:NAME]CLOSE | [LEGACY:DESC]CLOSES THE WINDOW | CUSTOM  CONTAINER | CONTROL  CONTAINER | CUSTOM  CONTAINER | CONTROL  CONTAINER | SAP'S ADVANCED TREELIST | CUSTOM  CONTAINER | CONTROL  CONTAINER
2026-07-16 15:36:40 | SUCCESS  |   ✓ [B351] 370206 — WH02, WT01 DITAMBAH
2026-07-16 15:36:40 | INFO     | [  21/57]  370206  →  Plant: B352
2026-07-16 15:36:40 | DEBUG    |   Isi Material: 370206
2026-07-16 15:36:42 | DEBUG    |   Isi Plant: B352
2026-07-16 15:36:45 | DEBUG    |   [DEBUG] Mundur ke-1: 'WH01'
2026-07-16 15:36:46 | DEBUG    |   [DEBUG] Mundur ke-2: ''
2026-07-16 15:36:46 | DEBUG    |   [DEBUG] SLoc yang terbaca: ['WH01']
2026-07-16 15:36:46 | INFO     |   Isi SLoc yang belum ada: WH02, WT01
2026-07-16 15:36:47 | DEBUG    |   SLoc baru: WH02
2026-07-16 15:36:48 | DEBUG    |   SLoc baru: WT01
2026-07-16 15:36:49 | DEBUG    |   [DEBUG] Jumlah elemen terbaca: 22
2026-07-16 15:36:49 | DEBUG    |   [DEBUG] Status text: [WINDOWCONTROL:NAME]ENTER STORAGE LOCATIONS COLLECTIVELY: LIST | [BUTTONCONTROL:NAME]OPEN | [BUTTONCONTROL:NAME]DELETE | [LEGACY:DESC]DELETE   (SHIFT+F2) | [LEGACY:VALUE]ENTER STORAGE LOCATIONS COLLECTIVELY: LIST | [LEGACY:DESC]DISPLAYS THE NAME OF THE WINDOW AND CONTAINS CONTROLS TO MANIPULATE IT | [MENUBARCONTROL:NAME]SYSTEM | [LEGACY:DESC]CONTAINS COMMANDS TO MANIPULATE THE WINDOW | [MENUITEMCONTROL:NAME]SYSTEM | [BUTTONCONTROL:NAME]MINIMIZE | [LEGACY:DESC]MOVES THE WINDOW OUT OF THE WAY | [BUTTONCONTROL:NAME]MAXIMIZE | [LEGACY:DESC]MAKES THE WINDOW FULL SCREEN | [BUTTONCONTROL:NAME]CLOSE | [LEGACY:DESC]CLOSES THE WINDOW | CUSTOM  CONTAINER | CONTROL  CONTAINER | CUSTOM  CONTAINER | CONTROL  CONTAINER | SAP'S ADVANCED TREELIST | CUSTOM  CONTAINER | CONTROL  CONTAINER
2026-07-16 15:36:51 | SUCCESS  |   ✓ [B352] 370206 — WH02, WT01 DITAMBAH
2026-07-16 15:36:51 | INFO     | [  22/57]  370206  →  Plant: B353
2026-07-16 15:36:51 | DEBUG    |   Isi Material: 370206
2026-07-16 15:36:53 | DEBUG    |   Isi Plant: B353
2026-07-16 15:36:56 | DEBUG    |   [DEBUG] Mundur ke-1: 'WH01'
2026-07-16 15:36:57 | DEBUG    |   [DEBUG] Mundur ke-2: ''
2026-07-16 15:36:57 | DEBUG    |   [DEBUG] SLoc yang terbaca: ['WH01']
2026-07-16 15:36:57 | INFO     |   Isi SLoc yang belum ada: WH02, WT01
2026-07-16 15:36:57 | DEBUG    |   SLoc baru: WH02
2026-07-16 15:36:58 | DEBUG    |   SLoc baru: WT01
2026-07-16 15:36:59 | DEBUG    |   [DEBUG] Jumlah elemen terbaca: 22
2026-07-16 15:36:59 | DEBUG    |   [DEBUG] Status text: [WINDOWCONTROL:NAME]ENTER STORAGE LOCATIONS COLLECTIVELY: LIST | [BUTTONCONTROL:NAME]OPEN | [BUTTONCONTROL:NAME]DELETE | [LEGACY:DESC]DELETE   (SHIFT+F2) | [LEGACY:VALUE]ENTER STORAGE LOCATIONS COLLECTIVELY: LIST | [LEGACY:DESC]DISPLAYS THE NAME OF THE WINDOW AND CONTAINS CONTROLS TO MANIPULATE IT | [MENUBARCONTROL:NAME]SYSTEM | [LEGACY:DESC]CONTAINS COMMANDS TO MANIPULATE THE WINDOW | [MENUITEMCONTROL:NAME]SYSTEM | [BUTTONCONTROL:NAME]MINIMIZE | [LEGACY:DESC]MOVES THE WINDOW OUT OF THE WAY | [BUTTONCONTROL:NAME]MAXIMIZE | [LEGACY:DESC]MAKES THE WINDOW FULL SCREEN | [BUTTONCONTROL:NAME]CLOSE | [LEGACY:DESC]CLOSES THE WINDOW | CUSTOM  CONTAINER | CONTROL  CONTAINER | CUSTOM  CONTAINER | CONTROL  CONTAINER | SAP'S ADVANCED TREELIST | CUSTOM  CONTAINER | CONTROL  CONTAINER
2026-07-16 15:37:02 | SUCCESS  |   ✓ [B353] 370206 — WH02, WT01 DITAMBAH
2026-07-16 15:37:02 | INFO     | [  23/57]  370206  →  Plant: B354
2026-07-16 15:37:02 | DEBUG    |   Isi Material: 370206
2026-07-16 15:37:03 | DEBUG    |   Isi Plant: B354
2026-07-16 15:37:07 | DEBUG    |   [DEBUG] Mundur ke-1: 'WH01'
2026-07-16 15:37:07 | DEBUG    |   [DEBUG] Mundur ke-2: ''
2026-07-16 15:37:08 | DEBUG    |   [DEBUG] SLoc yang terbaca: ['WH01']
2026-07-16 15:37:08 | INFO     |   Isi SLoc yang belum ada: WH02, WT01
2026-07-16 15:37:08 | DEBUG    |   SLoc baru: WH02
2026-07-16 15:37:09 | DEBUG    |   SLoc baru: WT01
2026-07-16 15:37:10 | DEBUG    |   [DEBUG] Jumlah elemen terbaca: 22
2026-07-16 15:37:10 | DEBUG    |   [DEBUG] Status text: [WINDOWCONTROL:NAME]ENTER STORAGE LOCATIONS COLLECTIVELY: LIST | [BUTTONCONTROL:NAME]OPEN | [BUTTONCONTROL:NAME]DELETE | [LEGACY:DESC]DELETE   (SHIFT+F2) | [LEGACY:VALUE]ENTER STORAGE LOCATIONS COLLECTIVELY: LIST | [LEGACY:DESC]DISPLAYS THE NAME OF THE WINDOW AND CONTAINS CONTROLS TO MANIPULATE IT | [MENUBARCONTROL:NAME]SYSTEM | [LEGACY:DESC]CONTAINS COMMANDS TO MANIPULATE THE WINDOW | [MENUITEMCONTROL:NAME]SYSTEM | [BUTTONCONTROL:NAME]MINIMIZE | [LEGACY:DESC]MOVES THE WINDOW OUT OF THE WAY | [BUTTONCONTROL:NAME]MAXIMIZE | [LEGACY:DESC]MAKES THE WINDOW FULL SCREEN | [BUTTONCONTROL:NAME]CLOSE | [LEGACY:DESC]CLOSES THE WINDOW | CUSTOM  CONTAINER | CONTROL  CONTAINER | CUSTOM  CONTAINER | CONTROL  CONTAINER | SAP'S ADVANCED TREELIST | CUSTOM  CONTAINER | CONTROL  CONTAINER
2026-07-16 15:37:12 | SUCCESS  |   ✓ [B354] 370206 — WH02, WT01 DITAMBAH
2026-07-16 15:37:12 | INFO     | [  24/57]  370206  →  Plant: B356
2026-07-16 15:37:12 | DEBUG    |   Isi Material: 370206
2026-07-16 15:37:14 | DEBUG    |   Isi Plant: B356
2026-07-16 15:37:18 | DEBUG    |   [DEBUG] Mundur ke-1: 'WH01'
2026-07-16 15:37:18 | DEBUG    |   [DEBUG] Mundur ke-2: ''
2026-07-16 15:37:18 | DEBUG    |   [DEBUG] SLoc yang terbaca: ['WH01']
2026-07-16 15:37:18 | INFO     |   Isi SLoc yang belum ada: WH02, WT01
2026-07-16 15:37:19 | DEBUG    |   SLoc baru: WH02
2026-07-16 15:37:20 | DEBUG    |   SLoc baru: WT01
2026-07-16 15:37:21 | DEBUG    |   [DEBUG] Jumlah elemen terbaca: 22
2026-07-16 15:37:21 | DEBUG    |   [DEBUG] Status text: [WINDOWCONTROL:NAME]ENTER STORAGE LOCATIONS COLLECTIVELY: LIST | [BUTTONCONTROL:NAME]OPEN | [BUTTONCONTROL:NAME]DELETE | [LEGACY:DESC]DELETE   (SHIFT+F2) | [LEGACY:VALUE]ENTER STORAGE LOCATIONS COLLECTIVELY: LIST | [LEGACY:DESC]DISPLAYS THE NAME OF THE WINDOW AND CONTAINS CONTROLS TO MANIPULATE IT | [MENUBARCONTROL:NAME]SYSTEM | [LEGACY:DESC]CONTAINS COMMANDS TO MANIPULATE THE WINDOW | [MENUITEMCONTROL:NAME]SYSTEM | [BUTTONCONTROL:NAME]MINIMIZE | [LEGACY:DESC]MOVES THE WINDOW OUT OF THE WAY | [BUTTONCONTROL:NAME]MAXIMIZE | [LEGACY:DESC]MAKES THE WINDOW FULL SCREEN | [BUTTONCONTROL:NAME]CLOSE | [LEGACY:DESC]CLOSES THE WINDOW | CUSTOM  CONTAINER | CONTROL  CONTAINER | CUSTOM  CONTAINER | CONTROL  CONTAINER | SAP'S ADVANCED TREELIST | CUSTOM  CONTAINER | CONTROL  CONTAINER
2026-07-16 15:37:23 | SUCCESS  |   ✓ [B356] 370206 — WH02, WT01 DITAMBAH
2026-07-16 15:37:23 | INFO     | [  25/57]  370206  →  Plant: B357
2026-07-16 15:37:23 | DEBUG    |   Isi Material: 370206
2026-07-16 15:37:25 | DEBUG    |   Isi Plant: B357
2026-07-16 15:37:29 | DEBUG    |   [DEBUG] Mundur ke-1: 'WH01'
2026-07-16 15:37:29 | DEBUG    |   [DEBUG] Mundur ke-2: ''
2026-07-16 15:37:29 | DEBUG    |   [DEBUG] SLoc yang terbaca: ['WH01']
2026-07-16 15:37:29 | INFO     |   Isi SLoc yang belum ada: WH02, WT01
2026-07-16 15:37:30 | DEBUG    |   SLoc baru: WH02
2026-07-16 15:37:31 | DEBUG    |   SLoc baru: WT01
2026-07-16 15:37:32 | DEBUG    |   [DEBUG] Jumlah elemen terbaca: 22
2026-07-16 15:37:32 | DEBUG    |   [DEBUG] Status text: [WINDOWCONTROL:NAME]ENTER STORAGE LOCATIONS COLLECTIVELY: LIST | [BUTTONCONTROL:NAME]OPEN | [BUTTONCONTROL:NAME]DELETE | [LEGACY:DESC]DELETE   (SHIFT+F2) | [LEGACY:VALUE]ENTER STORAGE LOCATIONS COLLECTIVELY: LIST | [LEGACY:DESC]DISPLAYS THE NAME OF THE WINDOW AND CONTAINS CONTROLS TO MANIPULATE IT | [MENUBARCONTROL:NAME]SYSTEM | [LEGACY:DESC]CONTAINS COMMANDS TO MANIPULATE THE WINDOW | [MENUITEMCONTROL:NAME]SYSTEM | [BUTTONCONTROL:NAME]MINIMIZE | [LEGACY:DESC]MOVES THE WINDOW OUT OF THE WAY | [BUTTONCONTROL:NAME]MAXIMIZE | [LEGACY:DESC]MAKES THE WINDOW FULL SCREEN | [BUTTONCONTROL:NAME]CLOSE | [LEGACY:DESC]CLOSES THE WINDOW | CUSTOM  CONTAINER | CONTROL  CONTAINER | CUSTOM  CONTAINER | CONTROL  CONTAINER | SAP'S ADVANCED TREELIST | CUSTOM  CONTAINER | CONTROL  CONTAINER
2026-07-16 15:37:34 | SUCCESS  |   ✓ [B357] 370206 — WH02, WT01 DITAMBAH
2026-07-16 15:37:34 | INFO     | [  26/57]  370206  →  Plant: B358
2026-07-16 15:37:34 | DEBUG    |   Isi Material: 370206
2026-07-16 15:37:36 | DEBUG    |   Isi Plant: B358
2026-07-16 15:37:39 | DEBUG    |   [DEBUG] Mundur ke-1: 'WH01'
2026-07-16 15:37:40 | DEBUG    |   [DEBUG] Mundur ke-2: ''
2026-07-16 15:37:40 | DEBUG    |   [DEBUG] SLoc yang terbaca: ['WH01']
2026-07-16 15:37:40 | INFO     |   Isi SLoc yang belum ada: WH02, WT01
2026-07-16 15:37:41 | DEBUG    |   SLoc baru: WH02
2026-07-16 15:37:42 | DEBUG    |   SLoc baru: WT01
2026-07-16 15:37:43 | DEBUG    |   [DEBUG] Jumlah elemen terbaca: 22
2026-07-16 15:37:43 | DEBUG    |   [DEBUG] Status text: [WINDOWCONTROL:NAME]ENTER STORAGE LOCATIONS COLLECTIVELY: LIST | [BUTTONCONTROL:NAME]OPEN | [BUTTONCONTROL:NAME]DELETE | [LEGACY:DESC]DELETE   (SHIFT+F2) | [LEGACY:VALUE]ENTER STORAGE LOCATIONS COLLECTIVELY: LIST | [LEGACY:DESC]DISPLAYS THE NAME OF THE WINDOW AND CONTAINS CONTROLS TO MANIPULATE IT | [MENUBARCONTROL:NAME]SYSTEM | [LEGACY:DESC]CONTAINS COMMANDS TO MANIPULATE THE WINDOW | [MENUITEMCONTROL:NAME]SYSTEM | [BUTTONCONTROL:NAME]MINIMIZE | [LEGACY:DESC]MOVES THE WINDOW OUT OF THE WAY | [BUTTONCONTROL:NAME]MAXIMIZE | [LEGACY:DESC]MAKES THE WINDOW FULL SCREEN | [BUTTONCONTROL:NAME]CLOSE | [LEGACY:DESC]CLOSES THE WINDOW | CUSTOM  CONTAINER | CONTROL  CONTAINER | CUSTOM  CONTAINER | CONTROL  CONTAINER | SAP'S ADVANCED TREELIST | CUSTOM  CONTAINER | CONTROL  CONTAINER
2026-07-16 15:37:45 | SUCCESS  |   ✓ [B358] 370206 — WH02, WT01 DITAMBAH
2026-07-16 15:37:45 | INFO     | [  27/57]  370206  →  Plant: B360
2026-07-16 15:37:45 | DEBUG    |   Isi Material: 370206
2026-07-16 15:37:47 | DEBUG    |   Isi Plant: B360
2026-07-16 15:37:50 | DEBUG    |   [DEBUG] Mundur ke-1: 'WH01'
2026-07-16 15:37:51 | DEBUG    |   [DEBUG] Mundur ke-2: ''
2026-07-16 15:37:51 | DEBUG    |   [DEBUG] SLoc yang terbaca: ['WH01']
2026-07-16 15:37:51 | INFO     |   Isi SLoc yang belum ada: WH02, WT01
2026-07-16 15:37:51 | DEBUG    |   SLoc baru: WH02
2026-07-16 15:37:52 | DEBUG    |   SLoc baru: WT01
2026-07-16 15:37:53 | DEBUG    |   [DEBUG] Jumlah elemen terbaca: 22
2026-07-16 15:37:53 | DEBUG    |   [DEBUG] Status text: [WINDOWCONTROL:NAME]ENTER STORAGE LOCATIONS COLLECTIVELY: LIST | [BUTTONCONTROL:NAME]OPEN | [BUTTONCONTROL:NAME]DELETE | [LEGACY:DESC]DELETE   (SHIFT+F2) | [LEGACY:VALUE]ENTER STORAGE LOCATIONS COLLECTIVELY: LIST | [LEGACY:DESC]DISPLAYS THE NAME OF THE WINDOW AND CONTAINS CONTROLS TO MANIPULATE IT | [MENUBARCONTROL:NAME]SYSTEM | [LEGACY:DESC]CONTAINS COMMANDS TO MANIPULATE THE WINDOW | [MENUITEMCONTROL:NAME]SYSTEM | [BUTTONCONTROL:NAME]MINIMIZE | [LEGACY:DESC]MOVES THE WINDOW OUT OF THE WAY | [BUTTONCONTROL:NAME]MAXIMIZE | [LEGACY:DESC]MAKES THE WINDOW FULL SCREEN | [BUTTONCONTROL:NAME]CLOSE | [LEGACY:DESC]CLOSES THE WINDOW | CUSTOM  CONTAINER | CONTROL  CONTAINER | CUSTOM  CONTAINER | CONTROL  CONTAINER | SAP'S ADVANCED TREELIST | CUSTOM  CONTAINER | CONTROL  CONTAINER
2026-07-16 15:37:55 | SUCCESS  |   ✓ [B360] 370206 — WH02, WT01 DITAMBAH
2026-07-16 15:37:55 | INFO     | [  28/57]  370206  →  Plant: B361
2026-07-16 15:37:55 | DEBUG    |   Isi Material: 370206
2026-07-16 15:37:57 | DEBUG    |   Isi Plant: B361
2026-07-16 15:38:01 | DEBUG    |   [DEBUG] Mundur ke-1: 'WH01'
2026-07-16 15:38:01 | DEBUG    |   [DEBUG] Mundur ke-2: ''
2026-07-16 15:38:02 | DEBUG    |   [DEBUG] SLoc yang terbaca: ['WH01']
2026-07-16 15:38:02 | INFO     |   Isi SLoc yang belum ada: WH02, WT01
2026-07-16 15:38:02 | DEBUG    |   SLoc baru: WH02
2026-07-16 15:38:03 | DEBUG    |   SLoc baru: WT01
2026-07-16 15:38:04 | DEBUG    |   [DEBUG] Jumlah elemen terbaca: 22
2026-07-16 15:38:04 | DEBUG    |   [DEBUG] Status text: [WINDOWCONTROL:NAME]ENTER STORAGE LOCATIONS COLLECTIVELY: LIST | [BUTTONCONTROL:NAME]OPEN | [BUTTONCONTROL:NAME]DELETE | [LEGACY:DESC]DELETE   (SHIFT+F2) | [LEGACY:VALUE]ENTER STORAGE LOCATIONS COLLECTIVELY: LIST | [LEGACY:DESC]DISPLAYS THE NAME OF THE WINDOW AND CONTAINS CONTROLS TO MANIPULATE IT | [MENUBARCONTROL:NAME]SYSTEM | [LEGACY:DESC]CONTAINS COMMANDS TO MANIPULATE THE WINDOW | [MENUITEMCONTROL:NAME]SYSTEM | [BUTTONCONTROL:NAME]MINIMIZE | [LEGACY:DESC]MOVES THE WINDOW OUT OF THE WAY | [BUTTONCONTROL:NAME]MAXIMIZE | [LEGACY:DESC]MAKES THE WINDOW FULL SCREEN | [BUTTONCONTROL:NAME]CLOSE | [LEGACY:DESC]CLOSES THE WINDOW | CUSTOM  CONTAINER | CONTROL  CONTAINER | CUSTOM  CONTAINER | CONTROL  CONTAINER | SAP'S ADVANCED TREELIST | CUSTOM  CONTAINER | CONTROL  CONTAINER
2026-07-16 15:38:06 | SUCCESS  |   ✓ [B361] 370206 — WH02, WT01 DITAMBAH
2026-07-16 15:38:06 | INFO     | [  29/57]  370206  →  Plant: B362
2026-07-16 15:38:06 | DEBUG    |   Isi Material: 370206
2026-07-16 15:38:08 | DEBUG    |   Isi Plant: B362
2026-07-16 15:38:12 | DEBUG    |   [DEBUG] Mundur ke-1: 'WH01'
2026-07-16 15:38:12 | DEBUG    |   [DEBUG] Mundur ke-2: ''
2026-07-16 15:38:12 | DEBUG    |   [DEBUG] SLoc yang terbaca: ['WH01']
2026-07-16 15:38:12 | INFO     |   Isi SLoc yang belum ada: WH02, WT01
2026-07-16 15:38:13 | DEBUG    |   SLoc baru: WH02
2026-07-16 15:38:14 | DEBUG    |   SLoc baru: WT01
2026-07-16 15:38:15 | DEBUG    |   [DEBUG] Jumlah elemen terbaca: 22
2026-07-16 15:38:15 | DEBUG    |   [DEBUG] Status text: [WINDOWCONTROL:NAME]ENTER STORAGE LOCATIONS COLLECTIVELY: LIST | [BUTTONCONTROL:NAME]OPEN | [BUTTONCONTROL:NAME]DELETE | [LEGACY:DESC]DELETE   (SHIFT+F2) | [LEGACY:VALUE]ENTER STORAGE LOCATIONS COLLECTIVELY: LIST | [LEGACY:DESC]DISPLAYS THE NAME OF THE WINDOW AND CONTAINS CONTROLS TO MANIPULATE IT | [MENUBARCONTROL:NAME]SYSTEM | [LEGACY:DESC]CONTAINS COMMANDS TO MANIPULATE THE WINDOW | [MENUITEMCONTROL:NAME]SYSTEM | [BUTTONCONTROL:NAME]MINIMIZE | [LEGACY:DESC]MOVES THE WINDOW OUT OF THE WAY | [BUTTONCONTROL:NAME]MAXIMIZE | [LEGACY:DESC]MAKES THE WINDOW FULL SCREEN | [BUTTONCONTROL:NAME]CLOSE | [LEGACY:DESC]CLOSES THE WINDOW | CUSTOM  CONTAINER | CONTROL  CONTAINER | CUSTOM  CONTAINER | CONTROL  CONTAINER | SAP'S ADVANCED TREELIST | CUSTOM  CONTAINER | CONTROL  CONTAINER
2026-07-16 15:38:17 | SUCCESS  |   ✓ [B362] 370206 — WH02, WT01 DITAMBAH
2026-07-16 15:38:17 | INFO     | [  30/57]  370206  →  Plant: B363
2026-07-16 15:38:17 | DEBUG    |   Isi Material: 370206
2026-07-16 15:38:19 | DEBUG    |   Isi Plant: B363
2026-07-16 15:38:22 | DEBUG    |   [DEBUG] Mundur ke-1: 'WH01'
2026-07-16 15:38:23 | DEBUG    |   [DEBUG] Mundur ke-2: ''
2026-07-16 15:38:23 | DEBUG    |   [DEBUG] SLoc yang terbaca: ['WH01']
2026-07-16 15:38:23 | INFO     |   Isi SLoc yang belum ada: WH02, WT01
2026-07-16 15:38:24 | DEBUG    |   SLoc baru: WH02
2026-07-16 15:38:25 | DEBUG    |   SLoc baru: WT01
2026-07-16 15:38:26 | DEBUG    |   [DEBUG] Jumlah elemen terbaca: 22
2026-07-16 15:38:26 | DEBUG    |   [DEBUG] Status text: [WINDOWCONTROL:NAME]ENTER STORAGE LOCATIONS COLLECTIVELY: LIST | [BUTTONCONTROL:NAME]OPEN | [BUTTONCONTROL:NAME]DELETE | [LEGACY:DESC]DELETE   (SHIFT+F2) | [LEGACY:VALUE]ENTER STORAGE LOCATIONS COLLECTIVELY: LIST | [LEGACY:DESC]DISPLAYS THE NAME OF THE WINDOW AND CONTAINS CONTROLS TO MANIPULATE IT | [MENUBARCONTROL:NAME]SYSTEM | [LEGACY:DESC]CONTAINS COMMANDS TO MANIPULATE THE WINDOW | [MENUITEMCONTROL:NAME]SYSTEM | [BUTTONCONTROL:NAME]MINIMIZE | [LEGACY:DESC]MOVES THE WINDOW OUT OF THE WAY | [BUTTONCONTROL:NAME]MAXIMIZE | [LEGACY:DESC]MAKES THE WINDOW FULL SCREEN | [BUTTONCONTROL:NAME]CLOSE | [LEGACY:DESC]CLOSES THE WINDOW | CUSTOM  CONTAINER | CONTROL  CONTAINER | CUSTOM  CONTAINER | CONTROL  CONTAINER | SAP'S ADVANCED TREELIST | CUSTOM  CONTAINER | CONTROL  CONTAINER
2026-07-16 15:38:28 | SUCCESS  |   ✓ [B363] 370206 — WH02, WT01 DITAMBAH
2026-07-16 15:38:28 | INFO     | [  31/57]  370206  →  Plant: B364
2026-07-16 15:38:28 | DEBUG    |   Isi Material: 370206
2026-07-16 15:38:30 | DEBUG    |   Isi Plant: B364
2026-07-16 15:38:33 | DEBUG    |   [DEBUG] Mundur ke-1: 'WH01'
2026-07-16 15:38:34 | DEBUG    |   [DEBUG] Mundur ke-2: ''
2026-07-16 15:38:34 | DEBUG    |   [DEBUG] SLoc yang terbaca: ['WH01']
2026-07-16 15:38:34 | INFO     |   Isi SLoc yang belum ada: WH02, WT01
2026-07-16 15:38:34 | DEBUG    |   SLoc baru: WH02
2026-07-16 15:38:35 | DEBUG    |   SLoc baru: WT01
2026-07-16 15:38:36 | DEBUG    |   [DEBUG] Jumlah elemen terbaca: 22
2026-07-16 15:38:36 | DEBUG    |   [DEBUG] Status text: [WINDOWCONTROL:NAME]ENTER STORAGE LOCATIONS COLLECTIVELY: LIST | [BUTTONCONTROL:NAME]OPEN | [BUTTONCONTROL:NAME]DELETE | [LEGACY:DESC]DELETE   (SHIFT+F2) | [LEGACY:VALUE]ENTER STORAGE LOCATIONS COLLECTIVELY: LIST | [LEGACY:DESC]DISPLAYS THE NAME OF THE WINDOW AND CONTAINS CONTROLS TO MANIPULATE IT | [MENUBARCONTROL:NAME]SYSTEM | [LEGACY:DESC]CONTAINS COMMANDS TO MANIPULATE THE WINDOW | [MENUITEMCONTROL:NAME]SYSTEM | [BUTTONCONTROL:NAME]MINIMIZE | [LEGACY:DESC]MOVES THE WINDOW OUT OF THE WAY | [BUTTONCONTROL:NAME]MAXIMIZE | [LEGACY:DESC]MAKES THE WINDOW FULL SCREEN | [BUTTONCONTROL:NAME]CLOSE | [LEGACY:DESC]CLOSES THE WINDOW | CUSTOM  CONTAINER | CONTROL  CONTAINER | CUSTOM  CONTAINER | CONTROL  CONTAINER | SAP'S ADVANCED TREELIST | CUSTOM  CONTAINER | CONTROL  CONTAINER
2026-07-16 15:38:39 | SUCCESS  |   ✓ [B364] 370206 — WH02, WT01 DITAMBAH
2026-07-16 15:38:39 | INFO     | [  32/57]  370206  →  Plant: B365
2026-07-16 15:38:39 | DEBUG    |   Isi Material: 370206
2026-07-16 15:38:40 | DEBUG    |   Isi Plant: B365
2026-07-16 15:38:44 | DEBUG    |   [DEBUG] Mundur ke-1: 'WH01'
2026-07-16 15:38:44 | DEBUG    |   [DEBUG] Mundur ke-2: ''
2026-07-16 15:38:45 | DEBUG    |   [DEBUG] SLoc yang terbaca: ['WH01']
2026-07-16 15:38:45 | INFO     |   Isi SLoc yang belum ada: WH02, WT01
2026-07-16 15:38:45 | DEBUG    |   SLoc baru: WH02
2026-07-16 15:38:46 | DEBUG    |   SLoc baru: WT01
2026-07-16 15:38:47 | DEBUG    |   [DEBUG] Jumlah elemen terbaca: 22
2026-07-16 15:38:47 | DEBUG    |   [DEBUG] Status text: [WINDOWCONTROL:NAME]ENTER STORAGE LOCATIONS COLLECTIVELY: LIST | [BUTTONCONTROL:NAME]OPEN | [BUTTONCONTROL:NAME]DELETE | [LEGACY:DESC]DELETE   (SHIFT+F2) | [LEGACY:VALUE]ENTER STORAGE LOCATIONS COLLECTIVELY: LIST | [LEGACY:DESC]DISPLAYS THE NAME OF THE WINDOW AND CONTAINS CONTROLS TO MANIPULATE IT | [MENUBARCONTROL:NAME]SYSTEM | [LEGACY:DESC]CONTAINS COMMANDS TO MANIPULATE THE WINDOW | [MENUITEMCONTROL:NAME]SYSTEM | [BUTTONCONTROL:NAME]MINIMIZE | [LEGACY:DESC]MOVES THE WINDOW OUT OF THE WAY | [BUTTONCONTROL:NAME]MAXIMIZE | [LEGACY:DESC]MAKES THE WINDOW FULL SCREEN | [BUTTONCONTROL:NAME]CLOSE | [LEGACY:DESC]CLOSES THE WINDOW | CUSTOM  CONTAINER | CONTROL  CONTAINER | CUSTOM  CONTAINER | CONTROL  CONTAINER | SAP'S ADVANCED TREELIST | CUSTOM  CONTAINER | CONTROL  CONTAINER
2026-07-16 15:38:49 | SUCCESS  |   ✓ [B365] 370206 — WH02, WT01 DITAMBAH
2026-07-16 15:38:49 | INFO     | [  33/57]  370206  →  Plant: B366
2026-07-16 15:38:49 | DEBUG    |   Isi Material: 370206
2026-07-16 15:38:51 | DEBUG    |   Isi Plant: B366
2026-07-16 15:38:55 | DEBUG    |   [DEBUG] Mundur ke-1: 'WH01'
2026-07-16 15:38:55 | DEBUG    |   [DEBUG] Mundur ke-2: ''
2026-07-16 15:38:56 | DEBUG    |   [DEBUG] SLoc yang terbaca: ['WH01']
2026-07-16 15:38:56 | INFO     |   Isi SLoc yang belum ada: WH02, WT01
2026-07-16 15:38:56 | DEBUG    |   SLoc baru: WH02
2026-07-16 15:38:57 | DEBUG    |   SLoc baru: WT01
2026-07-16 15:38:58 | DEBUG    |   [DEBUG] Jumlah elemen terbaca: 22
2026-07-16 15:38:58 | DEBUG    |   [DEBUG] Status text: [WINDOWCONTROL:NAME]ENTER STORAGE LOCATIONS COLLECTIVELY: LIST | [BUTTONCONTROL:NAME]OPEN | [BUTTONCONTROL:NAME]DELETE | [LEGACY:DESC]DELETE   (SHIFT+F2) | [LEGACY:VALUE]ENTER STORAGE LOCATIONS COLLECTIVELY: LIST | [LEGACY:DESC]DISPLAYS THE NAME OF THE WINDOW AND CONTAINS CONTROLS TO MANIPULATE IT | [MENUBARCONTROL:NAME]SYSTEM | [LEGACY:DESC]CONTAINS COMMANDS TO MANIPULATE THE WINDOW | [MENUITEMCONTROL:NAME]SYSTEM | [BUTTONCONTROL:NAME]MINIMIZE | [LEGACY:DESC]MOVES THE WINDOW OUT OF THE WAY | [BUTTONCONTROL:NAME]MAXIMIZE | [LEGACY:DESC]MAKES THE WINDOW FULL SCREEN | [BUTTONCONTROL:NAME]CLOSE | [LEGACY:DESC]CLOSES THE WINDOW | CUSTOM  CONTAINER | CONTROL  CONTAINER | CUSTOM  CONTAINER | CONTROL  CONTAINER | SAP'S ADVANCED TREELIST | CUSTOM  CONTAINER | CONTROL  CONTAINER
2026-07-16 15:39:00 | SUCCESS  |   ✓ [B366] 370206 — WH02, WT01 DITAMBAH
2026-07-16 15:39:00 | INFO     | [  34/57]  370206  →  Plant: B367
2026-07-16 15:39:00 | DEBUG    |   Isi Material: 370206
2026-07-16 15:39:02 | DEBUG    |   Isi Plant: B367
2026-07-16 15:39:05 | DEBUG    |   [DEBUG] Mundur ke-1: 'WH01'
2026-07-16 15:39:06 | DEBUG    |   [DEBUG] Mundur ke-2: ''
2026-07-16 15:39:06 | DEBUG    |   [DEBUG] SLoc yang terbaca: ['WH01']
2026-07-16 15:39:06 | INFO     |   Isi SLoc yang belum ada: WH02, WT01
2026-07-16 15:39:07 | DEBUG    |   SLoc baru: WH02
2026-07-16 15:39:08 | DEBUG    |   SLoc baru: WT01
2026-07-16 15:39:09 | DEBUG    |   [DEBUG] Jumlah elemen terbaca: 22
2026-07-16 15:39:09 | DEBUG    |   [DEBUG] Status text: [WINDOWCONTROL:NAME]ENTER STORAGE LOCATIONS COLLECTIVELY: LIST | [BUTTONCONTROL:NAME]OPEN | [BUTTONCONTROL:NAME]DELETE | [LEGACY:DESC]DELETE   (SHIFT+F2) | [LEGACY:VALUE]ENTER STORAGE LOCATIONS COLLECTIVELY: LIST | [LEGACY:DESC]DISPLAYS THE NAME OF THE WINDOW AND CONTAINS CONTROLS TO MANIPULATE IT | [MENUBARCONTROL:NAME]SYSTEM | [LEGACY:DESC]CONTAINS COMMANDS TO MANIPULATE THE WINDOW | [MENUITEMCONTROL:NAME]SYSTEM | [BUTTONCONTROL:NAME]MINIMIZE | [LEGACY:DESC]MOVES THE WINDOW OUT OF THE WAY | [BUTTONCONTROL:NAME]MAXIMIZE | [LEGACY:DESC]MAKES THE WINDOW FULL SCREEN | [BUTTONCONTROL:NAME]CLOSE | [LEGACY:DESC]CLOSES THE WINDOW | CUSTOM  CONTAINER | CONTROL  CONTAINER | CUSTOM  CONTAINER | CONTROL  CONTAINER | SAP'S ADVANCED TREELIST | CUSTOM  CONTAINER | CONTROL  CONTAINER
2026-07-16 15:39:11 | SUCCESS  |   ✓ [B367] 370206 — WH02, WT01 DITAMBAH
2026-07-16 15:39:11 | INFO     | [  35/57]  370206  →  Plant: B368
2026-07-16 15:39:11 | DEBUG    |   Isi Material: 370206
2026-07-16 15:39:13 | DEBUG    |   Isi Plant: B368
2026-07-16 15:39:16 | DEBUG    |   [DEBUG] Mundur ke-1: 'WH01'
2026-07-16 15:39:17 | DEBUG    |   [DEBUG] Mundur ke-2: ''
2026-07-16 15:39:17 | DEBUG    |   [DEBUG] SLoc yang terbaca: ['WH01']
2026-07-16 15:39:17 | INFO     |   Isi SLoc yang belum ada: WH02, WT01
2026-07-16 15:39:17 | DEBUG    |   SLoc baru: WH02
2026-07-16 15:39:18 | DEBUG    |   SLoc baru: WT01
2026-07-16 15:39:19 | DEBUG    |   [DEBUG] Jumlah elemen terbaca: 22
2026-07-16 15:39:19 | DEBUG    |   [DEBUG] Status text: [WINDOWCONTROL:NAME]ENTER STORAGE LOCATIONS COLLECTIVELY: LIST | [BUTTONCONTROL:NAME]OPEN | [BUTTONCONTROL:NAME]DELETE | [LEGACY:DESC]DELETE   (SHIFT+F2) | [LEGACY:VALUE]ENTER STORAGE LOCATIONS COLLECTIVELY: LIST | [LEGACY:DESC]DISPLAYS THE NAME OF THE WINDOW AND CONTAINS CONTROLS TO MANIPULATE IT | [MENUBARCONTROL:NAME]SYSTEM | [LEGACY:DESC]CONTAINS COMMANDS TO MANIPULATE THE WINDOW | [MENUITEMCONTROL:NAME]SYSTEM | [BUTTONCONTROL:NAME]MINIMIZE | [LEGACY:DESC]MOVES THE WINDOW OUT OF THE WAY | [BUTTONCONTROL:NAME]MAXIMIZE | [LEGACY:DESC]MAKES THE WINDOW FULL SCREEN | [BUTTONCONTROL:NAME]CLOSE | [LEGACY:DESC]CLOSES THE WINDOW | CUSTOM  CONTAINER | CONTROL  CONTAINER | CUSTOM  CONTAINER | CONTROL  CONTAINER | SAP'S ADVANCED TREELIST | CUSTOM  CONTAINER | CONTROL  CONTAINER
2026-07-16 15:39:21 | SUCCESS  |   ✓ [B368] 370206 — WH02, WT01 DITAMBAH
2026-07-16 15:39:21 | INFO     | [  36/57]  370206  →  Plant: B369
2026-07-16 15:39:21 | DEBUG    |   Isi Material: 370206
2026-07-16 15:39:23 | DEBUG    |   Isi Plant: B369
2026-07-16 15:39:27 | DEBUG    |   [DEBUG] Mundur ke-1: 'WH01'
2026-07-16 15:39:27 | DEBUG    |   [DEBUG] Mundur ke-2: ''
2026-07-16 15:39:28 | DEBUG    |   [DEBUG] SLoc yang terbaca: ['WH01']
2026-07-16 15:39:28 | INFO     |   Isi SLoc yang belum ada: WH02, WT01
2026-07-16 15:39:28 | DEBUG    |   SLoc baru: WH02
2026-07-16 15:39:29 | DEBUG    |   SLoc baru: WT01
2026-07-16 15:39:30 | DEBUG    |   [DEBUG] Jumlah elemen terbaca: 22
2026-07-16 15:39:30 | DEBUG    |   [DEBUG] Status text: [WINDOWCONTROL:NAME]ENTER STORAGE LOCATIONS COLLECTIVELY: LIST | [BUTTONCONTROL:NAME]OPEN | [BUTTONCONTROL:NAME]DELETE | [LEGACY:DESC]DELETE   (SHIFT+F2) | [LEGACY:VALUE]ENTER STORAGE LOCATIONS COLLECTIVELY: LIST | [LEGACY:DESC]DISPLAYS THE NAME OF THE WINDOW AND CONTAINS CONTROLS TO MANIPULATE IT | [MENUBARCONTROL:NAME]SYSTEM | [LEGACY:DESC]CONTAINS COMMANDS TO MANIPULATE THE WINDOW | [MENUITEMCONTROL:NAME]SYSTEM | [BUTTONCONTROL:NAME]MINIMIZE | [LEGACY:DESC]MOVES THE WINDOW OUT OF THE WAY | [BUTTONCONTROL:NAME]MAXIMIZE | [LEGACY:DESC]MAKES THE WINDOW FULL SCREEN | [BUTTONCONTROL:NAME]CLOSE | [LEGACY:DESC]CLOSES THE WINDOW | CUSTOM  CONTAINER | CONTROL  CONTAINER | CUSTOM  CONTAINER | CONTROL  CONTAINER | SAP'S ADVANCED TREELIST | CUSTOM  CONTAINER | CONTROL  CONTAINER
2026-07-16 15:39:32 | SUCCESS  |   ✓ [B369] 370206 — WH02, WT01 DITAMBAH
2026-07-16 15:39:32 | INFO     | [  37/57]  370206  →  Plant: B373
2026-07-16 15:39:32 | DEBUG    |   Isi Material: 370206
2026-07-16 15:39:34 | DEBUG    |   Isi Plant: B373
2026-07-16 15:39:37 | DEBUG    |   [DEBUG] Mundur ke-1: 'WH01'
2026-07-16 15:39:38 | DEBUG    |   [DEBUG] Mundur ke-2: ''
2026-07-16 15:39:38 | DEBUG    |   [DEBUG] SLoc yang terbaca: ['WH01']
2026-07-16 15:39:38 | INFO     |   Isi SLoc yang belum ada: WH02, WT01
2026-07-16 15:39:39 | DEBUG    |   SLoc baru: WH02
2026-07-16 15:39:40 | DEBUG    |   SLoc baru: WT01
2026-07-16 15:39:41 | DEBUG    |   [DEBUG] Jumlah elemen terbaca: 22
2026-07-16 15:39:41 | DEBUG    |   [DEBUG] Status text: [WINDOWCONTROL:NAME]ENTER STORAGE LOCATIONS COLLECTIVELY: LIST | [BUTTONCONTROL:NAME]OPEN | [BUTTONCONTROL:NAME]DELETE | [LEGACY:DESC]DELETE   (SHIFT+F2) | [LEGACY:VALUE]ENTER STORAGE LOCATIONS COLLECTIVELY: LIST | [LEGACY:DESC]DISPLAYS THE NAME OF THE WINDOW AND CONTAINS CONTROLS TO MANIPULATE IT | [MENUBARCONTROL:NAME]SYSTEM | [LEGACY:DESC]CONTAINS COMMANDS TO MANIPULATE THE WINDOW | [MENUITEMCONTROL:NAME]SYSTEM | [BUTTONCONTROL:NAME]MINIMIZE | [LEGACY:DESC]MOVES THE WINDOW OUT OF THE WAY | [BUTTONCONTROL:NAME]MAXIMIZE | [LEGACY:DESC]MAKES THE WINDOW FULL SCREEN | [BUTTONCONTROL:NAME]CLOSE | [LEGACY:DESC]CLOSES THE WINDOW | CUSTOM  CONTAINER | CONTROL  CONTAINER | CUSTOM  CONTAINER | CONTROL  CONTAINER | SAP'S ADVANCED TREELIST | CUSTOM  CONTAINER | CONTROL  CONTAINER
2026-07-16 15:39:43 | SUCCESS  |   ✓ [B373] 370206 — WH02, WT01 DITAMBAH
2026-07-16 15:39:43 | INFO     | [  38/57]  370206  →  Plant: B394
2026-07-16 15:39:43 | DEBUG    |   Isi Material: 370206
2026-07-16 15:39:45 | DEBUG    |   Isi Plant: B394
2026-07-16 15:39:48 | DEBUG    |   [DEBUG] Mundur ke-1: 'WH01'
2026-07-16 15:39:49 | DEBUG    |   [DEBUG] Mundur ke-2: ''
2026-07-16 15:39:49 | DEBUG    |   [DEBUG] SLoc yang terbaca: ['WH01']
2026-07-16 15:39:49 | INFO     |   Isi SLoc yang belum ada: WH02, WT01
2026-07-16 15:39:50 | DEBUG    |   SLoc baru: WH02
2026-07-16 15:39:50 | DEBUG    |   SLoc baru: WT01
2026-07-16 15:39:52 | DEBUG    |   [DEBUG] Jumlah elemen terbaca: 22
2026-07-16 15:39:52 | DEBUG    |   [DEBUG] Status text: [WINDOWCONTROL:NAME]ENTER STORAGE LOCATIONS COLLECTIVELY: LIST | [BUTTONCONTROL:NAME]OPEN | [BUTTONCONTROL:NAME]DELETE | [LEGACY:DESC]DELETE   (SHIFT+F2) | [LEGACY:VALUE]ENTER STORAGE LOCATIONS COLLECTIVELY: LIST | [LEGACY:DESC]DISPLAYS THE NAME OF THE WINDOW AND CONTAINS CONTROLS TO MANIPULATE IT | [MENUBARCONTROL:NAME]SYSTEM | [LEGACY:DESC]CONTAINS COMMANDS TO MANIPULATE THE WINDOW | [MENUITEMCONTROL:NAME]SYSTEM | [BUTTONCONTROL:NAME]MINIMIZE | [LEGACY:DESC]MOVES THE WINDOW OUT OF THE WAY | [BUTTONCONTROL:NAME]MAXIMIZE | [LEGACY:DESC]MAKES THE WINDOW FULL SCREEN | [BUTTONCONTROL:NAME]CLOSE | [LEGACY:DESC]CLOSES THE WINDOW | CUSTOM  CONTAINER | CONTROL  CONTAINER | CUSTOM  CONTAINER | CONTROL  CONTAINER | SAP'S ADVANCED TREELIST | CUSTOM  CONTAINER | CONTROL  CONTAINER
2026-07-16 15:39:54 | SUCCESS  |   ✓ [B394] 370206 — WH02, WT01 DITAMBAH
2026-07-16 15:39:54 | INFO     | [  39/57]  370207  →  Plant: B351
2026-07-16 15:39:54 | DEBUG    |   Isi Material: 370207
2026-07-16 15:39:55 | DEBUG    |   Isi Plant: B351
2026-07-16 15:39:59 | DEBUG    |   [DEBUG] Mundur ke-1: 'WH01'
2026-07-16 15:40:00 | DEBUG    |   [DEBUG] Mundur ke-2: ''
2026-07-16 15:40:00 | DEBUG    |   [DEBUG] SLoc yang terbaca: ['WH01']
2026-07-16 15:40:00 | INFO     |   Isi SLoc yang belum ada: WH02, WT01
2026-07-16 15:40:00 | DEBUG    |   SLoc baru: WH02
2026-07-16 15:40:01 | DEBUG    |   SLoc baru: WT01
2026-07-16 15:40:02 | DEBUG    |   [DEBUG] Jumlah elemen terbaca: 22
2026-07-16 15:40:02 | DEBUG    |   [DEBUG] Status text: [WINDOWCONTROL:NAME]ENTER STORAGE LOCATIONS COLLECTIVELY: LIST | [BUTTONCONTROL:NAME]OPEN | [BUTTONCONTROL:NAME]DELETE | [LEGACY:DESC]DELETE   (SHIFT+F2) | [LEGACY:VALUE]ENTER STORAGE LOCATIONS COLLECTIVELY: LIST | [LEGACY:DESC]DISPLAYS THE NAME OF THE WINDOW AND CONTAINS CONTROLS TO MANIPULATE IT | [MENUBARCONTROL:NAME]SYSTEM | [LEGACY:DESC]CONTAINS COMMANDS TO MANIPULATE THE WINDOW | [MENUITEMCONTROL:NAME]SYSTEM | [BUTTONCONTROL:NAME]MINIMIZE | [LEGACY:DESC]MOVES THE WINDOW OUT OF THE WAY | [BUTTONCONTROL:NAME]MAXIMIZE | [LEGACY:DESC]MAKES THE WINDOW FULL SCREEN | [BUTTONCONTROL:NAME]CLOSE | [LEGACY:DESC]CLOSES THE WINDOW | CUSTOM  CONTAINER | CONTROL  CONTAINER | CUSTOM  CONTAINER | CONTROL  CONTAINER | SAP'S ADVANCED TREELIST | CUSTOM  CONTAINER | CONTROL  CONTAINER
2026-07-16 15:40:05 | SUCCESS  |   ✓ [B351] 370207 — WH02, WT01 DITAMBAH
2026-07-16 15:40:05 | INFO     | [  40/57]  370207  →  Plant: B352
2026-07-16 15:40:05 | DEBUG    |   Isi Material: 370207
2026-07-16 15:40:06 | DEBUG    |   Isi Plant: B352
2026-07-16 15:40:10 | DEBUG    |   [DEBUG] Mundur ke-1: 'WH01'
2026-07-16 15:40:10 | DEBUG    |   [DEBUG] Mundur ke-2: ''
2026-07-16 15:40:11 | DEBUG    |   [DEBUG] SLoc yang terbaca: ['WH01']
2026-07-16 15:40:11 | INFO     |   Isi SLoc yang belum ada: WH02, WT01
2026-07-16 15:40:11 | DEBUG    |   SLoc baru: WH02
2026-07-16 15:40:12 | DEBUG    |   SLoc baru: WT01
2026-07-16 15:40:13 | DEBUG    |   [DEBUG] Jumlah elemen terbaca: 22
2026-07-16 15:40:13 | DEBUG    |   [DEBUG] Status text: [WINDOWCONTROL:NAME]ENTER STORAGE LOCATIONS COLLECTIVELY: LIST | [BUTTONCONTROL:NAME]OPEN | [BUTTONCONTROL:NAME]DELETE | [LEGACY:DESC]DELETE   (SHIFT+F2) | [LEGACY:VALUE]ENTER STORAGE LOCATIONS COLLECTIVELY: LIST | [LEGACY:DESC]DISPLAYS THE NAME OF THE WINDOW AND CONTAINS CONTROLS TO MANIPULATE IT | [MENUBARCONTROL:NAME]SYSTEM | [LEGACY:DESC]CONTAINS COMMANDS TO MANIPULATE THE WINDOW | [MENUITEMCONTROL:NAME]SYSTEM | [BUTTONCONTROL:NAME]MINIMIZE | [LEGACY:DESC]MOVES THE WINDOW OUT OF THE WAY | [BUTTONCONTROL:NAME]MAXIMIZE | [LEGACY:DESC]MAKES THE WINDOW FULL SCREEN | [BUTTONCONTROL:NAME]CLOSE | [LEGACY:DESC]CLOSES THE WINDOW | CUSTOM  CONTAINER | CONTROL  CONTAINER | CUSTOM  CONTAINER | CONTROL  CONTAINER | SAP'S ADVANCED TREELIST | CUSTOM  CONTAINER | CONTROL  CONTAINER
2026-07-16 15:40:15 | SUCCESS  |   ✓ [B352] 370207 — WH02, WT01 DITAMBAH
2026-07-16 15:40:15 | INFO     | [  41/57]  370207  →  Plant: B353
2026-07-16 15:40:15 | DEBUG    |   Isi Material: 370207
2026-07-16 15:40:17 | DEBUG    |   Isi Plant: B353
2026-07-16 15:40:20 | DEBUG    |   [DEBUG] Mundur ke-1: 'WH01'
2026-07-16 15:40:21 | DEBUG    |   [DEBUG] Mundur ke-2: ''
2026-07-16 15:40:21 | DEBUG    |   [DEBUG] SLoc yang terbaca: ['WH01']
2026-07-16 15:40:21 | INFO     |   Isi SLoc yang belum ada: WH02, WT01
2026-07-16 15:40:22 | DEBUG    |   SLoc baru: WH02
2026-07-16 15:40:23 | DEBUG    |   SLoc baru: WT01
2026-07-16 15:40:24 | DEBUG    |   [DEBUG] Jumlah elemen terbaca: 22
2026-07-16 15:40:24 | DEBUG    |   [DEBUG] Status text: [WINDOWCONTROL:NAME]ENTER STORAGE LOCATIONS COLLECTIVELY: LIST | [BUTTONCONTROL:NAME]OPEN | [BUTTONCONTROL:NAME]DELETE | [LEGACY:DESC]DELETE   (SHIFT+F2) | [LEGACY:VALUE]ENTER STORAGE LOCATIONS COLLECTIVELY: LIST | [LEGACY:DESC]DISPLAYS THE NAME OF THE WINDOW AND CONTAINS CONTROLS TO MANIPULATE IT | [MENUBARCONTROL:NAME]SYSTEM | [LEGACY:DESC]CONTAINS COMMANDS TO MANIPULATE THE WINDOW | [MENUITEMCONTROL:NAME]SYSTEM | [BUTTONCONTROL:NAME]MINIMIZE | [LEGACY:DESC]MOVES THE WINDOW OUT OF THE WAY | [BUTTONCONTROL:NAME]MAXIMIZE | [LEGACY:DESC]MAKES THE WINDOW FULL SCREEN | [BUTTONCONTROL:NAME]CLOSE | [LEGACY:DESC]CLOSES THE WINDOW | CUSTOM  CONTAINER | CONTROL  CONTAINER | CUSTOM  CONTAINER | CONTROL  CONTAINER | SAP'S ADVANCED TREELIST | CUSTOM  CONTAINER | CONTROL  CONTAINER
2026-07-16 15:40:26 | SUCCESS  |   ✓ [B353] 370207 — WH02, WT01 DITAMBAH
2026-07-16 15:40:26 | INFO     | [  42/57]  370207  →  Plant: B354
2026-07-16 15:40:26 | DEBUG    |   Isi Material: 370207
2026-07-16 15:40:28 | DEBUG    |   Isi Plant: B354
2026-07-16 15:40:31 | DEBUG    |   [DEBUG] Mundur ke-1: 'WH01'
2026-07-16 15:40:32 | DEBUG    |   [DEBUG] Mundur ke-2: ''
2026-07-16 15:40:32 | DEBUG    |   [DEBUG] SLoc yang terbaca: ['WH01']
2026-07-16 15:40:32 | INFO     |   Isi SLoc yang belum ada: WH02, WT01
2026-07-16 15:40:33 | DEBUG    |   SLoc baru: WH02
2026-07-16 15:40:33 | DEBUG    |   SLoc baru: WT01
2026-07-16 15:40:35 | DEBUG    |   [DEBUG] Jumlah elemen terbaca: 22
2026-07-16 15:40:35 | DEBUG    |   [DEBUG] Status text: [WINDOWCONTROL:NAME]ENTER STORAGE LOCATIONS COLLECTIVELY: LIST | [BUTTONCONTROL:NAME]OPEN | [BUTTONCONTROL:NAME]DELETE | [LEGACY:DESC]DELETE   (SHIFT+F2) | [LEGACY:VALUE]ENTER STORAGE LOCATIONS COLLECTIVELY: LIST | [LEGACY:DESC]DISPLAYS THE NAME OF THE WINDOW AND CONTAINS CONTROLS TO MANIPULATE IT | [MENUBARCONTROL:NAME]SYSTEM | [LEGACY:DESC]CONTAINS COMMANDS TO MANIPULATE THE WINDOW | [MENUITEMCONTROL:NAME]SYSTEM | [BUTTONCONTROL:NAME]MINIMIZE | [LEGACY:DESC]MOVES THE WINDOW OUT OF THE WAY | [BUTTONCONTROL:NAME]MAXIMIZE | [LEGACY:DESC]MAKES THE WINDOW FULL SCREEN | [BUTTONCONTROL:NAME]CLOSE | [LEGACY:DESC]CLOSES THE WINDOW | CUSTOM  CONTAINER | CONTROL  CONTAINER | CUSTOM  CONTAINER | CONTROL  CONTAINER | SAP'S ADVANCED TREELIST | CUSTOM  CONTAINER | CONTROL  CONTAINER
2026-07-16 15:40:37 | SUCCESS  |   ✓ [B354] 370207 — WH02, WT01 DITAMBAH
2026-07-16 15:40:37 | INFO     | [  43/57]  370207  →  Plant: B356
2026-07-16 15:40:37 | DEBUG    |   Isi Material: 370207
2026-07-16 15:40:38 | DEBUG    |   Isi Plant: B356
2026-07-16 15:40:42 | DEBUG    |   [DEBUG] Mundur ke-1: 'WH01'
2026-07-16 15:40:43 | DEBUG    |   [DEBUG] Mundur ke-2: ''
2026-07-16 15:40:43 | DEBUG    |   [DEBUG] SLoc yang terbaca: ['WH01']
2026-07-16 15:40:43 | INFO     |   Isi SLoc yang belum ada: WH02, WT01
2026-07-16 15:40:43 | DEBUG    |   SLoc baru: WH02
2026-07-16 15:40:44 | DEBUG    |   SLoc baru: WT01
2026-07-16 15:40:45 | DEBUG    |   [DEBUG] Jumlah elemen terbaca: 22
2026-07-16 15:40:45 | DEBUG    |   [DEBUG] Status text: [WINDOWCONTROL:NAME]ENTER STORAGE LOCATIONS COLLECTIVELY: LIST | [BUTTONCONTROL:NAME]OPEN | [BUTTONCONTROL:NAME]DELETE | [LEGACY:DESC]DELETE   (SHIFT+F2) | [LEGACY:VALUE]ENTER STORAGE LOCATIONS COLLECTIVELY: LIST | [LEGACY:DESC]DISPLAYS THE NAME OF THE WINDOW AND CONTAINS CONTROLS TO MANIPULATE IT | [MENUBARCONTROL:NAME]SYSTEM | [LEGACY:DESC]CONTAINS COMMANDS TO MANIPULATE THE WINDOW | [MENUITEMCONTROL:NAME]SYSTEM | [BUTTONCONTROL:NAME]MINIMIZE | [LEGACY:DESC]MOVES THE WINDOW OUT OF THE WAY | [BUTTONCONTROL:NAME]MAXIMIZE | [LEGACY:DESC]MAKES THE WINDOW FULL SCREEN | [BUTTONCONTROL:NAME]CLOSE | [LEGACY:DESC]CLOSES THE WINDOW | CUSTOM  CONTAINER | CONTROL  CONTAINER | CUSTOM  CONTAINER | CONTROL  CONTAINER | SAP'S ADVANCED TREELIST | CUSTOM  CONTAINER | CONTROL  CONTAINER
2026-07-16 15:40:47 | SUCCESS  |   ✓ [B356] 370207 — WH02, WT01 DITAMBAH
2026-07-16 15:40:47 | INFO     | [  44/57]  370207  →  Plant: B357
2026-07-16 15:40:47 | DEBUG    |   Isi Material: 370207
2026-07-16 15:40:49 | DEBUG    |   Isi Plant: B357
2026-07-16 15:40:53 | DEBUG    |   [DEBUG] Mundur ke-1: 'WH01'
2026-07-16 15:40:53 | DEBUG    |   [DEBUG] Mundur ke-2: ''
2026-07-16 15:40:54 | DEBUG    |   [DEBUG] SLoc yang terbaca: ['WH01']
2026-07-16 15:40:54 | INFO     |   Isi SLoc yang belum ada: WH02, WT01
2026-07-16 15:40:54 | DEBUG    |   SLoc baru: WH02
2026-07-16 15:40:55 | DEBUG    |   SLoc baru: WT01
2026-07-16 15:40:56 | DEBUG    |   [DEBUG] Jumlah elemen terbaca: 22
2026-07-16 15:40:56 | DEBUG    |   [DEBUG] Status text: [WINDOWCONTROL:NAME]ENTER STORAGE LOCATIONS COLLECTIVELY: LIST | [BUTTONCONTROL:NAME]OPEN | [BUTTONCONTROL:NAME]DELETE | [LEGACY:DESC]DELETE   (SHIFT+F2) | [LEGACY:VALUE]ENTER STORAGE LOCATIONS COLLECTIVELY: LIST | [LEGACY:DESC]DISPLAYS THE NAME OF THE WINDOW AND CONTAINS CONTROLS TO MANIPULATE IT | [MENUBARCONTROL:NAME]SYSTEM | [LEGACY:DESC]CONTAINS COMMANDS TO MANIPULATE THE WINDOW | [MENUITEMCONTROL:NAME]SYSTEM | [BUTTONCONTROL:NAME]MINIMIZE | [LEGACY:DESC]MOVES THE WINDOW OUT OF THE WAY | [BUTTONCONTROL:NAME]MAXIMIZE | [LEGACY:DESC]MAKES THE WINDOW FULL SCREEN | [BUTTONCONTROL:NAME]CLOSE | [LEGACY:DESC]CLOSES THE WINDOW | CUSTOM  CONTAINER | CONTROL  CONTAINER | CUSTOM  CONTAINER | CONTROL  CONTAINER | SAP'S ADVANCED TREELIST | CUSTOM  CONTAINER | CONTROL  CONTAINER
2026-07-16 15:40:58 | SUCCESS  |   ✓ [B357] 370207 — WH02, WT01 DITAMBAH
2026-07-16 15:40:58 | INFO     | [  45/57]  370207  →  Plant: B358
2026-07-16 15:40:58 | DEBUG    |   Isi Material: 370207
2026-07-16 15:41:00 | DEBUG    |   Isi Plant: B358
2026-07-16 15:41:04 | DEBUG    |   [DEBUG] Mundur ke-1: 'WH01'
2026-07-16 15:41:04 | DEBUG    |   [DEBUG] Mundur ke-2: ''
2026-07-16 15:41:04 | DEBUG    |   [DEBUG] SLoc yang terbaca: ['WH01']
2026-07-16 15:41:04 | INFO     |   Isi SLoc yang belum ada: WH02, WT01
2026-07-16 15:41:05 | DEBUG    |   SLoc baru: WH02
2026-07-16 15:41:06 | DEBUG    |   SLoc baru: WT01
2026-07-16 15:41:07 | DEBUG    |   [DEBUG] Jumlah elemen terbaca: 22
2026-07-16 15:41:07 | DEBUG    |   [DEBUG] Status text: [WINDOWCONTROL:NAME]ENTER STORAGE LOCATIONS COLLECTIVELY: LIST | [BUTTONCONTROL:NAME]OPEN | [BUTTONCONTROL:NAME]DELETE | [LEGACY:DESC]DELETE   (SHIFT+F2) | [LEGACY:VALUE]ENTER STORAGE LOCATIONS COLLECTIVELY: LIST | [LEGACY:DESC]DISPLAYS THE NAME OF THE WINDOW AND CONTAINS CONTROLS TO MANIPULATE IT | [MENUBARCONTROL:NAME]SYSTEM | [LEGACY:DESC]CONTAINS COMMANDS TO MANIPULATE THE WINDOW | [MENUITEMCONTROL:NAME]SYSTEM | [BUTTONCONTROL:NAME]MINIMIZE | [LEGACY:DESC]MOVES THE WINDOW OUT OF THE WAY | [BUTTONCONTROL:NAME]MAXIMIZE | [LEGACY:DESC]MAKES THE WINDOW FULL SCREEN | [BUTTONCONTROL:NAME]CLOSE | [LEGACY:DESC]CLOSES THE WINDOW | CUSTOM  CONTAINER | CONTROL  CONTAINER | CUSTOM  CONTAINER | CONTROL  CONTAINER | SAP'S ADVANCED TREELIST | CUSTOM  CONTAINER | CONTROL  CONTAINER
2026-07-16 15:41:09 | SUCCESS  |   ✓ [B358] 370207 — WH02, WT01 DITAMBAH
2026-07-16 15:41:09 | INFO     | [  46/57]  370207  →  Plant: B360
2026-07-16 15:41:09 | DEBUG    |   Isi Material: 370207
2026-07-16 15:41:11 | DEBUG    |   Isi Plant: B360
2026-07-16 15:41:14 | DEBUG    |   [DEBUG] Mundur ke-1: 'WH01'
2026-07-16 15:41:15 | DEBUG    |   [DEBUG] Mundur ke-2: ''
2026-07-16 15:41:15 | DEBUG    |   [DEBUG] SLoc yang terbaca: ['WH01']
2026-07-16 15:41:15 | INFO     |   Isi SLoc yang belum ada: WH02, WT01
2026-07-16 15:41:16 | DEBUG    |   SLoc baru: WH02
2026-07-16 15:41:17 | DEBUG    |   SLoc baru: WT01
2026-07-16 15:41:18 | DEBUG    |   [DEBUG] Jumlah elemen terbaca: 22
2026-07-16 15:41:18 | DEBUG    |   [DEBUG] Status text: [WINDOWCONTROL:NAME]ENTER STORAGE LOCATIONS COLLECTIVELY: LIST | [BUTTONCONTROL:NAME]OPEN | [BUTTONCONTROL:NAME]DELETE | [LEGACY:DESC]DELETE   (SHIFT+F2) | [LEGACY:VALUE]ENTER STORAGE LOCATIONS COLLECTIVELY: LIST | [LEGACY:DESC]DISPLAYS THE NAME OF THE WINDOW AND CONTAINS CONTROLS TO MANIPULATE IT | [MENUBARCONTROL:NAME]SYSTEM | [LEGACY:DESC]CONTAINS COMMANDS TO MANIPULATE THE WINDOW | [MENUITEMCONTROL:NAME]SYSTEM | [BUTTONCONTROL:NAME]MINIMIZE | [LEGACY:DESC]MOVES THE WINDOW OUT OF THE WAY | [BUTTONCONTROL:NAME]MAXIMIZE | [LEGACY:DESC]MAKES THE WINDOW FULL SCREEN | [BUTTONCONTROL:NAME]CLOSE | [LEGACY:DESC]CLOSES THE WINDOW | CUSTOM  CONTAINER | CONTROL  CONTAINER | CUSTOM  CONTAINER | CONTROL  CONTAINER | SAP'S ADVANCED TREELIST | CUSTOM  CONTAINER | CONTROL  CONTAINER
2026-07-16 15:41:20 | SUCCESS  |   ✓ [B360] 370207 — WH02, WT01 DITAMBAH
2026-07-16 15:41:20 | INFO     | [  47/57]  370207  →  Plant: B361
2026-07-16 15:41:20 | DEBUG    |   Isi Material: 370207
2026-07-16 15:41:22 | DEBUG    |   Isi Plant: B361
2026-07-16 15:41:25 | DEBUG    |   [DEBUG] Mundur ke-1: 'WH01'
2026-07-16 15:41:26 | DEBUG    |   [DEBUG] Mundur ke-2: ''
2026-07-16 15:41:26 | DEBUG    |   [DEBUG] SLoc yang terbaca: ['WH01']
2026-07-16 15:41:26 | INFO     |   Isi SLoc yang belum ada: WH02, WT01
2026-07-16 15:41:26 | DEBUG    |   SLoc baru: WH02
2026-07-16 15:41:27 | DEBUG    |   SLoc baru: WT01
2026-07-16 15:41:29 | DEBUG    |   [DEBUG] Jumlah elemen terbaca: 22
2026-07-16 15:41:29 | DEBUG    |   [DEBUG] Status text: [WINDOWCONTROL:NAME]ENTER STORAGE LOCATIONS COLLECTIVELY: LIST | [BUTTONCONTROL:NAME]OPEN | [BUTTONCONTROL:NAME]DELETE | [LEGACY:DESC]DELETE   (SHIFT+F2) | [LEGACY:VALUE]ENTER STORAGE LOCATIONS COLLECTIVELY: LIST | [LEGACY:DESC]DISPLAYS THE NAME OF THE WINDOW AND CONTAINS CONTROLS TO MANIPULATE IT | [MENUBARCONTROL:NAME]SYSTEM | [LEGACY:DESC]CONTAINS COMMANDS TO MANIPULATE THE WINDOW | [MENUITEMCONTROL:NAME]SYSTEM | [BUTTONCONTROL:NAME]MINIMIZE | [LEGACY:DESC]MOVES THE WINDOW OUT OF THE WAY | [BUTTONCONTROL:NAME]MAXIMIZE | [LEGACY:DESC]MAKES THE WINDOW FULL SCREEN | [BUTTONCONTROL:NAME]CLOSE | [LEGACY:DESC]CLOSES THE WINDOW | CUSTOM  CONTAINER | CONTROL  CONTAINER | CUSTOM  CONTAINER | CONTROL  CONTAINER | SAP'S ADVANCED TREELIST | CUSTOM  CONTAINER | CONTROL  CONTAINER
2026-07-16 15:41:31 | SUCCESS  |   ✓ [B361] 370207 — WH02, WT01 DITAMBAH
2026-07-16 15:41:31 | INFO     | [  48/57]  370207  →  Plant: B362
2026-07-16 15:41:31 | DEBUG    |   Isi Material: 370207
2026-07-16 15:41:32 | DEBUG    |   Isi Plant: B362
2026-07-16 15:41:36 | DEBUG    |   [DEBUG] Mundur ke-1: 'WH01'
2026-07-16 15:41:36 | DEBUG    |   [DEBUG] Mundur ke-2: ''
2026-07-16 15:41:37 | DEBUG    |   [DEBUG] SLoc yang terbaca: ['WH01']
2026-07-16 15:41:37 | INFO     |   Isi SLoc yang belum ada: WH02, WT01
2026-07-16 15:41:37 | DEBUG    |   SLoc baru: WH02
2026-07-16 15:41:38 | DEBUG    |   SLoc baru: WT01
2026-07-16 15:41:39 | DEBUG    |   [DEBUG] Jumlah elemen terbaca: 22
2026-07-16 15:41:39 | DEBUG    |   [DEBUG] Status text: [WINDOWCONTROL:NAME]ENTER STORAGE LOCATIONS COLLECTIVELY: LIST | [BUTTONCONTROL:NAME]OPEN | [BUTTONCONTROL:NAME]DELETE | [LEGACY:DESC]DELETE   (SHIFT+F2) | [LEGACY:VALUE]ENTER STORAGE LOCATIONS COLLECTIVELY: LIST | [LEGACY:DESC]DISPLAYS THE NAME OF THE WINDOW AND CONTAINS CONTROLS TO MANIPULATE IT | [MENUBARCONTROL:NAME]SYSTEM | [LEGACY:DESC]CONTAINS COMMANDS TO MANIPULATE THE WINDOW | [MENUITEMCONTROL:NAME]SYSTEM | [BUTTONCONTROL:NAME]MINIMIZE | [LEGACY:DESC]MOVES THE WINDOW OUT OF THE WAY | [BUTTONCONTROL:NAME]MAXIMIZE | [LEGACY:DESC]MAKES THE WINDOW FULL SCREEN | [BUTTONCONTROL:NAME]CLOSE | [LEGACY:DESC]CLOSES THE WINDOW | CUSTOM  CONTAINER | CONTROL  CONTAINER | CUSTOM  CONTAINER | CONTROL  CONTAINER | SAP'S ADVANCED TREELIST | CUSTOM  CONTAINER | CONTROL  CONTAINER
2026-07-16 15:41:41 | SUCCESS  |   ✓ [B362] 370207 — WH02, WT01 DITAMBAH
2026-07-16 15:41:41 | INFO     | [  49/57]  370207  →  Plant: B363
2026-07-16 15:41:41 | DEBUG    |   Isi Material: 370207
2026-07-16 15:41:43 | DEBUG    |   Isi Plant: B363
2026-07-16 15:41:47 | DEBUG    |   [DEBUG] Mundur ke-1: 'WH01'
2026-07-16 15:41:47 | DEBUG    |   [DEBUG] Mundur ke-2: ''
2026-07-16 15:41:47 | DEBUG    |   [DEBUG] SLoc yang terbaca: ['WH01']
2026-07-16 15:41:47 | INFO     |   Isi SLoc yang belum ada: WH02, WT01
2026-07-16 15:41:48 | DEBUG    |   SLoc baru: WH02
2026-07-16 15:41:49 | DEBUG    |   SLoc baru: WT01
2026-07-16 15:41:50 | DEBUG    |   [DEBUG] Jumlah elemen terbaca: 22
2026-07-16 15:41:50 | DEBUG    |   [DEBUG] Status text: [WINDOWCONTROL:NAME]ENTER STORAGE LOCATIONS COLLECTIVELY: LIST | [BUTTONCONTROL:NAME]OPEN | [BUTTONCONTROL:NAME]DELETE | [LEGACY:DESC]DELETE   (SHIFT+F2) | [LEGACY:VALUE]ENTER STORAGE LOCATIONS COLLECTIVELY: LIST | [LEGACY:DESC]DISPLAYS THE NAME OF THE WINDOW AND CONTAINS CONTROLS TO MANIPULATE IT | [MENUBARCONTROL:NAME]SYSTEM | [LEGACY:DESC]CONTAINS COMMANDS TO MANIPULATE THE WINDOW | [MENUITEMCONTROL:NAME]SYSTEM | [BUTTONCONTROL:NAME]MINIMIZE | [LEGACY:DESC]MOVES THE WINDOW OUT OF THE WAY | [BUTTONCONTROL:NAME]MAXIMIZE | [LEGACY:DESC]MAKES THE WINDOW FULL SCREEN | [BUTTONCONTROL:NAME]CLOSE | [LEGACY:DESC]CLOSES THE WINDOW | CUSTOM  CONTAINER | CONTROL  CONTAINER | CUSTOM  CONTAINER | CONTROL  CONTAINER | SAP'S ADVANCED TREELIST | CUSTOM  CONTAINER | CONTROL  CONTAINER
2026-07-16 15:41:52 | SUCCESS  |   ✓ [B363] 370207 — WH02, WT01 DITAMBAH
2026-07-16 15:41:52 | INFO     | [  50/57]  370207  →  Plant: B364
2026-07-16 15:41:52 | DEBUG    |   Isi Material: 370207
2026-07-16 15:41:54 | DEBUG    |   Isi Plant: B364
2026-07-16 15:41:57 | DEBUG    |   [DEBUG] Mundur ke-1: 'WH01'
2026-07-16 15:41:58 | DEBUG    |   [DEBUG] Mundur ke-2: ''
2026-07-16 15:41:58 | DEBUG    |   [DEBUG] SLoc yang terbaca: ['WH01']
2026-07-16 15:41:58 | INFO     |   Isi SLoc yang belum ada: WH02, WT01
2026-07-16 15:41:59 | DEBUG    |   SLoc baru: WH02
2026-07-16 15:42:00 | DEBUG    |   SLoc baru: WT01
2026-07-16 15:42:01 | DEBUG    |   [DEBUG] Jumlah elemen terbaca: 22
2026-07-16 15:42:01 | DEBUG    |   [DEBUG] Status text: [WINDOWCONTROL:NAME]ENTER STORAGE LOCATIONS COLLECTIVELY: LIST | [BUTTONCONTROL:NAME]OPEN | [BUTTONCONTROL:NAME]DELETE | [LEGACY:DESC]DELETE   (SHIFT+F2) | [LEGACY:VALUE]ENTER STORAGE LOCATIONS COLLECTIVELY: LIST | [LEGACY:DESC]DISPLAYS THE NAME OF THE WINDOW AND CONTAINS CONTROLS TO MANIPULATE IT | [MENUBARCONTROL:NAME]SYSTEM | [LEGACY:DESC]CONTAINS COMMANDS TO MANIPULATE THE WINDOW | [MENUITEMCONTROL:NAME]SYSTEM | [BUTTONCONTROL:NAME]MINIMIZE | [LEGACY:DESC]MOVES THE WINDOW OUT OF THE WAY | [BUTTONCONTROL:NAME]MAXIMIZE | [LEGACY:DESC]MAKES THE WINDOW FULL SCREEN | [BUTTONCONTROL:NAME]CLOSE | [LEGACY:DESC]CLOSES THE WINDOW | CUSTOM  CONTAINER | CONTROL  CONTAINER | CUSTOM  CONTAINER | CONTROL  CONTAINER | SAP'S ADVANCED TREELIST | CUSTOM  CONTAINER | CONTROL  CONTAINER
2026-07-16 15:42:03 | SUCCESS  |   ✓ [B364] 370207 — WH02, WT01 DITAMBAH
2026-07-16 15:42:03 | INFO     | [  51/57]  370207  →  Plant: B365
2026-07-16 15:42:03 | DEBUG    |   Isi Material: 370207
2026-07-16 15:42:05 | DEBUG    |   Isi Plant: B365
2026-07-16 15:42:08 | DEBUG    |   [DEBUG] Mundur ke-1: 'WH01'
2026-07-16 15:42:09 | DEBUG    |   [DEBUG] Mundur ke-2: ''
2026-07-16 15:42:09 | DEBUG    |   [DEBUG] SLoc yang terbaca: ['WH01']
2026-07-16 15:42:09 | INFO     |   Isi SLoc yang belum ada: WH02, WT01
2026-07-16 15:42:10 | DEBUG    |   SLoc baru: WH02
2026-07-16 15:42:10 | DEBUG    |   SLoc baru: WT01
2026-07-16 15:42:12 | DEBUG    |   [DEBUG] Jumlah elemen terbaca: 22
2026-07-16 15:42:12 | DEBUG    |   [DEBUG] Status text: [WINDOWCONTROL:NAME]ENTER STORAGE LOCATIONS COLLECTIVELY: LIST | [BUTTONCONTROL:NAME]OPEN | [BUTTONCONTROL:NAME]DELETE | [LEGACY:DESC]DELETE   (SHIFT+F2) | [LEGACY:VALUE]ENTER STORAGE LOCATIONS COLLECTIVELY: LIST | [LEGACY:DESC]DISPLAYS THE NAME OF THE WINDOW AND CONTAINS CONTROLS TO MANIPULATE IT | [MENUBARCONTROL:NAME]SYSTEM | [LEGACY:DESC]CONTAINS COMMANDS TO MANIPULATE THE WINDOW | [MENUITEMCONTROL:NAME]SYSTEM | [BUTTONCONTROL:NAME]MINIMIZE | [LEGACY:DESC]MOVES THE WINDOW OUT OF THE WAY | [BUTTONCONTROL:NAME]MAXIMIZE | [LEGACY:DESC]MAKES THE WINDOW FULL SCREEN | [BUTTONCONTROL:NAME]CLOSE | [LEGACY:DESC]CLOSES THE WINDOW | CUSTOM  CONTAINER | CONTROL  CONTAINER | CUSTOM  CONTAINER | CONTROL  CONTAINER | SAP'S ADVANCED TREELIST | CUSTOM  CONTAINER | CONTROL  CONTAINER
2026-07-16 15:42:14 | SUCCESS  |   ✓ [B365] 370207 — WH02, WT01 DITAMBAH
2026-07-16 15:42:14 | INFO     | [  52/57]  370207  →  Plant: B366
2026-07-16 15:42:14 | DEBUG    |   Isi Material: 370207
2026-07-16 15:42:15 | DEBUG    |   Isi Plant: B366
2026-07-16 15:42:19 | DEBUG    |   [DEBUG] Mundur ke-1: 'WH01'
2026-07-16 15:42:19 | DEBUG    |   [DEBUG] Mundur ke-2: ''
2026-07-16 15:42:20 | DEBUG    |   [DEBUG] SLoc yang terbaca: ['WH01']
2026-07-16 15:42:20 | INFO     |   Isi SLoc yang belum ada: WH02, WT01
2026-07-16 15:42:20 | DEBUG    |   SLoc baru: WH02
2026-07-16 15:42:21 | DEBUG    |   SLoc baru: WT01
2026-07-16 15:42:22 | DEBUG    |   [DEBUG] Jumlah elemen terbaca: 22
2026-07-16 15:42:22 | DEBUG    |   [DEBUG] Status text: [WINDOWCONTROL:NAME]ENTER STORAGE LOCATIONS COLLECTIVELY: LIST | [BUTTONCONTROL:NAME]OPEN | [BUTTONCONTROL:NAME]DELETE | [LEGACY:DESC]DELETE   (SHIFT+F2) | [LEGACY:VALUE]ENTER STORAGE LOCATIONS COLLECTIVELY: LIST | [LEGACY:DESC]DISPLAYS THE NAME OF THE WINDOW AND CONTAINS CONTROLS TO MANIPULATE IT | [MENUBARCONTROL:NAME]SYSTEM | [LEGACY:DESC]CONTAINS COMMANDS TO MANIPULATE THE WINDOW | [MENUITEMCONTROL:NAME]SYSTEM | [BUTTONCONTROL:NAME]MINIMIZE | [LEGACY:DESC]MOVES THE WINDOW OUT OF THE WAY | [BUTTONCONTROL:NAME]MAXIMIZE | [LEGACY:DESC]MAKES THE WINDOW FULL SCREEN | [BUTTONCONTROL:NAME]CLOSE | [LEGACY:DESC]CLOSES THE WINDOW | CUSTOM  CONTAINER | CONTROL  CONTAINER | CUSTOM  CONTAINER | CONTROL  CONTAINER | SAP'S ADVANCED TREELIST | CUSTOM  CONTAINER | CONTROL  CONTAINER
2026-07-16 15:42:24 | SUCCESS  |   ✓ [B366] 370207 — WH02, WT01 DITAMBAH
2026-07-16 15:42:24 | INFO     | [  53/57]  370207  →  Plant: B367
2026-07-16 15:42:24 | DEBUG    |   Isi Material: 370207
2026-07-16 15:42:26 | DEBUG    |   Isi Plant: B367
2026-07-16 15:42:30 | DEBUG    |   [DEBUG] Mundur ke-1: 'WH01'
2026-07-16 15:42:30 | DEBUG    |   [DEBUG] Mundur ke-2: ''
2026-07-16 15:42:30 | DEBUG    |   [DEBUG] SLoc yang terbaca: ['WH01']
2026-07-16 15:42:30 | INFO     |   Isi SLoc yang belum ada: WH02, WT01
2026-07-16 15:42:31 | DEBUG    |   SLoc baru: WH02
2026-07-16 15:42:32 | DEBUG    |   SLoc baru: WT01
2026-07-16 15:42:33 | DEBUG    |   [DEBUG] Jumlah elemen terbaca: 22
2026-07-16 15:42:33 | DEBUG    |   [DEBUG] Status text: [WINDOWCONTROL:NAME]ENTER STORAGE LOCATIONS COLLECTIVELY: LIST | [BUTTONCONTROL:NAME]OPEN | [BUTTONCONTROL:NAME]DELETE | [LEGACY:DESC]DELETE   (SHIFT+F2) | [LEGACY:VALUE]ENTER STORAGE LOCATIONS COLLECTIVELY: LIST | [LEGACY:DESC]DISPLAYS THE NAME OF THE WINDOW AND CONTAINS CONTROLS TO MANIPULATE IT | [MENUBARCONTROL:NAME]SYSTEM | [LEGACY:DESC]CONTAINS COMMANDS TO MANIPULATE THE WINDOW | [MENUITEMCONTROL:NAME]SYSTEM | [BUTTONCONTROL:NAME]MINIMIZE | [LEGACY:DESC]MOVES THE WINDOW OUT OF THE WAY | [BUTTONCONTROL:NAME]MAXIMIZE | [LEGACY:DESC]MAKES THE WINDOW FULL SCREEN | [BUTTONCONTROL:NAME]CLOSE | [LEGACY:DESC]CLOSES THE WINDOW | CUSTOM  CONTAINER | CONTROL  CONTAINER | CUSTOM  CONTAINER | CONTROL  CONTAINER | SAP'S ADVANCED TREELIST | CUSTOM  CONTAINER | CONTROL  CONTAINER
2026-07-16 15:42:35 | SUCCESS  |   ✓ [B367] 370207 — WH02, WT01 DITAMBAH
2026-07-16 15:42:35 | INFO     | [  54/57]  370207  →  Plant: B368
2026-07-16 15:42:35 | DEBUG    |   Isi Material: 370207
2026-07-16 15:42:37 | DEBUG    |   Isi Plant: B368
2026-07-16 15:42:40 | DEBUG    |   [DEBUG] Mundur ke-1: 'WH01'
2026-07-16 15:42:41 | DEBUG    |   [DEBUG] Mundur ke-2: ''
2026-07-16 15:42:41 | DEBUG    |   [DEBUG] SLoc yang terbaca: ['WH01']
2026-07-16 15:42:41 | INFO     |   Isi SLoc yang belum ada: WH02, WT01
2026-07-16 15:42:42 | DEBUG    |   SLoc baru: WH02
2026-07-16 15:42:42 | DEBUG    |   SLoc baru: WT01
2026-07-16 15:42:44 | DEBUG    |   [DEBUG] Jumlah elemen terbaca: 22
2026-07-16 15:42:44 | DEBUG    |   [DEBUG] Status text: [WINDOWCONTROL:NAME]ENTER STORAGE LOCATIONS COLLECTIVELY: LIST | [BUTTONCONTROL:NAME]OPEN | [BUTTONCONTROL:NAME]DELETE | [LEGACY:DESC]DELETE   (SHIFT+F2) | [LEGACY:VALUE]ENTER STORAGE LOCATIONS COLLECTIVELY: LIST | [LEGACY:DESC]DISPLAYS THE NAME OF THE WINDOW AND CONTAINS CONTROLS TO MANIPULATE IT | [MENUBARCONTROL:NAME]SYSTEM | [LEGACY:DESC]CONTAINS COMMANDS TO MANIPULATE THE WINDOW | [MENUITEMCONTROL:NAME]SYSTEM | [BUTTONCONTROL:NAME]MINIMIZE | [LEGACY:DESC]MOVES THE WINDOW OUT OF THE WAY | [BUTTONCONTROL:NAME]MAXIMIZE | [LEGACY:DESC]MAKES THE WINDOW FULL SCREEN | [BUTTONCONTROL:NAME]CLOSE | [LEGACY:DESC]CLOSES THE WINDOW | CUSTOM  CONTAINER | CONTROL  CONTAINER | CUSTOM  CONTAINER | CONTROL  CONTAINER | SAP'S ADVANCED TREELIST | CUSTOM  CONTAINER | CONTROL  CONTAINER
2026-07-16 15:42:46 | SUCCESS  |   ✓ [B368] 370207 — WH02, WT01 DITAMBAH
2026-07-16 15:42:46 | INFO     | [  55/57]  370207  →  Plant: B369
2026-07-16 15:42:46 | DEBUG    |   Isi Material: 370207
2026-07-16 15:42:47 | DEBUG    |   Isi Plant: B369
2026-07-16 15:42:51 | DEBUG    |   [DEBUG] Mundur ke-1: 'WH01'
2026-07-16 15:42:52 | DEBUG    |   [DEBUG] Mundur ke-2: ''
2026-07-16 15:42:52 | DEBUG    |   [DEBUG] SLoc yang terbaca: ['WH01']
2026-07-16 15:42:52 | INFO     |   Isi SLoc yang belum ada: WH02, WT01
2026-07-16 15:42:52 | DEBUG    |   SLoc baru: WH02
2026-07-16 15:42:53 | DEBUG    |   SLoc baru: WT01
2026-07-16 15:42:54 | DEBUG    |   [DEBUG] Jumlah elemen terbaca: 22
2026-07-16 15:42:54 | DEBUG    |   [DEBUG] Status text: [WINDOWCONTROL:NAME]ENTER STORAGE LOCATIONS COLLECTIVELY: LIST | [BUTTONCONTROL:NAME]OPEN | [BUTTONCONTROL:NAME]DELETE | [LEGACY:DESC]DELETE   (SHIFT+F2) | [LEGACY:VALUE]ENTER STORAGE LOCATIONS COLLECTIVELY: LIST | [LEGACY:DESC]DISPLAYS THE NAME OF THE WINDOW AND CONTAINS CONTROLS TO MANIPULATE IT | [MENUBARCONTROL:NAME]SYSTEM | [LEGACY:DESC]CONTAINS COMMANDS TO MANIPULATE THE WINDOW | [MENUITEMCONTROL:NAME]SYSTEM | [BUTTONCONTROL:NAME]MINIMIZE | [LEGACY:DESC]MOVES THE WINDOW OUT OF THE WAY | [BUTTONCONTROL:NAME]MAXIMIZE | [LEGACY:DESC]MAKES THE WINDOW FULL SCREEN | [BUTTONCONTROL:NAME]CLOSE | [LEGACY:DESC]CLOSES THE WINDOW | CUSTOM  CONTAINER | CONTROL  CONTAINER | CUSTOM  CONTAINER | CONTROL  CONTAINER | SAP'S ADVANCED TREELIST | CUSTOM  CONTAINER | CONTROL  CONTAINER
2026-07-16 15:42:56 | SUCCESS  |   ✓ [B369] 370207 — WH02, WT01 DITAMBAH
2026-07-16 15:42:56 | INFO     | [  56/57]  370207  →  Plant: B373
2026-07-16 15:42:56 | DEBUG    |   Isi Material: 370207
2026-07-16 15:42:58 | DEBUG    |   Isi Plant: B373
2026-07-16 15:43:02 | DEBUG    |   [DEBUG] Mundur ke-1: 'WH01'
2026-07-16 15:43:02 | DEBUG    |   [DEBUG] Mundur ke-2: ''
2026-07-16 15:43:02 | DEBUG    |   [DEBUG] SLoc yang terbaca: ['WH01']
2026-07-16 15:43:02 | INFO     |   Isi SLoc yang belum ada: WH02, WT01
2026-07-16 15:43:03 | DEBUG    |   SLoc baru: WH02
2026-07-16 15:43:04 | DEBUG    |   SLoc baru: WT01
2026-07-16 15:43:05 | DEBUG    |   [DEBUG] Jumlah elemen terbaca: 22
2026-07-16 15:43:05 | DEBUG    |   [DEBUG] Status text: [WINDOWCONTROL:NAME]ENTER STORAGE LOCATIONS COLLECTIVELY: LIST | [BUTTONCONTROL:NAME]OPEN | [BUTTONCONTROL:NAME]DELETE | [LEGACY:DESC]DELETE   (SHIFT+F2) | [LEGACY:VALUE]ENTER STORAGE LOCATIONS COLLECTIVELY: LIST | [LEGACY:DESC]DISPLAYS THE NAME OF THE WINDOW AND CONTAINS CONTROLS TO MANIPULATE IT | [MENUBARCONTROL:NAME]SYSTEM | [LEGACY:DESC]CONTAINS COMMANDS TO MANIPULATE THE WINDOW | [MENUITEMCONTROL:NAME]SYSTEM | [BUTTONCONTROL:NAME]MINIMIZE | [LEGACY:DESC]MOVES THE WINDOW OUT OF THE WAY | [BUTTONCONTROL:NAME]MAXIMIZE | [LEGACY:DESC]MAKES THE WINDOW FULL SCREEN | [BUTTONCONTROL:NAME]CLOSE | [LEGACY:DESC]CLOSES THE WINDOW | CUSTOM  CONTAINER | CONTROL  CONTAINER | CUSTOM  CONTAINER | CONTROL  CONTAINER | SAP'S ADVANCED TREELIST | CUSTOM  CONTAINER | CONTROL  CONTAINER
2026-07-16 15:43:07 | SUCCESS  |   ✓ [B373] 370207 — WH02, WT01 DITAMBAH
2026-07-16 15:43:07 | INFO     | [  57/57]  370207  →  Plant: B394
2026-07-16 15:43:07 | DEBUG    |   Isi Material: 370207
2026-07-16 15:43:09 | DEBUG    |   Isi Plant: B394
2026-07-16 15:43:12 | DEBUG    |   [DEBUG] Mundur ke-1: 'WH01'
2026-07-16 15:43:13 | DEBUG    |   [DEBUG] Mundur ke-2: ''
2026-07-16 15:43:13 | DEBUG    |   [DEBUG] SLoc yang terbaca: ['WH01']
2026-07-16 15:43:13 | INFO     |   Isi SLoc yang belum ada: WH02, WT01
2026-07-16 15:43:14 | DEBUG    |   SLoc baru: WH02
2026-07-16 15:43:15 | DEBUG    |   SLoc baru: WT01
2026-07-16 15:43:16 | DEBUG    |   [DEBUG] Jumlah elemen terbaca: 22
2026-07-16 15:43:16 | DEBUG    |   [DEBUG] Status text: [WINDOWCONTROL:NAME]ENTER STORAGE LOCATIONS COLLECTIVELY: LIST | [BUTTONCONTROL:NAME]OPEN | [BUTTONCONTROL:NAME]DELETE | [LEGACY:DESC]DELETE   (SHIFT+F2) | [LEGACY:VALUE]ENTER STORAGE LOCATIONS COLLECTIVELY: LIST | [LEGACY:DESC]DISPLAYS THE NAME OF THE WINDOW AND CONTAINS CONTROLS TO MANIPULATE IT | [MENUBARCONTROL:NAME]SYSTEM | [LEGACY:DESC]CONTAINS COMMANDS TO MANIPULATE THE WINDOW | [MENUITEMCONTROL:NAME]SYSTEM | [BUTTONCONTROL:NAME]MINIMIZE | [LEGACY:DESC]MOVES THE WINDOW OUT OF THE WAY | [BUTTONCONTROL:NAME]MAXIMIZE | [LEGACY:DESC]MAKES THE WINDOW FULL SCREEN | [BUTTONCONTROL:NAME]CLOSE | [LEGACY:DESC]CLOSES THE WINDOW | CUSTOM  CONTAINER | CONTROL  CONTAINER | CUSTOM  CONTAINER | CONTROL  CONTAINER | SAP'S ADVANCED TREELIST | CUSTOM  CONTAINER | CONTROL  CONTAINER
2026-07-16 15:43:18 | SUCCESS  |   ✓ [B394] 370207 — WH02, WT01 DITAMBAH
2026-07-16 15:43:18 | INFO     | 
2026-07-16 15:43:18 | INFO     | ============================================================
2026-07-16 15:43:18 | INFO     |   SELESAI -- OK: 57 | Dry: 0 | Skip: 0 | Error: 0 | Total: 57
2026-07-16 15:43:18 | INFO     | ============================================================
2026-07-16 15:43:18 | SUCCESS  | Laporan: output_rpa\hasil_extend_20260716_153253.xlsx
2026-07-16 15:43:18 | INFO     | Log: output_rpa\rpa_mmsc_20260716_153253.log
