2026-07-17 14:09:26 | INFO     | ============================================================
2026-07-17 14:09:26 | INFO     |   SAP RPA — Auto Extend Material MMSC
2026-07-17 14:09:26 | INFO     |   Storage Loc : WH02 & WT01
2026-07-17 14:09:26 | INFO     |   Input       : _selected_temp.xlsx
2026-07-17 14:09:26 | INFO     |   Dry Run     : False
2026-07-17 14:09:26 | INFO     | ============================================================
2026-07-17 14:09:26 | INFO     | 
2026-07-17 14:09:26 | INFO     |   PERSIAPAN:
2026-07-17 14:09:26 | INFO     |   1. SAP sudah login
2026-07-17 14:09:26 | INFO     |   2. Klik jendela SAP supaya aktif
2026-07-17 14:09:26 | INFO     |   3. JANGAN sentuh mouse/keyboard saat robot berjalan!
2026-07-17 14:09:26 | INFO     |   4. DARURAT: gerak mouse ke pojok KIRI ATAS = STOP
2026-07-17 14:09:26 | INFO     | 
2026-07-17 14:09:26 | INFO     | Total material: 18 baris
2026-07-17 14:09:26 | INFO     |   Mulai dalam 5 detik...
2026-07-17 14:09:27 | INFO     |   Mulai dalam 4 detik...
2026-07-17 14:09:28 | INFO     |   Mulai dalam 3 detik...
2026-07-17 14:09:29 | INFO     |   Mulai dalam 2 detik...
2026-07-17 14:09:30 | INFO     |   Mulai dalam 1 detik...
2026-07-17 14:09:31 | INFO     |   ROBOT MULAI!
2026-07-17 14:09:31 | INFO     | 
2026-07-17 14:09:31 | INFO     |   SAP ditemukan: 'SAP Easy Access'
2026-07-17 14:09:32 | INFO     |   Fokus SAP berhasil ✓
2026-07-17 14:09:33 | INFO     |   SAP → kiri layar (960x1080)
2026-07-17 14:09:37 | INFO     |   MMSC terbuka
2026-07-17 14:09:37 | INFO     | [   1/18]  370192  →  Plant: B200
2026-07-17 14:09:37 | DEBUG    |   Isi Material: 370192
2026-07-17 14:09:39 | DEBUG    |   Isi Plant: B200
2026-07-17 14:09:43 | DEBUG    |   [DEBUG] Mundur ke-1: 'WH01'
2026-07-17 14:09:43 | DEBUG    |   [DEBUG] Mundur ke-2: ''
2026-07-17 14:09:43 | DEBUG    |   [DEBUG] SLoc yang terbaca: ['WH01']
2026-07-17 14:09:43 | INFO     |   Isi SLoc yang belum ada: WH02, WT01
2026-07-17 14:09:44 | DEBUG    |   SLoc baru: WH02
2026-07-17 14:09:45 | DEBUG    |   SLoc baru: WT01
2026-07-17 14:09:46 | DEBUG    |   [DEBUG] Jumlah elemen terbaca: 22
2026-07-17 14:09:46 | DEBUG    |   [DEBUG] Status text: [WINDOWCONTROL:NAME]ENTER STORAGE LOCATIONS COLLECTIVELY: LIST | [BUTTONCONTROL:NAME]OPEN | [BUTTONCONTROL:NAME]DELETE | [LEGACY:DESC]DELETE   (SHIFT+F2) | [LEGACY:VALUE]ENTER STORAGE LOCATIONS COLLECTIVELY: LIST | [LEGACY:DESC]DISPLAYS THE NAME OF THE WINDOW AND CONTAINS CONTROLS TO MANIPULATE IT | [MENUBARCONTROL:NAME]SYSTEM | [LEGACY:DESC]CONTAINS COMMANDS TO MANIPULATE THE WINDOW | [MENUITEMCONTROL:NAME]SYSTEM | [BUTTONCONTROL:NAME]MINIMIZE | [LEGACY:DESC]MOVES THE WINDOW OUT OF THE WAY | [BUTTONCONTROL:NAME]MAXIMIZE | [LEGACY:DESC]MAKES THE WINDOW FULL SCREEN | [BUTTONCONTROL:NAME]CLOSE | [LEGACY:DESC]CLOSES THE WINDOW | CUSTOM  CONTAINER | CONTROL  CONTAINER | CUSTOM  CONTAINER | CONTROL  CONTAINER | SAP'S ADVANCED TREELIST | CUSTOM  CONTAINER | CONTROL  CONTAINER
2026-07-17 14:09:48 | SUCCESS  |   ✓ [B200] 370192 — WH02, WT01 DITAMBAH
2026-07-17 14:09:48 | INFO     | [   2/18]  370192  →  Plant: B201
2026-07-17 14:09:48 | DEBUG    |   Isi Material: 370192
2026-07-17 14:09:50 | DEBUG    |   Isi Plant: B201
2026-07-17 14:09:54 | DEBUG    |   [DEBUG] Mundur ke-1: 'WH01'
2026-07-17 14:09:54 | DEBUG    |   [DEBUG] Mundur ke-2: ''
2026-07-17 14:09:54 | DEBUG    |   [DEBUG] SLoc yang terbaca: ['WH01']
2026-07-17 14:09:54 | INFO     |   Isi SLoc yang belum ada: WH02, WT01
2026-07-17 14:09:55 | DEBUG    |   SLoc baru: WH02
2026-07-17 14:09:56 | DEBUG    |   SLoc baru: WT01
2026-07-17 14:09:57 | DEBUG    |   [DEBUG] Jumlah elemen terbaca: 22
2026-07-17 14:09:57 | DEBUG    |   [DEBUG] Status text: [WINDOWCONTROL:NAME]ENTER STORAGE LOCATIONS COLLECTIVELY: LIST | [BUTTONCONTROL:NAME]OPEN | [BUTTONCONTROL:NAME]DELETE | [LEGACY:DESC]DELETE   (SHIFT+F2) | [LEGACY:VALUE]ENTER STORAGE LOCATIONS COLLECTIVELY: LIST | [LEGACY:DESC]DISPLAYS THE NAME OF THE WINDOW AND CONTAINS CONTROLS TO MANIPULATE IT | [MENUBARCONTROL:NAME]SYSTEM | [LEGACY:DESC]CONTAINS COMMANDS TO MANIPULATE THE WINDOW | [MENUITEMCONTROL:NAME]SYSTEM | [BUTTONCONTROL:NAME]MINIMIZE | [LEGACY:DESC]MOVES THE WINDOW OUT OF THE WAY | [BUTTONCONTROL:NAME]MAXIMIZE | [LEGACY:DESC]MAKES THE WINDOW FULL SCREEN | [BUTTONCONTROL:NAME]CLOSE | [LEGACY:DESC]CLOSES THE WINDOW | CUSTOM  CONTAINER | CONTROL  CONTAINER | CUSTOM  CONTAINER | CONTROL  CONTAINER | SAP'S ADVANCED TREELIST | CUSTOM  CONTAINER | CONTROL  CONTAINER
2026-07-17 14:09:59 | SUCCESS  |   ✓ [B201] 370192 — WH02, WT01 DITAMBAH
2026-07-17 14:09:59 | INFO     | [   3/18]  370192  →  Plant: B202
2026-07-17 14:09:59 | DEBUG    |   Isi Material: 370192
2026-07-17 14:10:01 | DEBUG    |   Isi Plant: B202
2026-07-17 14:10:04 | DEBUG    |   [DEBUG] Mundur ke-1: 'WH01'
2026-07-17 14:10:05 | DEBUG    |   [DEBUG] Mundur ke-2: ''
2026-07-17 14:10:05 | DEBUG    |   [DEBUG] SLoc yang terbaca: ['WH01']
2026-07-17 14:10:05 | INFO     |   Isi SLoc yang belum ada: WH02, WT01
2026-07-17 14:10:06 | DEBUG    |   SLoc baru: WH02
2026-07-17 14:10:07 | DEBUG    |   SLoc baru: WT01
2026-07-17 14:10:08 | DEBUG    |   [DEBUG] Jumlah elemen terbaca: 22
2026-07-17 14:10:08 | DEBUG    |   [DEBUG] Status text: [WINDOWCONTROL:NAME]ENTER STORAGE LOCATIONS COLLECTIVELY: LIST | [BUTTONCONTROL:NAME]OPEN | [BUTTONCONTROL:NAME]DELETE | [LEGACY:DESC]DELETE   (SHIFT+F2) | [LEGACY:VALUE]ENTER STORAGE LOCATIONS COLLECTIVELY: LIST | [LEGACY:DESC]DISPLAYS THE NAME OF THE WINDOW AND CONTAINS CONTROLS TO MANIPULATE IT | [MENUBARCONTROL:NAME]SYSTEM | [LEGACY:DESC]CONTAINS COMMANDS TO MANIPULATE THE WINDOW | [MENUITEMCONTROL:NAME]SYSTEM | [BUTTONCONTROL:NAME]MINIMIZE | [LEGACY:DESC]MOVES THE WINDOW OUT OF THE WAY | [BUTTONCONTROL:NAME]MAXIMIZE | [LEGACY:DESC]MAKES THE WINDOW FULL SCREEN | [BUTTONCONTROL:NAME]CLOSE | [LEGACY:DESC]CLOSES THE WINDOW | CUSTOM  CONTAINER | CONTROL  CONTAINER | CUSTOM  CONTAINER | CONTROL  CONTAINER | SAP'S ADVANCED TREELIST | CUSTOM  CONTAINER | CONTROL  CONTAINER
2026-07-17 14:10:10 | SUCCESS  |   ✓ [B202] 370192 — WH02, WT01 DITAMBAH
2026-07-17 14:10:10 | INFO     | [   4/18]  370192  →  Plant: B203
2026-07-17 14:10:10 | DEBUG    |   Isi Material: 370192
2026-07-17 14:10:12 | DEBUG    |   Isi Plant: B203
2026-07-17 14:10:15 | DEBUG    |   [DEBUG] Mundur ke-1: 'WH01'
2026-07-17 14:10:16 | DEBUG    |   [DEBUG] Mundur ke-2: ''
2026-07-17 14:10:16 | DEBUG    |   [DEBUG] SLoc yang terbaca: ['WH01']
2026-07-17 14:10:16 | INFO     |   Isi SLoc yang belum ada: WH02, WT01
2026-07-17 14:10:17 | DEBUG    |   SLoc baru: WH02
2026-07-17 14:10:18 | DEBUG    |   SLoc baru: WT01
2026-07-17 14:10:19 | DEBUG    |   [DEBUG] Jumlah elemen terbaca: 22
2026-07-17 14:10:19 | DEBUG    |   [DEBUG] Status text: [WINDOWCONTROL:NAME]ENTER STORAGE LOCATIONS COLLECTIVELY: LIST | [BUTTONCONTROL:NAME]OPEN | [BUTTONCONTROL:NAME]DELETE | [LEGACY:DESC]DELETE   (SHIFT+F2) | [LEGACY:VALUE]ENTER STORAGE LOCATIONS COLLECTIVELY: LIST | [LEGACY:DESC]DISPLAYS THE NAME OF THE WINDOW AND CONTAINS CONTROLS TO MANIPULATE IT | [MENUBARCONTROL:NAME]SYSTEM | [LEGACY:DESC]CONTAINS COMMANDS TO MANIPULATE THE WINDOW | [MENUITEMCONTROL:NAME]SYSTEM | [BUTTONCONTROL:NAME]MINIMIZE | [LEGACY:DESC]MOVES THE WINDOW OUT OF THE WAY | [BUTTONCONTROL:NAME]MAXIMIZE | [LEGACY:DESC]MAKES THE WINDOW FULL SCREEN | [BUTTONCONTROL:NAME]CLOSE | [LEGACY:DESC]CLOSES THE WINDOW | CUSTOM  CONTAINER | CONTROL  CONTAINER | CUSTOM  CONTAINER | CONTROL  CONTAINER | SAP'S ADVANCED TREELIST | CUSTOM  CONTAINER | CONTROL  CONTAINER
2026-07-17 14:10:21 | SUCCESS  |   ✓ [B203] 370192 — WH02, WT01 DITAMBAH
2026-07-17 14:10:21 | INFO     | [   5/18]  370192  →  Plant: B204
2026-07-17 14:10:21 | DEBUG    |   Isi Material: 370192
2026-07-17 14:10:23 | DEBUG    |   Isi Plant: B204
2026-07-17 14:10:26 | DEBUG    |   [DEBUG] Mundur ke-1: 'WH01'
2026-07-17 14:10:27 | DEBUG    |   [DEBUG] Mundur ke-2: ''
2026-07-17 14:10:27 | DEBUG    |   [DEBUG] SLoc yang terbaca: ['WH01']
2026-07-17 14:10:27 | INFO     |   Isi SLoc yang belum ada: WH02, WT01
2026-07-17 14:10:28 | DEBUG    |   SLoc baru: WH02
2026-07-17 14:10:29 | DEBUG    |   SLoc baru: WT01
2026-07-17 14:10:30 | DEBUG    |   [DEBUG] Jumlah elemen terbaca: 22
2026-07-17 14:10:30 | DEBUG    |   [DEBUG] Status text: [WINDOWCONTROL:NAME]ENTER STORAGE LOCATIONS COLLECTIVELY: LIST | [BUTTONCONTROL:NAME]OPEN | [BUTTONCONTROL:NAME]DELETE | [LEGACY:DESC]DELETE   (SHIFT+F2) | [LEGACY:VALUE]ENTER STORAGE LOCATIONS COLLECTIVELY: LIST | [LEGACY:DESC]DISPLAYS THE NAME OF THE WINDOW AND CONTAINS CONTROLS TO MANIPULATE IT | [MENUBARCONTROL:NAME]SYSTEM | [LEGACY:DESC]CONTAINS COMMANDS TO MANIPULATE THE WINDOW | [MENUITEMCONTROL:NAME]SYSTEM | [BUTTONCONTROL:NAME]MINIMIZE | [LEGACY:DESC]MOVES THE WINDOW OUT OF THE WAY | [BUTTONCONTROL:NAME]MAXIMIZE | [LEGACY:DESC]MAKES THE WINDOW FULL SCREEN | [BUTTONCONTROL:NAME]CLOSE | [LEGACY:DESC]CLOSES THE WINDOW | CUSTOM  CONTAINER | CONTROL  CONTAINER | CUSTOM  CONTAINER | CONTROL  CONTAINER | SAP'S ADVANCED TREELIST | CUSTOM  CONTAINER | CONTROL  CONTAINER
2026-07-17 14:10:32 | SUCCESS  |   ✓ [B204] 370192 — WH02, WT01 DITAMBAH
2026-07-17 14:10:32 | INFO     | [   6/18]  370192  →  Plant: B205
2026-07-17 14:10:32 | DEBUG    |   Isi Material: 370192
2026-07-17 14:10:34 | DEBUG    |   Isi Plant: B205
2026-07-17 14:10:37 | DEBUG    |   [DEBUG] Mundur ke-1: 'WH01'
2026-07-17 14:10:38 | DEBUG    |   [DEBUG] Mundur ke-2: ''
2026-07-17 14:10:38 | DEBUG    |   [DEBUG] SLoc yang terbaca: ['WH01']
2026-07-17 14:10:38 | INFO     |   Isi SLoc yang belum ada: WH02, WT01
2026-07-17 14:10:39 | DEBUG    |   SLoc baru: WH02
2026-07-17 14:10:40 | DEBUG    |   SLoc baru: WT01
2026-07-17 14:10:41 | DEBUG    |   [DEBUG] Jumlah elemen terbaca: 22
2026-07-17 14:10:41 | DEBUG    |   [DEBUG] Status text: [WINDOWCONTROL:NAME]ENTER STORAGE LOCATIONS COLLECTIVELY: LIST | [BUTTONCONTROL:NAME]OPEN | [BUTTONCONTROL:NAME]DELETE | [LEGACY:DESC]DELETE   (SHIFT+F2) | [LEGACY:VALUE]ENTER STORAGE LOCATIONS COLLECTIVELY: LIST | [LEGACY:DESC]DISPLAYS THE NAME OF THE WINDOW AND CONTAINS CONTROLS TO MANIPULATE IT | [MENUBARCONTROL:NAME]SYSTEM | [LEGACY:DESC]CONTAINS COMMANDS TO MANIPULATE THE WINDOW | [MENUITEMCONTROL:NAME]SYSTEM | [BUTTONCONTROL:NAME]MINIMIZE | [LEGACY:DESC]MOVES THE WINDOW OUT OF THE WAY | [BUTTONCONTROL:NAME]MAXIMIZE | [LEGACY:DESC]MAKES THE WINDOW FULL SCREEN | [BUTTONCONTROL:NAME]CLOSE | [LEGACY:DESC]CLOSES THE WINDOW | CUSTOM  CONTAINER | CONTROL  CONTAINER | CUSTOM  CONTAINER | CONTROL  CONTAINER | SAP'S ADVANCED TREELIST | CUSTOM  CONTAINER | CONTROL  CONTAINER
2026-07-17 14:10:43 | SUCCESS  |   ✓ [B205] 370192 — WH02, WT01 DITAMBAH
2026-07-17 14:10:43 | INFO     | [   7/18]  370194  →  Plant: B200
2026-07-17 14:10:43 | DEBUG    |   Isi Material: 370194
2026-07-17 14:10:45 | DEBUG    |   Isi Plant: B200
2026-07-17 14:10:48 | DEBUG    |   [DEBUG] Mundur ke-1: 'WH01'
2026-07-17 14:10:49 | DEBUG    |   [DEBUG] Mundur ke-2: ''
2026-07-17 14:10:49 | DEBUG    |   [DEBUG] SLoc yang terbaca: ['WH01']
2026-07-17 14:10:49 | INFO     |   Isi SLoc yang belum ada: WH02, WT01
2026-07-17 14:10:50 | DEBUG    |   SLoc baru: WH02
2026-07-17 14:10:51 | DEBUG    |   SLoc baru: WT01
2026-07-17 14:10:52 | DEBUG    |   [DEBUG] Jumlah elemen terbaca: 22
2026-07-17 14:10:52 | DEBUG    |   [DEBUG] Status text: [WINDOWCONTROL:NAME]ENTER STORAGE LOCATIONS COLLECTIVELY: LIST | [BUTTONCONTROL:NAME]OPEN | [BUTTONCONTROL:NAME]DELETE | [LEGACY:DESC]DELETE   (SHIFT+F2) | [LEGACY:VALUE]ENTER STORAGE LOCATIONS COLLECTIVELY: LIST | [LEGACY:DESC]DISPLAYS THE NAME OF THE WINDOW AND CONTAINS CONTROLS TO MANIPULATE IT | [MENUBARCONTROL:NAME]SYSTEM | [LEGACY:DESC]CONTAINS COMMANDS TO MANIPULATE THE WINDOW | [MENUITEMCONTROL:NAME]SYSTEM | [BUTTONCONTROL:NAME]MINIMIZE | [LEGACY:DESC]MOVES THE WINDOW OUT OF THE WAY | [BUTTONCONTROL:NAME]MAXIMIZE | [LEGACY:DESC]MAKES THE WINDOW FULL SCREEN | [BUTTONCONTROL:NAME]CLOSE | [LEGACY:DESC]CLOSES THE WINDOW | CUSTOM  CONTAINER | CONTROL  CONTAINER | CUSTOM  CONTAINER | CONTROL  CONTAINER | SAP'S ADVANCED TREELIST | CUSTOM  CONTAINER | CONTROL  CONTAINER
2026-07-17 14:10:54 | SUCCESS  |   ✓ [B200] 370194 — WH02, WT01 DITAMBAH
2026-07-17 14:10:54 | INFO     | [   8/18]  370194  →  Plant: B201
2026-07-17 14:10:54 | DEBUG    |   Isi Material: 370194
2026-07-17 14:10:56 | DEBUG    |   Isi Plant: B201
2026-07-17 14:10:59 | DEBUG    |   [DEBUG] Mundur ke-1: 'WH01'
2026-07-17 14:11:00 | DEBUG    |   [DEBUG] Mundur ke-2: ''
2026-07-17 14:11:00 | DEBUG    |   [DEBUG] SLoc yang terbaca: ['WH01']
2026-07-17 14:11:00 | INFO     |   Isi SLoc yang belum ada: WH02, WT01
2026-07-17 14:11:00 | DEBUG    |   SLoc baru: WH02
2026-07-17 14:11:01 | DEBUG    |   SLoc baru: WT01
2026-07-17 14:11:02 | DEBUG    |   [DEBUG] Jumlah elemen terbaca: 22
2026-07-17 14:11:02 | DEBUG    |   [DEBUG] Status text: [WINDOWCONTROL:NAME]ENTER STORAGE LOCATIONS COLLECTIVELY: LIST | [BUTTONCONTROL:NAME]OPEN | [BUTTONCONTROL:NAME]DELETE | [LEGACY:DESC]DELETE   (SHIFT+F2) | [LEGACY:VALUE]ENTER STORAGE LOCATIONS COLLECTIVELY: LIST | [LEGACY:DESC]DISPLAYS THE NAME OF THE WINDOW AND CONTAINS CONTROLS TO MANIPULATE IT | [MENUBARCONTROL:NAME]SYSTEM | [LEGACY:DESC]CONTAINS COMMANDS TO MANIPULATE THE WINDOW | [MENUITEMCONTROL:NAME]SYSTEM | [BUTTONCONTROL:NAME]MINIMIZE | [LEGACY:DESC]MOVES THE WINDOW OUT OF THE WAY | [BUTTONCONTROL:NAME]MAXIMIZE | [LEGACY:DESC]MAKES THE WINDOW FULL SCREEN | [BUTTONCONTROL:NAME]CLOSE | [LEGACY:DESC]CLOSES THE WINDOW | CUSTOM  CONTAINER | CONTROL  CONTAINER | CUSTOM  CONTAINER | CONTROL  CONTAINER | SAP'S ADVANCED TREELIST | CUSTOM  CONTAINER | CONTROL  CONTAINER
2026-07-17 14:11:05 | SUCCESS  |   ✓ [B201] 370194 — WH02, WT01 DITAMBAH
2026-07-17 14:11:05 | INFO     | [   9/18]  370194  →  Plant: B202
2026-07-17 14:11:05 | DEBUG    |   Isi Material: 370194
2026-07-17 14:11:06 | DEBUG    |   Isi Plant: B202
2026-07-17 14:11:10 | DEBUG    |   [DEBUG] Mundur ke-1: 'WH01'
2026-07-17 14:11:10 | DEBUG    |   [DEBUG] Mundur ke-2: ''
2026-07-17 14:11:11 | DEBUG    |   [DEBUG] SLoc yang terbaca: ['WH01']
2026-07-17 14:11:11 | INFO     |   Isi SLoc yang belum ada: WH02, WT01
2026-07-17 14:11:11 | DEBUG    |   SLoc baru: WH02
2026-07-17 14:11:12 | DEBUG    |   SLoc baru: WT01
2026-07-17 14:11:14 | DEBUG    |   [DEBUG] Jumlah elemen terbaca: 22
2026-07-17 14:11:14 | DEBUG    |   [DEBUG] Status text: [WINDOWCONTROL:NAME]ENTER STORAGE LOCATIONS COLLECTIVELY: LIST | [BUTTONCONTROL:NAME]OPEN | [BUTTONCONTROL:NAME]DELETE | [LEGACY:DESC]DELETE   (SHIFT+F2) | [LEGACY:VALUE]ENTER STORAGE LOCATIONS COLLECTIVELY: LIST | [LEGACY:DESC]DISPLAYS THE NAME OF THE WINDOW AND CONTAINS CONTROLS TO MANIPULATE IT | [MENUBARCONTROL:NAME]SYSTEM | [LEGACY:DESC]CONTAINS COMMANDS TO MANIPULATE THE WINDOW | [MENUITEMCONTROL:NAME]SYSTEM | [BUTTONCONTROL:NAME]MINIMIZE | [LEGACY:DESC]MOVES THE WINDOW OUT OF THE WAY | [BUTTONCONTROL:NAME]MAXIMIZE | [LEGACY:DESC]MAKES THE WINDOW FULL SCREEN | [BUTTONCONTROL:NAME]CLOSE | [LEGACY:DESC]CLOSES THE WINDOW | CUSTOM  CONTAINER | CONTROL  CONTAINER | CUSTOM  CONTAINER | CONTROL  CONTAINER | SAP'S ADVANCED TREELIST | CUSTOM  CONTAINER | CONTROL  CONTAINER
2026-07-17 14:11:16 | SUCCESS  |   ✓ [B202] 370194 — WH02, WT01 DITAMBAH
2026-07-17 14:11:16 | INFO     | [  10/18]  370194  →  Plant: B203
2026-07-17 14:11:16 | DEBUG    |   Isi Material: 370194
2026-07-17 14:11:18 | DEBUG    |   Isi Plant: B203
2026-07-17 14:11:21 | DEBUG    |   [DEBUG] Mundur ke-1: 'WH01'
2026-07-17 14:11:22 | DEBUG    |   [DEBUG] Mundur ke-2: ''
2026-07-17 14:11:22 | DEBUG    |   [DEBUG] SLoc yang terbaca: ['WH01']
2026-07-17 14:11:22 | INFO     |   Isi SLoc yang belum ada: WH02, WT01
2026-07-17 14:11:22 | DEBUG    |   SLoc baru: WH02
2026-07-17 14:11:24 | DEBUG    |   SLoc baru: WT01
2026-07-17 14:11:25 | DEBUG    |   [DEBUG] Jumlah elemen terbaca: 22
2026-07-17 14:11:25 | DEBUG    |   [DEBUG] Status text: [WINDOWCONTROL:NAME]ENTER STORAGE LOCATIONS COLLECTIVELY: LIST | [BUTTONCONTROL:NAME]OPEN | [BUTTONCONTROL:NAME]DELETE | [LEGACY:DESC]DELETE   (SHIFT+F2) | [LEGACY:VALUE]ENTER STORAGE LOCATIONS COLLECTIVELY: LIST | [LEGACY:DESC]DISPLAYS THE NAME OF THE WINDOW AND CONTAINS CONTROLS TO MANIPULATE IT | [MENUBARCONTROL:NAME]SYSTEM | [LEGACY:DESC]CONTAINS COMMANDS TO MANIPULATE THE WINDOW | [MENUITEMCONTROL:NAME]SYSTEM | [BUTTONCONTROL:NAME]MINIMIZE | [LEGACY:DESC]MOVES THE WINDOW OUT OF THE WAY | [BUTTONCONTROL:NAME]MAXIMIZE | [LEGACY:DESC]MAKES THE WINDOW FULL SCREEN | [BUTTONCONTROL:NAME]CLOSE | [LEGACY:DESC]CLOSES THE WINDOW | CUSTOM  CONTAINER | CONTROL  CONTAINER | CUSTOM  CONTAINER | CONTROL  CONTAINER | SAP'S ADVANCED TREELIST | CUSTOM  CONTAINER | CONTROL  CONTAINER
2026-07-17 14:11:27 | SUCCESS  |   ✓ [B203] 370194 — WH02, WT01 DITAMBAH
2026-07-17 14:11:27 | INFO     | [  11/18]  370194  →  Plant: B204
2026-07-17 14:11:27 | DEBUG    |   Isi Material: 370194
2026-07-17 14:11:29 | DEBUG    |   Isi Plant: B204
2026-07-17 14:11:32 | DEBUG    |   [DEBUG] Mundur ke-1: 'WH01'
2026-07-17 14:11:33 | DEBUG    |   [DEBUG] Mundur ke-2: ''
2026-07-17 14:11:33 | DEBUG    |   [DEBUG] SLoc yang terbaca: ['WH01']
2026-07-17 14:11:33 | INFO     |   Isi SLoc yang belum ada: WH02, WT01
2026-07-17 14:11:34 | DEBUG    |   SLoc baru: WH02
2026-07-17 14:11:35 | DEBUG    |   SLoc baru: WT01
2026-07-17 14:11:36 | DEBUG    |   [DEBUG] Jumlah elemen terbaca: 22
2026-07-17 14:11:36 | DEBUG    |   [DEBUG] Status text: [WINDOWCONTROL:NAME]ENTER STORAGE LOCATIONS COLLECTIVELY: LIST | [BUTTONCONTROL:NAME]OPEN | [BUTTONCONTROL:NAME]DELETE | [LEGACY:DESC]DELETE   (SHIFT+F2) | [LEGACY:VALUE]ENTER STORAGE LOCATIONS COLLECTIVELY: LIST | [LEGACY:DESC]DISPLAYS THE NAME OF THE WINDOW AND CONTAINS CONTROLS TO MANIPULATE IT | [MENUBARCONTROL:NAME]SYSTEM | [LEGACY:DESC]CONTAINS COMMANDS TO MANIPULATE THE WINDOW | [MENUITEMCONTROL:NAME]SYSTEM | [BUTTONCONTROL:NAME]MINIMIZE | [LEGACY:DESC]MOVES THE WINDOW OUT OF THE WAY | [BUTTONCONTROL:NAME]MAXIMIZE | [LEGACY:DESC]MAKES THE WINDOW FULL SCREEN | [BUTTONCONTROL:NAME]CLOSE | [LEGACY:DESC]CLOSES THE WINDOW | CUSTOM  CONTAINER | CONTROL  CONTAINER | CUSTOM  CONTAINER | CONTROL  CONTAINER | SAP'S ADVANCED TREELIST | CUSTOM  CONTAINER | CONTROL  CONTAINER
2026-07-17 14:11:38 | SUCCESS  |   ✓ [B204] 370194 — WH02, WT01 DITAMBAH
2026-07-17 14:11:38 | INFO     | [  12/18]  370194  →  Plant: B205
2026-07-17 14:11:38 | DEBUG    |   Isi Material: 370194
2026-07-17 14:11:40 | DEBUG    |   Isi Plant: B205
2026-07-17 14:11:43 | DEBUG    |   [DEBUG] Mundur ke-1: 'WH01'
2026-07-17 14:11:44 | DEBUG    |   [DEBUG] Mundur ke-2: ''
2026-07-17 14:11:44 | DEBUG    |   [DEBUG] SLoc yang terbaca: ['WH01']
2026-07-17 14:11:44 | INFO     |   Isi SLoc yang belum ada: WH02, WT01
2026-07-17 14:11:45 | DEBUG    |   SLoc baru: WH02
2026-07-17 14:11:46 | DEBUG    |   SLoc baru: WT01
2026-07-17 14:11:47 | DEBUG    |   [DEBUG] Jumlah elemen terbaca: 22
2026-07-17 14:11:47 | DEBUG    |   [DEBUG] Status text: [WINDOWCONTROL:NAME]ENTER STORAGE LOCATIONS COLLECTIVELY: LIST | [BUTTONCONTROL:NAME]OPEN | [BUTTONCONTROL:NAME]DELETE | [LEGACY:DESC]DELETE   (SHIFT+F2) | [LEGACY:VALUE]ENTER STORAGE LOCATIONS COLLECTIVELY: LIST | [LEGACY:DESC]DISPLAYS THE NAME OF THE WINDOW AND CONTAINS CONTROLS TO MANIPULATE IT | [MENUBARCONTROL:NAME]SYSTEM | [LEGACY:DESC]CONTAINS COMMANDS TO MANIPULATE THE WINDOW | [MENUITEMCONTROL:NAME]SYSTEM | [BUTTONCONTROL:NAME]MINIMIZE | [LEGACY:DESC]MOVES THE WINDOW OUT OF THE WAY | [BUTTONCONTROL:NAME]MAXIMIZE | [LEGACY:DESC]MAKES THE WINDOW FULL SCREEN | [BUTTONCONTROL:NAME]CLOSE | [LEGACY:DESC]CLOSES THE WINDOW | CUSTOM  CONTAINER | CONTROL  CONTAINER | CUSTOM  CONTAINER | CONTROL  CONTAINER | SAP'S ADVANCED TREELIST | CUSTOM  CONTAINER | CONTROL  CONTAINER
2026-07-17 14:11:49 | SUCCESS  |   ✓ [B205] 370194 — WH02, WT01 DITAMBAH
2026-07-17 14:11:49 | INFO     | [  13/18]  370195  →  Plant: B200
2026-07-17 14:11:49 | DEBUG    |   Isi Material: 370195
2026-07-17 14:11:51 | DEBUG    |   Isi Plant: B200
2026-07-17 14:11:54 | DEBUG    |   [DEBUG] Mundur ke-1: 'WH01'
2026-07-17 14:11:55 | DEBUG    |   [DEBUG] Mundur ke-2: ''
2026-07-17 14:11:55 | DEBUG    |   [DEBUG] SLoc yang terbaca: ['WH01']
2026-07-17 14:11:55 | INFO     |   Isi SLoc yang belum ada: WH02, WT01
2026-07-17 14:11:56 | DEBUG    |   SLoc baru: WH02
2026-07-17 14:11:57 | DEBUG    |   SLoc baru: WT01
2026-07-17 14:11:58 | DEBUG    |   [DEBUG] Jumlah elemen terbaca: 22
2026-07-17 14:11:58 | DEBUG    |   [DEBUG] Status text: [WINDOWCONTROL:NAME]ENTER STORAGE LOCATIONS COLLECTIVELY: LIST | [BUTTONCONTROL:NAME]OPEN | [BUTTONCONTROL:NAME]DELETE | [LEGACY:DESC]DELETE   (SHIFT+F2) | [LEGACY:VALUE]ENTER STORAGE LOCATIONS COLLECTIVELY: LIST | [LEGACY:DESC]DISPLAYS THE NAME OF THE WINDOW AND CONTAINS CONTROLS TO MANIPULATE IT | [MENUBARCONTROL:NAME]SYSTEM | [LEGACY:DESC]CONTAINS COMMANDS TO MANIPULATE THE WINDOW | [MENUITEMCONTROL:NAME]SYSTEM | [BUTTONCONTROL:NAME]MINIMIZE | [LEGACY:DESC]MOVES THE WINDOW OUT OF THE WAY | [BUTTONCONTROL:NAME]MAXIMIZE | [LEGACY:DESC]MAKES THE WINDOW FULL SCREEN | [BUTTONCONTROL:NAME]CLOSE | [LEGACY:DESC]CLOSES THE WINDOW | CUSTOM  CONTAINER | CONTROL  CONTAINER | CUSTOM  CONTAINER | CONTROL  CONTAINER | SAP'S ADVANCED TREELIST | CUSTOM  CONTAINER | CONTROL  CONTAINER
2026-07-17 14:12:00 | SUCCESS  |   ✓ [B200] 370195 — WH02, WT01 DITAMBAH
2026-07-17 14:12:00 | INFO     | [  14/18]  370195  →  Plant: B201
2026-07-17 14:12:00 | DEBUG    |   Isi Material: 370195
2026-07-17 14:12:02 | DEBUG    |   Isi Plant: B201
2026-07-17 14:12:05 | DEBUG    |   [DEBUG] Mundur ke-1: 'WH01'
2026-07-17 14:12:06 | DEBUG    |   [DEBUG] Mundur ke-2: ''
2026-07-17 14:12:06 | DEBUG    |   [DEBUG] SLoc yang terbaca: ['WH01']
2026-07-17 14:12:06 | INFO     |   Isi SLoc yang belum ada: WH02, WT01
2026-07-17 14:12:07 | DEBUG    |   SLoc baru: WH02
2026-07-17 14:12:08 | DEBUG    |   SLoc baru: WT01
2026-07-17 14:12:09 | DEBUG    |   [DEBUG] Jumlah elemen terbaca: 22
2026-07-17 14:12:09 | DEBUG    |   [DEBUG] Status text: [WINDOWCONTROL:NAME]ENTER STORAGE LOCATIONS COLLECTIVELY: LIST | [BUTTONCONTROL:NAME]OPEN | [BUTTONCONTROL:NAME]DELETE | [LEGACY:DESC]DELETE   (SHIFT+F2) | [LEGACY:VALUE]ENTER STORAGE LOCATIONS COLLECTIVELY: LIST | [LEGACY:DESC]DISPLAYS THE NAME OF THE WINDOW AND CONTAINS CONTROLS TO MANIPULATE IT | [MENUBARCONTROL:NAME]SYSTEM | [LEGACY:DESC]CONTAINS COMMANDS TO MANIPULATE THE WINDOW | [MENUITEMCONTROL:NAME]SYSTEM | [BUTTONCONTROL:NAME]MINIMIZE | [LEGACY:DESC]MOVES THE WINDOW OUT OF THE WAY | [BUTTONCONTROL:NAME]MAXIMIZE | [LEGACY:DESC]MAKES THE WINDOW FULL SCREEN | [BUTTONCONTROL:NAME]CLOSE | [LEGACY:DESC]CLOSES THE WINDOW | CUSTOM  CONTAINER | CONTROL  CONTAINER | CUSTOM  CONTAINER | CONTROL  CONTAINER | SAP'S ADVANCED TREELIST | CUSTOM  CONTAINER | CONTROL  CONTAINER
2026-07-17 14:12:11 | SUCCESS  |   ✓ [B201] 370195 — WH02, WT01 DITAMBAH
2026-07-17 14:12:11 | INFO     | [  15/18]  370195  →  Plant: B202
2026-07-17 14:12:11 | DEBUG    |   Isi Material: 370195
2026-07-17 14:12:13 | DEBUG    |   Isi Plant: B202
2026-07-17 14:12:16 | DEBUG    |   [DEBUG] Mundur ke-1: 'WH01'
2026-07-17 14:12:17 | DEBUG    |   [DEBUG] Mundur ke-2: ''
2026-07-17 14:12:17 | DEBUG    |   [DEBUG] SLoc yang terbaca: ['WH01']
2026-07-17 14:12:17 | INFO     |   Isi SLoc yang belum ada: WH02, WT01
2026-07-17 14:12:18 | DEBUG    |   SLoc baru: WH02
2026-07-17 14:12:19 | DEBUG    |   SLoc baru: WT01
2026-07-17 14:12:20 | DEBUG    |   [DEBUG] Jumlah elemen terbaca: 22
2026-07-17 14:12:20 | DEBUG    |   [DEBUG] Status text: [WINDOWCONTROL:NAME]ENTER STORAGE LOCATIONS COLLECTIVELY: LIST | [BUTTONCONTROL:NAME]OPEN | [BUTTONCONTROL:NAME]DELETE | [LEGACY:DESC]DELETE   (SHIFT+F2) | [LEGACY:VALUE]ENTER STORAGE LOCATIONS COLLECTIVELY: LIST | [LEGACY:DESC]DISPLAYS THE NAME OF THE WINDOW AND CONTAINS CONTROLS TO MANIPULATE IT | [MENUBARCONTROL:NAME]SYSTEM | [LEGACY:DESC]CONTAINS COMMANDS TO MANIPULATE THE WINDOW | [MENUITEMCONTROL:NAME]SYSTEM | [BUTTONCONTROL:NAME]MINIMIZE | [LEGACY:DESC]MOVES THE WINDOW OUT OF THE WAY | [BUTTONCONTROL:NAME]MAXIMIZE | [LEGACY:DESC]MAKES THE WINDOW FULL SCREEN | [BUTTONCONTROL:NAME]CLOSE | [LEGACY:DESC]CLOSES THE WINDOW | CUSTOM  CONTAINER | CONTROL  CONTAINER | CUSTOM  CONTAINER | CONTROL  CONTAINER | SAP'S ADVANCED TREELIST | CUSTOM  CONTAINER | CONTROL  CONTAINER
2026-07-17 14:12:22 | SUCCESS  |   ✓ [B202] 370195 — WH02, WT01 DITAMBAH
2026-07-17 14:12:22 | INFO     | [  16/18]  370195  →  Plant: B203
2026-07-17 14:12:22 | DEBUG    |   Isi Material: 370195
2026-07-17 14:12:24 | DEBUG    |   Isi Plant: B203
2026-07-17 14:12:27 | DEBUG    |   [DEBUG] Mundur ke-1: 'WH01'
2026-07-17 14:12:28 | DEBUG    |   [DEBUG] Mundur ke-2: ''
2026-07-17 14:12:28 | DEBUG    |   [DEBUG] SLoc yang terbaca: ['WH01']
2026-07-17 14:12:28 | INFO     |   Isi SLoc yang belum ada: WH02, WT01
2026-07-17 14:12:28 | DEBUG    |   SLoc baru: WH02
2026-07-17 14:12:29 | DEBUG    |   SLoc baru: WT01
2026-07-17 14:12:31 | DEBUG    |   [DEBUG] Jumlah elemen terbaca: 22
2026-07-17 14:12:31 | DEBUG    |   [DEBUG] Status text: [WINDOWCONTROL:NAME]ENTER STORAGE LOCATIONS COLLECTIVELY: LIST | [BUTTONCONTROL:NAME]OPEN | [BUTTONCONTROL:NAME]DELETE | [LEGACY:DESC]DELETE   (SHIFT+F2) | [LEGACY:VALUE]ENTER STORAGE LOCATIONS COLLECTIVELY: LIST | [LEGACY:DESC]DISPLAYS THE NAME OF THE WINDOW AND CONTAINS CONTROLS TO MANIPULATE IT | [MENUBARCONTROL:NAME]SYSTEM | [LEGACY:DESC]CONTAINS COMMANDS TO MANIPULATE THE WINDOW | [MENUITEMCONTROL:NAME]SYSTEM | [BUTTONCONTROL:NAME]MINIMIZE | [LEGACY:DESC]MOVES THE WINDOW OUT OF THE WAY | [BUTTONCONTROL:NAME]MAXIMIZE | [LEGACY:DESC]MAKES THE WINDOW FULL SCREEN | [BUTTONCONTROL:NAME]CLOSE | [LEGACY:DESC]CLOSES THE WINDOW | CUSTOM  CONTAINER | CONTROL  CONTAINER | CUSTOM  CONTAINER | CONTROL  CONTAINER | SAP'S ADVANCED TREELIST | CUSTOM  CONTAINER | CONTROL  CONTAINER
2026-07-17 14:12:33 | SUCCESS  |   ✓ [B203] 370195 — WH02, WT01 DITAMBAH
2026-07-17 14:12:33 | INFO     | [  17/18]  370195  →  Plant: B204
2026-07-17 14:12:33 | DEBUG    |   Isi Material: 370195
2026-07-17 14:12:34 | DEBUG    |   Isi Plant: B204
2026-07-17 14:12:37 | WARNING  |   [SKIP] [B204] 370195 -- Error SAP (locked/not exist), lanjut plant berikutnya
2026-07-17 14:12:38 | INFO     | [  18/18]  370195  →  Plant: B205
2026-07-17 14:12:38 | DEBUG    |   Isi Material: 370195
2026-07-17 14:12:40 | DEBUG    |   Isi Plant: B205
2026-07-17 14:12:43 | DEBUG    |   [DEBUG] Mundur ke-1: 'WT01'
2026-07-17 14:12:44 | DEBUG    |   [DEBUG] Mundur ke-2: 'WH02'
2026-07-17 14:12:44 | DEBUG    |   [DEBUG] Mundur ke-3: 'WH01'
2026-07-17 14:12:45 | DEBUG    |   [DEBUG] Mundur ke-4: ''
2026-07-17 14:12:46 | DEBUG    |   [DEBUG] SLoc yang terbaca: ['WH01', 'WH02', 'WT01']
2026-07-17 14:12:46 | WARNING  |   [SKIP] [B205] 370195 -- WH02 & WT01 sudah ada, skip (tanpa save), lanjut ke berikutnya
2026-07-17 14:12:47 | INFO     | 
2026-07-17 14:12:47 | INFO     | ============================================================
2026-07-17 14:12:47 | INFO     |   SELESAI -- OK: 16 | Dry: 0 | Skip: 2 | Error: 0 | Total: 18
2026-07-17 14:12:47 | INFO     | ============================================================
2026-07-17 14:12:47 | SUCCESS  | Laporan: output_rpa\hasil_extend_20260717_140926.xlsx
2026-07-17 14:12:47 | INFO     | Log: output_rpa\rpa_mmsc_20260717_140926.log
