2026-07-10 10:53:04 | INFO     | ============================================================
2026-07-10 10:53:04 | INFO     |   SAP RPA — Auto Extend Material MMSC
2026-07-10 10:53:04 | INFO     |   Storage Loc : WH02 & WT01
2026-07-10 10:53:04 | INFO     |   Input       : _selected_temp.xlsx
2026-07-10 10:53:04 | INFO     |   Dry Run     : False
2026-07-10 10:53:04 | INFO     | ============================================================
2026-07-10 10:53:04 | INFO     | 
2026-07-10 10:53:04 | INFO     |   PERSIAPAN:
2026-07-10 10:53:04 | INFO     |   1. SAP sudah login
2026-07-10 10:53:04 | INFO     |   2. Klik jendela SAP supaya aktif
2026-07-10 10:53:04 | INFO     |   3. JANGAN sentuh mouse/keyboard saat robot berjalan!
2026-07-10 10:53:04 | INFO     |   4. DARURAT: gerak mouse ke pojok KIRI ATAS = STOP
2026-07-10 10:53:04 | INFO     | 
2026-07-10 10:53:04 | INFO     | Total material: 50 baris
2026-07-10 10:53:04 | INFO     |   Mulai dalam 5 detik...
2026-07-10 10:53:05 | INFO     |   Mulai dalam 4 detik...
2026-07-10 10:53:06 | INFO     |   Mulai dalam 3 detik...
2026-07-10 10:53:07 | INFO     |   Mulai dalam 2 detik...
2026-07-10 10:53:08 | INFO     |   Mulai dalam 1 detik...
2026-07-10 10:53:09 | INFO     |   ROBOT MULAI!
2026-07-10 10:53:09 | INFO     | 
2026-07-10 10:53:09 | INFO     |   SAP ditemukan: 'Enter Storage Locations Collectively: Initial Screen'
2026-07-10 10:53:10 | INFO     |   Fokus SAP berhasil ✓
2026-07-10 10:53:10 | INFO     |   SAP → kiri layar (960x1080)
2026-07-10 10:53:15 | INFO     |   MMSC terbuka
2026-07-10 10:53:15 | INFO     | [   1/50]  351991  →  Plant: B200
2026-07-10 10:53:15 | DEBUG    |   Isi Material: 351991
2026-07-10 10:53:17 | DEBUG    |   Isi Plant: B200
2026-07-10 10:53:20 | DEBUG    |   [DEBUG] Mundur ke-1: 'WH01'
2026-07-10 10:53:21 | DEBUG    |   [DEBUG] Mundur ke-2: ''
2026-07-10 10:53:21 | DEBUG    |   [DEBUG] SLoc yang terbaca: ['WH01']
2026-07-10 10:53:21 | INFO     |   Isi SLoc yang belum ada: WH02, WT01
2026-07-10 10:53:22 | DEBUG    |   SLoc baru: WH02
2026-07-10 10:53:22 | DEBUG    |   SLoc baru: WT01
2026-07-10 10:53:24 | DEBUG    |   [DEBUG] Jumlah elemen terbaca: 22
2026-07-10 10:53:24 | DEBUG    |   [DEBUG] Status text: [WINDOWCONTROL:NAME]ENTER STORAGE LOCATIONS COLLECTIVELY: LIST | [BUTTONCONTROL:NAME]OPEN | [BUTTONCONTROL:NAME]DELETE | [LEGACY:DESC]DELETE   (SHIFT+F2) | [LEGACY:VALUE]ENTER STORAGE LOCATIONS COLLECTIVELY: LIST | [LEGACY:DESC]DISPLAYS THE NAME OF THE WINDOW AND CONTAINS CONTROLS TO MANIPULATE IT | [MENUBARCONTROL:NAME]SYSTEM | [LEGACY:DESC]CONTAINS COMMANDS TO MANIPULATE THE WINDOW | [MENUITEMCONTROL:NAME]SYSTEM | [BUTTONCONTROL:NAME]MINIMIZE | [LEGACY:DESC]MOVES THE WINDOW OUT OF THE WAY | [BUTTONCONTROL:NAME]MAXIMIZE | [LEGACY:DESC]MAKES THE WINDOW FULL SCREEN | [BUTTONCONTROL:NAME]CLOSE | [LEGACY:DESC]CLOSES THE WINDOW | CUSTOM  CONTAINER | CONTROL  CONTAINER | CUSTOM  CONTAINER | CONTROL  CONTAINER | SAP'S ADVANCED TREELIST | CUSTOM  CONTAINER | CONTROL  CONTAINER
2026-07-10 10:53:26 | SUCCESS  |   ✓ [B200] 351991 — WH02, WT01 DITAMBAH
2026-07-10 10:53:26 | INFO     | [   2/50]  351991  →  Plant: B201
2026-07-10 10:53:26 | DEBUG    |   Isi Material: 351991
2026-07-10 10:53:27 | DEBUG    |   Isi Plant: B201
2026-07-10 10:53:31 | DEBUG    |   [DEBUG] Mundur ke-1: 'WH01'
2026-07-10 10:53:31 | DEBUG    |   [DEBUG] Mundur ke-2: ''
2026-07-10 10:53:32 | DEBUG    |   [DEBUG] SLoc yang terbaca: ['WH01']
2026-07-10 10:53:32 | INFO     |   Isi SLoc yang belum ada: WH02, WT01
2026-07-10 10:53:32 | DEBUG    |   SLoc baru: WH02
2026-07-10 10:53:33 | DEBUG    |   SLoc baru: WT01
2026-07-10 10:53:34 | DEBUG    |   [DEBUG] Jumlah elemen terbaca: 22
2026-07-10 10:53:34 | DEBUG    |   [DEBUG] Status text: [WINDOWCONTROL:NAME]ENTER STORAGE LOCATIONS COLLECTIVELY: LIST | [BUTTONCONTROL:NAME]OPEN | [BUTTONCONTROL:NAME]DELETE | [LEGACY:DESC]DELETE   (SHIFT+F2) | [LEGACY:VALUE]ENTER STORAGE LOCATIONS COLLECTIVELY: LIST | [LEGACY:DESC]DISPLAYS THE NAME OF THE WINDOW AND CONTAINS CONTROLS TO MANIPULATE IT | [MENUBARCONTROL:NAME]SYSTEM | [LEGACY:DESC]CONTAINS COMMANDS TO MANIPULATE THE WINDOW | [MENUITEMCONTROL:NAME]SYSTEM | [BUTTONCONTROL:NAME]MINIMIZE | [LEGACY:DESC]MOVES THE WINDOW OUT OF THE WAY | [BUTTONCONTROL:NAME]MAXIMIZE | [LEGACY:DESC]MAKES THE WINDOW FULL SCREEN | [BUTTONCONTROL:NAME]CLOSE | [LEGACY:DESC]CLOSES THE WINDOW | CUSTOM  CONTAINER | CONTROL  CONTAINER | CUSTOM  CONTAINER | CONTROL  CONTAINER | SAP'S ADVANCED TREELIST | CUSTOM  CONTAINER | CONTROL  CONTAINER
2026-07-10 10:53:36 | SUCCESS  |   ✓ [B201] 351991 — WH02, WT01 DITAMBAH
2026-07-10 10:53:36 | INFO     | [   3/50]  351991  →  Plant: B202
2026-07-10 10:53:36 | DEBUG    |   Isi Material: 351991
2026-07-10 10:53:38 | DEBUG    |   Isi Plant: B202
2026-07-10 10:53:41 | DEBUG    |   [DEBUG] Mundur ke-1: 'WH01'
2026-07-10 10:53:42 | DEBUG    |   [DEBUG] Mundur ke-2: ''
2026-07-10 10:53:42 | DEBUG    |   [DEBUG] SLoc yang terbaca: ['WH01']
2026-07-10 10:53:42 | INFO     |   Isi SLoc yang belum ada: WH02, WT01
2026-07-10 10:53:43 | DEBUG    |   SLoc baru: WH02
2026-07-10 10:53:44 | DEBUG    |   SLoc baru: WT01
2026-07-10 10:53:44 | DEBUG    |   [DEBUG] Jumlah elemen terbaca: 22
2026-07-10 10:53:44 | DEBUG    |   [DEBUG] Status text: [WINDOWCONTROL:NAME]ENTER STORAGE LOCATIONS COLLECTIVELY: LIST | [BUTTONCONTROL:NAME]OPEN | [BUTTONCONTROL:NAME]DELETE | [LEGACY:DESC]DELETE   (SHIFT+F2) | [LEGACY:VALUE]ENTER STORAGE LOCATIONS COLLECTIVELY: LIST | [LEGACY:DESC]DISPLAYS THE NAME OF THE WINDOW AND CONTAINS CONTROLS TO MANIPULATE IT | [MENUBARCONTROL:NAME]SYSTEM | [LEGACY:DESC]CONTAINS COMMANDS TO MANIPULATE THE WINDOW | [MENUITEMCONTROL:NAME]SYSTEM | [BUTTONCONTROL:NAME]MINIMIZE | [LEGACY:DESC]MOVES THE WINDOW OUT OF THE WAY | [BUTTONCONTROL:NAME]MAXIMIZE | [LEGACY:DESC]MAKES THE WINDOW FULL SCREEN | [BUTTONCONTROL:NAME]CLOSE | [LEGACY:DESC]CLOSES THE WINDOW | CUSTOM  CONTAINER | CONTROL  CONTAINER | CUSTOM  CONTAINER | CONTROL  CONTAINER | SAP'S ADVANCED TREELIST | CUSTOM  CONTAINER | CONTROL  CONTAINER
2026-07-10 10:53:46 | SUCCESS  |   ✓ [B202] 351991 — WH02, WT01 DITAMBAH
2026-07-10 10:53:46 | INFO     | [   4/50]  351991  →  Plant: B203
2026-07-10 10:53:46 | DEBUG    |   Isi Material: 351991
2026-07-10 10:53:48 | DEBUG    |   Isi Plant: B203
2026-07-10 10:53:52 | DEBUG    |   [DEBUG] Mundur ke-1: 'WH01'
2026-07-10 10:53:52 | DEBUG    |   [DEBUG] Mundur ke-2: ''
2026-07-10 10:53:53 | DEBUG    |   [DEBUG] SLoc yang terbaca: ['WH01']
2026-07-10 10:53:53 | INFO     |   Isi SLoc yang belum ada: WH02, WT01
2026-07-10 10:53:53 | DEBUG    |   SLoc baru: WH02
2026-07-10 10:53:54 | DEBUG    |   SLoc baru: WT01
2026-07-10 10:53:55 | DEBUG    |   [DEBUG] Jumlah elemen terbaca: 22
2026-07-10 10:53:55 | DEBUG    |   [DEBUG] Status text: [WINDOWCONTROL:NAME]ENTER STORAGE LOCATIONS COLLECTIVELY: LIST | [BUTTONCONTROL:NAME]OPEN | [BUTTONCONTROL:NAME]DELETE | [LEGACY:DESC]DELETE   (SHIFT+F2) | [LEGACY:VALUE]ENTER STORAGE LOCATIONS COLLECTIVELY: LIST | [LEGACY:DESC]DISPLAYS THE NAME OF THE WINDOW AND CONTAINS CONTROLS TO MANIPULATE IT | [MENUBARCONTROL:NAME]SYSTEM | [LEGACY:DESC]CONTAINS COMMANDS TO MANIPULATE THE WINDOW | [MENUITEMCONTROL:NAME]SYSTEM | [BUTTONCONTROL:NAME]MINIMIZE | [LEGACY:DESC]MOVES THE WINDOW OUT OF THE WAY | [BUTTONCONTROL:NAME]MAXIMIZE | [LEGACY:DESC]MAKES THE WINDOW FULL SCREEN | [BUTTONCONTROL:NAME]CLOSE | [LEGACY:DESC]CLOSES THE WINDOW | CUSTOM  CONTAINER | CONTROL  CONTAINER | CUSTOM  CONTAINER | CONTROL  CONTAINER | SAP'S ADVANCED TREELIST | CUSTOM  CONTAINER | CONTROL  CONTAINER
2026-07-10 10:53:57 | SUCCESS  |   ✓ [B203] 351991 — WH02, WT01 DITAMBAH
2026-07-10 10:53:57 | INFO     | [   5/50]  351991  →  Plant: B204
2026-07-10 10:53:57 | DEBUG    |   Isi Material: 351991
2026-07-10 10:53:59 | DEBUG    |   Isi Plant: B204
2026-07-10 10:54:02 | DEBUG    |   [DEBUG] Mundur ke-1: 'WH01'
2026-07-10 10:54:03 | DEBUG    |   [DEBUG] Mundur ke-2: ''
2026-07-10 10:54:03 | DEBUG    |   [DEBUG] SLoc yang terbaca: ['WH01']
2026-07-10 10:54:03 | INFO     |   Isi SLoc yang belum ada: WH02, WT01
2026-07-10 10:54:03 | DEBUG    |   SLoc baru: WH02
2026-07-10 10:54:04 | DEBUG    |   SLoc baru: WT01
2026-07-10 10:54:05 | DEBUG    |   [DEBUG] Jumlah elemen terbaca: 22
2026-07-10 10:54:05 | DEBUG    |   [DEBUG] Status text: [WINDOWCONTROL:NAME]ENTER STORAGE LOCATIONS COLLECTIVELY: LIST | [BUTTONCONTROL:NAME]OPEN | [BUTTONCONTROL:NAME]DELETE | [LEGACY:DESC]DELETE   (SHIFT+F2) | [LEGACY:VALUE]ENTER STORAGE LOCATIONS COLLECTIVELY: LIST | [LEGACY:DESC]DISPLAYS THE NAME OF THE WINDOW AND CONTAINS CONTROLS TO MANIPULATE IT | [MENUBARCONTROL:NAME]SYSTEM | [LEGACY:DESC]CONTAINS COMMANDS TO MANIPULATE THE WINDOW | [MENUITEMCONTROL:NAME]SYSTEM | [BUTTONCONTROL:NAME]MINIMIZE | [LEGACY:DESC]MOVES THE WINDOW OUT OF THE WAY | [BUTTONCONTROL:NAME]MAXIMIZE | [LEGACY:DESC]MAKES THE WINDOW FULL SCREEN | [BUTTONCONTROL:NAME]CLOSE | [LEGACY:DESC]CLOSES THE WINDOW | CUSTOM  CONTAINER | CONTROL  CONTAINER | CUSTOM  CONTAINER | CONTROL  CONTAINER | SAP'S ADVANCED TREELIST | CUSTOM  CONTAINER | CONTROL  CONTAINER
2026-07-10 10:54:07 | SUCCESS  |   ✓ [B204] 351991 — WH02, WT01 DITAMBAH
2026-07-10 10:54:07 | INFO     | [   6/50]  351991  →  Plant: B205
2026-07-10 10:54:07 | DEBUG    |   Isi Material: 351991
2026-07-10 10:54:09 | DEBUG    |   Isi Plant: B205
2026-07-10 10:54:12 | DEBUG    |   [DEBUG] Mundur ke-1: 'WH01'
2026-07-10 10:54:13 | DEBUG    |   [DEBUG] Mundur ke-2: ''
2026-07-10 10:54:13 | DEBUG    |   [DEBUG] SLoc yang terbaca: ['WH01']
2026-07-10 10:54:13 | INFO     |   Isi SLoc yang belum ada: WH02, WT01
2026-07-10 10:54:14 | DEBUG    |   SLoc baru: WH02
2026-07-10 10:54:15 | DEBUG    |   SLoc baru: WT01
2026-07-10 10:54:16 | DEBUG    |   [DEBUG] Jumlah elemen terbaca: 22
2026-07-10 10:54:16 | DEBUG    |   [DEBUG] Status text: [WINDOWCONTROL:NAME]ENTER STORAGE LOCATIONS COLLECTIVELY: LIST | [BUTTONCONTROL:NAME]OPEN | [BUTTONCONTROL:NAME]DELETE | [LEGACY:DESC]DELETE   (SHIFT+F2) | [LEGACY:VALUE]ENTER STORAGE LOCATIONS COLLECTIVELY: LIST | [LEGACY:DESC]DISPLAYS THE NAME OF THE WINDOW AND CONTAINS CONTROLS TO MANIPULATE IT | [MENUBARCONTROL:NAME]SYSTEM | [LEGACY:DESC]CONTAINS COMMANDS TO MANIPULATE THE WINDOW | [MENUITEMCONTROL:NAME]SYSTEM | [BUTTONCONTROL:NAME]MINIMIZE | [LEGACY:DESC]MOVES THE WINDOW OUT OF THE WAY | [BUTTONCONTROL:NAME]MAXIMIZE | [LEGACY:DESC]MAKES THE WINDOW FULL SCREEN | [BUTTONCONTROL:NAME]CLOSE | [LEGACY:DESC]CLOSES THE WINDOW | CUSTOM  CONTAINER | CONTROL  CONTAINER | CUSTOM  CONTAINER | CONTROL  CONTAINER | SAP'S ADVANCED TREELIST | CUSTOM  CONTAINER | CONTROL  CONTAINER
2026-07-10 10:54:18 | SUCCESS  |   ✓ [B205] 351991 — WH02, WT01 DITAMBAH
2026-07-10 10:54:18 | INFO     | [   7/50]  351991  →  Plant: B351
2026-07-10 10:54:18 | DEBUG    |   Isi Material: 351991
2026-07-10 10:54:19 | DEBUG    |   Isi Plant: B351
2026-07-10 10:54:23 | DEBUG    |   [DEBUG] Mundur ke-1: 'WH01'
2026-07-10 10:54:24 | DEBUG    |   [DEBUG] Mundur ke-2: ''
2026-07-10 10:54:24 | DEBUG    |   [DEBUG] SLoc yang terbaca: ['WH01']
2026-07-10 10:54:24 | INFO     |   Isi SLoc yang belum ada: WH02, WT01
2026-07-10 10:54:24 | DEBUG    |   SLoc baru: WH02
2026-07-10 10:54:25 | DEBUG    |   SLoc baru: WT01
2026-07-10 10:54:26 | DEBUG    |   [DEBUG] Jumlah elemen terbaca: 22
2026-07-10 10:54:26 | DEBUG    |   [DEBUG] Status text: [WINDOWCONTROL:NAME]ENTER STORAGE LOCATIONS COLLECTIVELY: LIST | [BUTTONCONTROL:NAME]OPEN | [BUTTONCONTROL:NAME]DELETE | [LEGACY:DESC]DELETE   (SHIFT+F2) | [LEGACY:VALUE]ENTER STORAGE LOCATIONS COLLECTIVELY: LIST | [LEGACY:DESC]DISPLAYS THE NAME OF THE WINDOW AND CONTAINS CONTROLS TO MANIPULATE IT | [MENUBARCONTROL:NAME]SYSTEM | [LEGACY:DESC]CONTAINS COMMANDS TO MANIPULATE THE WINDOW | [MENUITEMCONTROL:NAME]SYSTEM | [BUTTONCONTROL:NAME]MINIMIZE | [LEGACY:DESC]MOVES THE WINDOW OUT OF THE WAY | [BUTTONCONTROL:NAME]MAXIMIZE | [LEGACY:DESC]MAKES THE WINDOW FULL SCREEN | [BUTTONCONTROL:NAME]CLOSE | [LEGACY:DESC]CLOSES THE WINDOW | CUSTOM  CONTAINER | CONTROL  CONTAINER | CUSTOM  CONTAINER | CONTROL  CONTAINER | SAP'S ADVANCED TREELIST | CUSTOM  CONTAINER | CONTROL  CONTAINER
2026-07-10 10:54:28 | SUCCESS  |   ✓ [B351] 351991 — WH02, WT01 DITAMBAH
2026-07-10 10:54:28 | INFO     | [   8/50]  351991  →  Plant: B352
2026-07-10 10:54:28 | DEBUG    |   Isi Material: 351991
2026-07-10 10:54:30 | DEBUG    |   Isi Plant: B352
2026-07-10 10:54:33 | DEBUG    |   [DEBUG] Mundur ke-1: 'WH01'
2026-07-10 10:54:34 | DEBUG    |   [DEBUG] Mundur ke-2: ''
2026-07-10 10:54:34 | DEBUG    |   [DEBUG] SLoc yang terbaca: ['WH01']
2026-07-10 10:54:34 | INFO     |   Isi SLoc yang belum ada: WH02, WT01
2026-07-10 10:54:35 | DEBUG    |   SLoc baru: WH02
2026-07-10 10:54:36 | DEBUG    |   SLoc baru: WT01
2026-07-10 10:54:36 | DEBUG    |   [DEBUG] Jumlah elemen terbaca: 22
2026-07-10 10:54:36 | DEBUG    |   [DEBUG] Status text: [WINDOWCONTROL:NAME]ENTER STORAGE LOCATIONS COLLECTIVELY: LIST | [BUTTONCONTROL:NAME]OPEN | [BUTTONCONTROL:NAME]DELETE | [LEGACY:DESC]DELETE   (SHIFT+F2) | [LEGACY:VALUE]ENTER STORAGE LOCATIONS COLLECTIVELY: LIST | [LEGACY:DESC]DISPLAYS THE NAME OF THE WINDOW AND CONTAINS CONTROLS TO MANIPULATE IT | [MENUBARCONTROL:NAME]SYSTEM | [LEGACY:DESC]CONTAINS COMMANDS TO MANIPULATE THE WINDOW | [MENUITEMCONTROL:NAME]SYSTEM | [BUTTONCONTROL:NAME]MINIMIZE | [LEGACY:DESC]MOVES THE WINDOW OUT OF THE WAY | [BUTTONCONTROL:NAME]MAXIMIZE | [LEGACY:DESC]MAKES THE WINDOW FULL SCREEN | [BUTTONCONTROL:NAME]CLOSE | [LEGACY:DESC]CLOSES THE WINDOW | CUSTOM  CONTAINER | CONTROL  CONTAINER | CUSTOM  CONTAINER | CONTROL  CONTAINER | SAP'S ADVANCED TREELIST | CUSTOM  CONTAINER | CONTROL  CONTAINER
2026-07-10 10:54:39 | SUCCESS  |   ✓ [B352] 351991 — WH02, WT01 DITAMBAH
2026-07-10 10:54:39 | INFO     | [   9/50]  351991  →  Plant: B353
2026-07-10 10:54:39 | DEBUG    |   Isi Material: 351991
2026-07-10 10:54:40 | DEBUG    |   Isi Plant: B353
2026-07-10 10:54:44 | DEBUG    |   [DEBUG] Mundur ke-1: 'WH01'
2026-07-10 10:54:44 | DEBUG    |   [DEBUG] Mundur ke-2: ''
2026-07-10 10:54:45 | DEBUG    |   [DEBUG] SLoc yang terbaca: ['WH01']
2026-07-10 10:54:45 | INFO     |   Isi SLoc yang belum ada: WH02, WT01
2026-07-10 10:54:45 | DEBUG    |   SLoc baru: WH02
2026-07-10 10:54:46 | DEBUG    |   SLoc baru: WT01
2026-07-10 10:54:47 | DEBUG    |   [DEBUG] Jumlah elemen terbaca: 22
2026-07-10 10:54:47 | DEBUG    |   [DEBUG] Status text: [WINDOWCONTROL:NAME]ENTER STORAGE LOCATIONS COLLECTIVELY: LIST | [BUTTONCONTROL:NAME]OPEN | [BUTTONCONTROL:NAME]DELETE | [LEGACY:DESC]DELETE   (SHIFT+F2) | [LEGACY:VALUE]ENTER STORAGE LOCATIONS COLLECTIVELY: LIST | [LEGACY:DESC]DISPLAYS THE NAME OF THE WINDOW AND CONTAINS CONTROLS TO MANIPULATE IT | [MENUBARCONTROL:NAME]SYSTEM | [LEGACY:DESC]CONTAINS COMMANDS TO MANIPULATE THE WINDOW | [MENUITEMCONTROL:NAME]SYSTEM | [BUTTONCONTROL:NAME]MINIMIZE | [LEGACY:DESC]MOVES THE WINDOW OUT OF THE WAY | [BUTTONCONTROL:NAME]MAXIMIZE | [LEGACY:DESC]MAKES THE WINDOW FULL SCREEN | [BUTTONCONTROL:NAME]CLOSE | [LEGACY:DESC]CLOSES THE WINDOW | CUSTOM  CONTAINER | CONTROL  CONTAINER | CUSTOM  CONTAINER | CONTROL  CONTAINER | SAP'S ADVANCED TREELIST | CUSTOM  CONTAINER | CONTROL  CONTAINER
2026-07-10 10:54:49 | SUCCESS  |   ✓ [B353] 351991 — WH02, WT01 DITAMBAH
2026-07-10 10:54:49 | INFO     | [  10/50]  351991  →  Plant: B354
2026-07-10 10:54:49 | DEBUG    |   Isi Material: 351991
2026-07-10 10:54:51 | DEBUG    |   Isi Plant: B354
2026-07-10 10:54:54 | DEBUG    |   [DEBUG] Mundur ke-1: 'WH01'
2026-07-10 10:54:55 | DEBUG    |   [DEBUG] Mundur ke-2: ''
2026-07-10 10:54:55 | DEBUG    |   [DEBUG] SLoc yang terbaca: ['WH01']
2026-07-10 10:54:55 | INFO     |   Isi SLoc yang belum ada: WH02, WT01
2026-07-10 10:54:55 | DEBUG    |   SLoc baru: WH02
2026-07-10 10:54:56 | DEBUG    |   SLoc baru: WT01
2026-07-10 10:54:57 | DEBUG    |   [DEBUG] Jumlah elemen terbaca: 22
2026-07-10 10:54:57 | DEBUG    |   [DEBUG] Status text: [WINDOWCONTROL:NAME]ENTER STORAGE LOCATIONS COLLECTIVELY: LIST | [BUTTONCONTROL:NAME]OPEN | [BUTTONCONTROL:NAME]DELETE | [LEGACY:DESC]DELETE   (SHIFT+F2) | [LEGACY:VALUE]ENTER STORAGE LOCATIONS COLLECTIVELY: LIST | [LEGACY:DESC]DISPLAYS THE NAME OF THE WINDOW AND CONTAINS CONTROLS TO MANIPULATE IT | [MENUBARCONTROL:NAME]SYSTEM | [LEGACY:DESC]CONTAINS COMMANDS TO MANIPULATE THE WINDOW | [MENUITEMCONTROL:NAME]SYSTEM | [BUTTONCONTROL:NAME]MINIMIZE | [LEGACY:DESC]MOVES THE WINDOW OUT OF THE WAY | [BUTTONCONTROL:NAME]MAXIMIZE | [LEGACY:DESC]MAKES THE WINDOW FULL SCREEN | [BUTTONCONTROL:NAME]CLOSE | [LEGACY:DESC]CLOSES THE WINDOW | CUSTOM  CONTAINER | CONTROL  CONTAINER | CUSTOM  CONTAINER | CONTROL  CONTAINER | SAP'S ADVANCED TREELIST | CUSTOM  CONTAINER | CONTROL  CONTAINER
2026-07-10 10:54:59 | SUCCESS  |   ✓ [B354] 351991 — WH02, WT01 DITAMBAH
2026-07-10 10:54:59 | INFO     | [  11/50]  351991  →  Plant: B356
2026-07-10 10:54:59 | DEBUG    |   Isi Material: 351991
2026-07-10 10:55:01 | DEBUG    |   Isi Plant: B356
2026-07-10 10:55:05 | DEBUG    |   [DEBUG] Mundur ke-1: 'WH01'
2026-07-10 10:55:05 | DEBUG    |   [DEBUG] Mundur ke-2: ''
2026-07-10 10:55:05 | DEBUG    |   [DEBUG] SLoc yang terbaca: ['WH01']
2026-07-10 10:55:05 | INFO     |   Isi SLoc yang belum ada: WH02, WT01
2026-07-10 10:55:06 | DEBUG    |   SLoc baru: WH02
2026-07-10 10:55:07 | DEBUG    |   SLoc baru: WT01
2026-07-10 10:55:08 | DEBUG    |   [DEBUG] Jumlah elemen terbaca: 22
2026-07-10 10:55:08 | DEBUG    |   [DEBUG] Status text: [WINDOWCONTROL:NAME]ENTER STORAGE LOCATIONS COLLECTIVELY: LIST | [BUTTONCONTROL:NAME]OPEN | [BUTTONCONTROL:NAME]DELETE | [LEGACY:DESC]DELETE   (SHIFT+F2) | [LEGACY:VALUE]ENTER STORAGE LOCATIONS COLLECTIVELY: LIST | [LEGACY:DESC]DISPLAYS THE NAME OF THE WINDOW AND CONTAINS CONTROLS TO MANIPULATE IT | [MENUBARCONTROL:NAME]SYSTEM | [LEGACY:DESC]CONTAINS COMMANDS TO MANIPULATE THE WINDOW | [MENUITEMCONTROL:NAME]SYSTEM | [BUTTONCONTROL:NAME]MINIMIZE | [LEGACY:DESC]MOVES THE WINDOW OUT OF THE WAY | [BUTTONCONTROL:NAME]MAXIMIZE | [LEGACY:DESC]MAKES THE WINDOW FULL SCREEN | [BUTTONCONTROL:NAME]CLOSE | [LEGACY:DESC]CLOSES THE WINDOW | CUSTOM  CONTAINER | CONTROL  CONTAINER | CUSTOM  CONTAINER | CONTROL  CONTAINER | SAP'S ADVANCED TREELIST | CUSTOM  CONTAINER | CONTROL  CONTAINER
2026-07-10 10:55:10 | SUCCESS  |   ✓ [B356] 351991 — WH02, WT01 DITAMBAH
2026-07-10 10:55:10 | INFO     | [  12/50]  351991  →  Plant: B357
2026-07-10 10:55:10 | DEBUG    |   Isi Material: 351991
2026-07-10 10:55:12 | DEBUG    |   Isi Plant: B357
2026-07-10 10:55:15 | DEBUG    |   [DEBUG] Mundur ke-1: 'WH01'
2026-07-10 10:55:16 | DEBUG    |   [DEBUG] Mundur ke-2: ''
2026-07-10 10:55:16 | DEBUG    |   [DEBUG] SLoc yang terbaca: ['WH01']
2026-07-10 10:55:16 | INFO     |   Isi SLoc yang belum ada: WH02, WT01
2026-07-10 10:55:16 | DEBUG    |   SLoc baru: WH02
2026-07-10 10:55:17 | DEBUG    |   SLoc baru: WT01
2026-07-10 10:55:18 | DEBUG    |   [DEBUG] Jumlah elemen terbaca: 22
2026-07-10 10:55:18 | DEBUG    |   [DEBUG] Status text: [WINDOWCONTROL:NAME]ENTER STORAGE LOCATIONS COLLECTIVELY: LIST | [BUTTONCONTROL:NAME]OPEN | [BUTTONCONTROL:NAME]DELETE | [LEGACY:DESC]DELETE   (SHIFT+F2) | [LEGACY:VALUE]ENTER STORAGE LOCATIONS COLLECTIVELY: LIST | [LEGACY:DESC]DISPLAYS THE NAME OF THE WINDOW AND CONTAINS CONTROLS TO MANIPULATE IT | [MENUBARCONTROL:NAME]SYSTEM | [LEGACY:DESC]CONTAINS COMMANDS TO MANIPULATE THE WINDOW | [MENUITEMCONTROL:NAME]SYSTEM | [BUTTONCONTROL:NAME]MINIMIZE | [LEGACY:DESC]MOVES THE WINDOW OUT OF THE WAY | [BUTTONCONTROL:NAME]MAXIMIZE | [LEGACY:DESC]MAKES THE WINDOW FULL SCREEN | [BUTTONCONTROL:NAME]CLOSE | [LEGACY:DESC]CLOSES THE WINDOW | CUSTOM  CONTAINER | CONTROL  CONTAINER | CUSTOM  CONTAINER | CONTROL  CONTAINER | SAP'S ADVANCED TREELIST | CUSTOM  CONTAINER | CONTROL  CONTAINER
2026-07-10 10:55:20 | SUCCESS  |   ✓ [B357] 351991 — WH02, WT01 DITAMBAH
2026-07-10 10:55:20 | INFO     | [  13/50]  351991  →  Plant: B358
2026-07-10 10:55:20 | DEBUG    |   Isi Material: 351991
2026-07-10 10:55:22 | DEBUG    |   Isi Plant: B358
2026-07-10 10:55:25 | DEBUG    |   [DEBUG] Mundur ke-1: 'WH01'
2026-07-10 10:55:26 | DEBUG    |   [DEBUG] Mundur ke-2: ''
2026-07-10 10:55:26 | DEBUG    |   [DEBUG] SLoc yang terbaca: ['WH01']
2026-07-10 10:55:26 | INFO     |   Isi SLoc yang belum ada: WH02, WT01
2026-07-10 10:55:27 | DEBUG    |   SLoc baru: WH02
2026-07-10 10:55:28 | DEBUG    |   SLoc baru: WT01
2026-07-10 10:55:29 | DEBUG    |   [DEBUG] Jumlah elemen terbaca: 22
2026-07-10 10:55:29 | DEBUG    |   [DEBUG] Status text: [WINDOWCONTROL:NAME]ENTER STORAGE LOCATIONS COLLECTIVELY: LIST | [BUTTONCONTROL:NAME]OPEN | [BUTTONCONTROL:NAME]DELETE | [LEGACY:DESC]DELETE   (SHIFT+F2) | [LEGACY:VALUE]ENTER STORAGE LOCATIONS COLLECTIVELY: LIST | [LEGACY:DESC]DISPLAYS THE NAME OF THE WINDOW AND CONTAINS CONTROLS TO MANIPULATE IT | [MENUBARCONTROL:NAME]SYSTEM | [LEGACY:DESC]CONTAINS COMMANDS TO MANIPULATE THE WINDOW | [MENUITEMCONTROL:NAME]SYSTEM | [BUTTONCONTROL:NAME]MINIMIZE | [LEGACY:DESC]MOVES THE WINDOW OUT OF THE WAY | [BUTTONCONTROL:NAME]MAXIMIZE | [LEGACY:DESC]MAKES THE WINDOW FULL SCREEN | [BUTTONCONTROL:NAME]CLOSE | [LEGACY:DESC]CLOSES THE WINDOW | CUSTOM  CONTAINER | CONTROL  CONTAINER | CUSTOM  CONTAINER | CONTROL  CONTAINER | SAP'S ADVANCED TREELIST | CUSTOM  CONTAINER | CONTROL  CONTAINER
2026-07-10 10:55:31 | SUCCESS  |   ✓ [B358] 351991 — WH02, WT01 DITAMBAH
2026-07-10 10:55:31 | INFO     | [  14/50]  351991  →  Plant: B360
2026-07-10 10:55:31 | DEBUG    |   Isi Material: 351991
2026-07-10 10:55:32 | DEBUG    |   Isi Plant: B360
2026-07-10 10:55:36 | DEBUG    |   [DEBUG] Mundur ke-1: 'WH01'
2026-07-10 10:55:36 | DEBUG    |   [DEBUG] Mundur ke-2: ''
2026-07-10 10:55:37 | DEBUG    |   [DEBUG] SLoc yang terbaca: ['WH01']
2026-07-10 10:55:37 | INFO     |   Isi SLoc yang belum ada: WH02, WT01
2026-07-10 10:55:37 | DEBUG    |   SLoc baru: WH02
2026-07-10 10:55:38 | DEBUG    |   SLoc baru: WT01
2026-07-10 10:55:39 | DEBUG    |   [DEBUG] Jumlah elemen terbaca: 22
2026-07-10 10:55:39 | DEBUG    |   [DEBUG] Status text: [WINDOWCONTROL:NAME]ENTER STORAGE LOCATIONS COLLECTIVELY: LIST | [BUTTONCONTROL:NAME]OPEN | [BUTTONCONTROL:NAME]DELETE | [LEGACY:DESC]DELETE   (SHIFT+F2) | [LEGACY:VALUE]ENTER STORAGE LOCATIONS COLLECTIVELY: LIST | [LEGACY:DESC]DISPLAYS THE NAME OF THE WINDOW AND CONTAINS CONTROLS TO MANIPULATE IT | [MENUBARCONTROL:NAME]SYSTEM | [LEGACY:DESC]CONTAINS COMMANDS TO MANIPULATE THE WINDOW | [MENUITEMCONTROL:NAME]SYSTEM | [BUTTONCONTROL:NAME]MINIMIZE | [LEGACY:DESC]MOVES THE WINDOW OUT OF THE WAY | [BUTTONCONTROL:NAME]MAXIMIZE | [LEGACY:DESC]MAKES THE WINDOW FULL SCREEN | [BUTTONCONTROL:NAME]CLOSE | [LEGACY:DESC]CLOSES THE WINDOW | CUSTOM  CONTAINER | CONTROL  CONTAINER | CUSTOM  CONTAINER | CONTROL  CONTAINER | SAP'S ADVANCED TREELIST | CUSTOM  CONTAINER | CONTROL  CONTAINER
2026-07-10 10:55:41 | SUCCESS  |   ✓ [B360] 351991 — WH02, WT01 DITAMBAH
2026-07-10 10:55:41 | INFO     | [  15/50]  351991  →  Plant: B361
2026-07-10 10:55:41 | DEBUG    |   Isi Material: 351991
2026-07-10 10:55:43 | DEBUG    |   Isi Plant: B361
2026-07-10 10:55:46 | DEBUG    |   [DEBUG] Mundur ke-1: 'WH01'
2026-07-10 10:55:47 | DEBUG    |   [DEBUG] Mundur ke-2: ''
2026-07-10 10:55:47 | DEBUG    |   [DEBUG] SLoc yang terbaca: ['WH01']
2026-07-10 10:55:47 | INFO     |   Isi SLoc yang belum ada: WH02, WT01
2026-07-10 10:55:48 | DEBUG    |   SLoc baru: WH02
2026-07-10 10:55:48 | DEBUG    |   SLoc baru: WT01
2026-07-10 10:55:49 | DEBUG    |   [DEBUG] Jumlah elemen terbaca: 22
2026-07-10 10:55:49 | DEBUG    |   [DEBUG] Status text: [WINDOWCONTROL:NAME]ENTER STORAGE LOCATIONS COLLECTIVELY: LIST | [BUTTONCONTROL:NAME]OPEN | [BUTTONCONTROL:NAME]DELETE | [LEGACY:DESC]DELETE   (SHIFT+F2) | [LEGACY:VALUE]ENTER STORAGE LOCATIONS COLLECTIVELY: LIST | [LEGACY:DESC]DISPLAYS THE NAME OF THE WINDOW AND CONTAINS CONTROLS TO MANIPULATE IT | [MENUBARCONTROL:NAME]SYSTEM | [LEGACY:DESC]CONTAINS COMMANDS TO MANIPULATE THE WINDOW | [MENUITEMCONTROL:NAME]SYSTEM | [BUTTONCONTROL:NAME]MINIMIZE | [LEGACY:DESC]MOVES THE WINDOW OUT OF THE WAY | [BUTTONCONTROL:NAME]MAXIMIZE | [LEGACY:DESC]MAKES THE WINDOW FULL SCREEN | [BUTTONCONTROL:NAME]CLOSE | [LEGACY:DESC]CLOSES THE WINDOW | CUSTOM  CONTAINER | CONTROL  CONTAINER | CUSTOM  CONTAINER | CONTROL  CONTAINER | SAP'S ADVANCED TREELIST | CUSTOM  CONTAINER | CONTROL  CONTAINER
2026-07-10 10:55:51 | SUCCESS  |   ✓ [B361] 351991 — WH02, WT01 DITAMBAH
2026-07-10 10:55:51 | INFO     | [  16/50]  351991  →  Plant: B362
2026-07-10 10:55:51 | DEBUG    |   Isi Material: 351991
2026-07-10 10:55:53 | DEBUG    |   Isi Plant: B362
2026-07-10 10:55:57 | DEBUG    |   [DEBUG] Mundur ke-1: 'WH01'
2026-07-10 10:55:57 | DEBUG    |   [DEBUG] Mundur ke-2: ''
2026-07-10 10:55:57 | DEBUG    |   [DEBUG] SLoc yang terbaca: ['WH01']
2026-07-10 10:55:57 | INFO     |   Isi SLoc yang belum ada: WH02, WT01
2026-07-10 10:55:58 | DEBUG    |   SLoc baru: WH02
2026-07-10 10:55:59 | DEBUG    |   SLoc baru: WT01
2026-07-10 10:56:00 | DEBUG    |   [DEBUG] Jumlah elemen terbaca: 22
2026-07-10 10:56:00 | DEBUG    |   [DEBUG] Status text: [WINDOWCONTROL:NAME]ENTER STORAGE LOCATIONS COLLECTIVELY: LIST | [BUTTONCONTROL:NAME]OPEN | [BUTTONCONTROL:NAME]DELETE | [LEGACY:DESC]DELETE   (SHIFT+F2) | [LEGACY:VALUE]ENTER STORAGE LOCATIONS COLLECTIVELY: LIST | [LEGACY:DESC]DISPLAYS THE NAME OF THE WINDOW AND CONTAINS CONTROLS TO MANIPULATE IT | [MENUBARCONTROL:NAME]SYSTEM | [LEGACY:DESC]CONTAINS COMMANDS TO MANIPULATE THE WINDOW | [MENUITEMCONTROL:NAME]SYSTEM | [BUTTONCONTROL:NAME]MINIMIZE | [LEGACY:DESC]MOVES THE WINDOW OUT OF THE WAY | [BUTTONCONTROL:NAME]MAXIMIZE | [LEGACY:DESC]MAKES THE WINDOW FULL SCREEN | [BUTTONCONTROL:NAME]CLOSE | [LEGACY:DESC]CLOSES THE WINDOW | CUSTOM  CONTAINER | CONTROL  CONTAINER | CUSTOM  CONTAINER | CONTROL  CONTAINER | SAP'S ADVANCED TREELIST | CUSTOM  CONTAINER | CONTROL  CONTAINER
2026-07-10 10:56:02 | SUCCESS  |   ✓ [B362] 351991 — WH02, WT01 DITAMBAH
2026-07-10 10:56:02 | INFO     | [  17/50]  351991  →  Plant: B363
2026-07-10 10:56:02 | DEBUG    |   Isi Material: 351991
2026-07-10 10:56:04 | DEBUG    |   Isi Plant: B363
2026-07-10 10:56:07 | DEBUG    |   [DEBUG] Mundur ke-1: 'WH01'
2026-07-10 10:56:08 | DEBUG    |   [DEBUG] Mundur ke-2: ''
2026-07-10 10:56:08 | DEBUG    |   [DEBUG] SLoc yang terbaca: ['WH01']
2026-07-10 10:56:08 | INFO     |   Isi SLoc yang belum ada: WH02, WT01
2026-07-10 10:56:08 | DEBUG    |   SLoc baru: WH02
2026-07-10 10:56:09 | DEBUG    |   SLoc baru: WT01
2026-07-10 10:56:10 | DEBUG    |   [DEBUG] Jumlah elemen terbaca: 22
2026-07-10 10:56:10 | DEBUG    |   [DEBUG] Status text: [WINDOWCONTROL:NAME]ENTER STORAGE LOCATIONS COLLECTIVELY: LIST | [BUTTONCONTROL:NAME]OPEN | [BUTTONCONTROL:NAME]DELETE | [LEGACY:DESC]DELETE   (SHIFT+F2) | [LEGACY:VALUE]ENTER STORAGE LOCATIONS COLLECTIVELY: LIST | [LEGACY:DESC]DISPLAYS THE NAME OF THE WINDOW AND CONTAINS CONTROLS TO MANIPULATE IT | [MENUBARCONTROL:NAME]SYSTEM | [LEGACY:DESC]CONTAINS COMMANDS TO MANIPULATE THE WINDOW | [MENUITEMCONTROL:NAME]SYSTEM | [BUTTONCONTROL:NAME]MINIMIZE | [LEGACY:DESC]MOVES THE WINDOW OUT OF THE WAY | [BUTTONCONTROL:NAME]MAXIMIZE | [LEGACY:DESC]MAKES THE WINDOW FULL SCREEN | [BUTTONCONTROL:NAME]CLOSE | [LEGACY:DESC]CLOSES THE WINDOW | CUSTOM  CONTAINER | CONTROL  CONTAINER | CUSTOM  CONTAINER | CONTROL  CONTAINER | SAP'S ADVANCED TREELIST | CUSTOM  CONTAINER | CONTROL  CONTAINER
2026-07-10 10:56:12 | SUCCESS  |   ✓ [B363] 351991 — WH02, WT01 DITAMBAH
2026-07-10 10:56:12 | INFO     | [  18/50]  351991  →  Plant: B364
2026-07-10 10:56:12 | DEBUG    |   Isi Material: 351991
2026-07-10 10:56:14 | DEBUG    |   Isi Plant: B364
2026-07-10 10:56:18 | DEBUG    |   [DEBUG] Mundur ke-1: 'WH01'
2026-07-10 10:56:18 | DEBUG    |   [DEBUG] Mundur ke-2: ''
2026-07-10 10:56:18 | DEBUG    |   [DEBUG] SLoc yang terbaca: ['WH01']
2026-07-10 10:56:18 | INFO     |   Isi SLoc yang belum ada: WH02, WT01
2026-07-10 10:56:19 | DEBUG    |   SLoc baru: WH02
2026-07-10 10:56:20 | DEBUG    |   SLoc baru: WT01
2026-07-10 10:56:21 | DEBUG    |   [DEBUG] Jumlah elemen terbaca: 22
2026-07-10 10:56:21 | DEBUG    |   [DEBUG] Status text: [WINDOWCONTROL:NAME]ENTER STORAGE LOCATIONS COLLECTIVELY: LIST | [BUTTONCONTROL:NAME]OPEN | [BUTTONCONTROL:NAME]DELETE | [LEGACY:DESC]DELETE   (SHIFT+F2) | [LEGACY:VALUE]ENTER STORAGE LOCATIONS COLLECTIVELY: LIST | [LEGACY:DESC]DISPLAYS THE NAME OF THE WINDOW AND CONTAINS CONTROLS TO MANIPULATE IT | [MENUBARCONTROL:NAME]SYSTEM | [LEGACY:DESC]CONTAINS COMMANDS TO MANIPULATE THE WINDOW | [MENUITEMCONTROL:NAME]SYSTEM | [BUTTONCONTROL:NAME]MINIMIZE | [LEGACY:DESC]MOVES THE WINDOW OUT OF THE WAY | [BUTTONCONTROL:NAME]MAXIMIZE | [LEGACY:DESC]MAKES THE WINDOW FULL SCREEN | [BUTTONCONTROL:NAME]CLOSE | [LEGACY:DESC]CLOSES THE WINDOW | CUSTOM  CONTAINER | CONTROL  CONTAINER | CUSTOM  CONTAINER | CONTROL  CONTAINER | SAP'S ADVANCED TREELIST | CUSTOM  CONTAINER | CONTROL  CONTAINER
2026-07-10 10:56:23 | SUCCESS  |   ✓ [B364] 351991 — WH02, WT01 DITAMBAH
2026-07-10 10:56:23 | INFO     | [  19/50]  351991  →  Plant: B365
2026-07-10 10:56:23 | DEBUG    |   Isi Material: 351991
2026-07-10 10:56:24 | DEBUG    |   Isi Plant: B365
2026-07-10 10:56:28 | DEBUG    |   [DEBUG] Mundur ke-1: 'WH01'
2026-07-10 10:56:29 | DEBUG    |   [DEBUG] Mundur ke-2: ''
2026-07-10 10:56:29 | DEBUG    |   [DEBUG] SLoc yang terbaca: ['WH01']
2026-07-10 10:56:29 | INFO     |   Isi SLoc yang belum ada: WH02, WT01
2026-07-10 10:56:29 | DEBUG    |   SLoc baru: WH02
2026-07-10 10:56:30 | DEBUG    |   SLoc baru: WT01
2026-07-10 10:56:31 | DEBUG    |   [DEBUG] Jumlah elemen terbaca: 22
2026-07-10 10:56:31 | DEBUG    |   [DEBUG] Status text: [WINDOWCONTROL:NAME]ENTER STORAGE LOCATIONS COLLECTIVELY: LIST | [BUTTONCONTROL:NAME]OPEN | [BUTTONCONTROL:NAME]DELETE | [LEGACY:DESC]DELETE   (SHIFT+F2) | [LEGACY:VALUE]ENTER STORAGE LOCATIONS COLLECTIVELY: LIST | [LEGACY:DESC]DISPLAYS THE NAME OF THE WINDOW AND CONTAINS CONTROLS TO MANIPULATE IT | [MENUBARCONTROL:NAME]SYSTEM | [LEGACY:DESC]CONTAINS COMMANDS TO MANIPULATE THE WINDOW | [MENUITEMCONTROL:NAME]SYSTEM | [BUTTONCONTROL:NAME]MINIMIZE | [LEGACY:DESC]MOVES THE WINDOW OUT OF THE WAY | [BUTTONCONTROL:NAME]MAXIMIZE | [LEGACY:DESC]MAKES THE WINDOW FULL SCREEN | [BUTTONCONTROL:NAME]CLOSE | [LEGACY:DESC]CLOSES THE WINDOW | CUSTOM  CONTAINER | CONTROL  CONTAINER | CUSTOM  CONTAINER | CONTROL  CONTAINER | SAP'S ADVANCED TREELIST | CUSTOM  CONTAINER | CONTROL  CONTAINER
2026-07-10 10:56:33 | SUCCESS  |   ✓ [B365] 351991 — WH02, WT01 DITAMBAH
2026-07-10 10:56:33 | INFO     | [  20/50]  351991  →  Plant: B366
2026-07-10 10:56:33 | DEBUG    |   Isi Material: 351991
2026-07-10 10:56:35 | DEBUG    |   Isi Plant: B366
2026-07-10 10:56:38 | DEBUG    |   [DEBUG] Mundur ke-1: 'WH01'
2026-07-10 10:56:39 | DEBUG    |   [DEBUG] Mundur ke-2: ''
2026-07-10 10:56:39 | DEBUG    |   [DEBUG] SLoc yang terbaca: ['WH01']
2026-07-10 10:56:39 | INFO     |   Isi SLoc yang belum ada: WH02, WT01
2026-07-10 10:56:40 | DEBUG    |   SLoc baru: WH02
2026-07-10 10:56:41 | DEBUG    |   SLoc baru: WT01
2026-07-10 10:56:41 | DEBUG    |   [DEBUG] Jumlah elemen terbaca: 22
2026-07-10 10:56:41 | DEBUG    |   [DEBUG] Status text: [WINDOWCONTROL:NAME]ENTER STORAGE LOCATIONS COLLECTIVELY: LIST | [BUTTONCONTROL:NAME]OPEN | [BUTTONCONTROL:NAME]DELETE | [LEGACY:DESC]DELETE   (SHIFT+F2) | [LEGACY:VALUE]ENTER STORAGE LOCATIONS COLLECTIVELY: LIST | [LEGACY:DESC]DISPLAYS THE NAME OF THE WINDOW AND CONTAINS CONTROLS TO MANIPULATE IT | [MENUBARCONTROL:NAME]SYSTEM | [LEGACY:DESC]CONTAINS COMMANDS TO MANIPULATE THE WINDOW | [MENUITEMCONTROL:NAME]SYSTEM | [BUTTONCONTROL:NAME]MINIMIZE | [LEGACY:DESC]MOVES THE WINDOW OUT OF THE WAY | [BUTTONCONTROL:NAME]MAXIMIZE | [LEGACY:DESC]MAKES THE WINDOW FULL SCREEN | [BUTTONCONTROL:NAME]CLOSE | [LEGACY:DESC]CLOSES THE WINDOW | CUSTOM  CONTAINER | CONTROL  CONTAINER | CUSTOM  CONTAINER | CONTROL  CONTAINER | SAP'S ADVANCED TREELIST | CUSTOM  CONTAINER | CONTROL  CONTAINER
2026-07-10 10:56:43 | SUCCESS  |   ✓ [B366] 351991 — WH02, WT01 DITAMBAH
2026-07-10 10:56:43 | INFO     | [  21/50]  351991  →  Plant: B367
2026-07-10 10:56:43 | DEBUG    |   Isi Material: 351991
2026-07-10 10:56:45 | DEBUG    |   Isi Plant: B367
2026-07-10 10:56:49 | DEBUG    |   [DEBUG] Mundur ke-1: 'WH01'
2026-07-10 10:56:49 | DEBUG    |   [DEBUG] Mundur ke-2: ''
2026-07-10 10:56:50 | DEBUG    |   [DEBUG] SLoc yang terbaca: ['WH01']
2026-07-10 10:56:50 | INFO     |   Isi SLoc yang belum ada: WH02, WT01
2026-07-10 10:56:50 | DEBUG    |   SLoc baru: WH02
2026-07-10 10:56:51 | DEBUG    |   SLoc baru: WT01
2026-07-10 10:56:52 | DEBUG    |   [DEBUG] Jumlah elemen terbaca: 22
2026-07-10 10:56:52 | DEBUG    |   [DEBUG] Status text: [WINDOWCONTROL:NAME]ENTER STORAGE LOCATIONS COLLECTIVELY: LIST | [BUTTONCONTROL:NAME]OPEN | [BUTTONCONTROL:NAME]DELETE | [LEGACY:DESC]DELETE   (SHIFT+F2) | [LEGACY:VALUE]ENTER STORAGE LOCATIONS COLLECTIVELY: LIST | [LEGACY:DESC]DISPLAYS THE NAME OF THE WINDOW AND CONTAINS CONTROLS TO MANIPULATE IT | [MENUBARCONTROL:NAME]SYSTEM | [LEGACY:DESC]CONTAINS COMMANDS TO MANIPULATE THE WINDOW | [MENUITEMCONTROL:NAME]SYSTEM | [BUTTONCONTROL:NAME]MINIMIZE | [LEGACY:DESC]MOVES THE WINDOW OUT OF THE WAY | [BUTTONCONTROL:NAME]MAXIMIZE | [LEGACY:DESC]MAKES THE WINDOW FULL SCREEN | [BUTTONCONTROL:NAME]CLOSE | [LEGACY:DESC]CLOSES THE WINDOW | CUSTOM  CONTAINER | CONTROL  CONTAINER | CUSTOM  CONTAINER | CONTROL  CONTAINER | SAP'S ADVANCED TREELIST | CUSTOM  CONTAINER | CONTROL  CONTAINER
2026-07-10 10:56:54 | SUCCESS  |   ✓ [B367] 351991 — WH02, WT01 DITAMBAH
2026-07-10 10:56:54 | INFO     | [  22/50]  351991  →  Plant: B368
2026-07-10 10:56:54 | DEBUG    |   Isi Material: 351991
2026-07-10 10:56:56 | DEBUG    |   Isi Plant: B368
2026-07-10 10:56:59 | DEBUG    |   [DEBUG] Mundur ke-1: 'WH01'
2026-07-10 10:57:00 | DEBUG    |   [DEBUG] Mundur ke-2: ''
2026-07-10 10:57:00 | DEBUG    |   [DEBUG] SLoc yang terbaca: ['WH01']
2026-07-10 10:57:00 | INFO     |   Isi SLoc yang belum ada: WH02, WT01
2026-07-10 10:57:01 | DEBUG    |   SLoc baru: WH02
2026-07-10 10:57:01 | DEBUG    |   SLoc baru: WT01
2026-07-10 10:57:02 | DEBUG    |   [DEBUG] Jumlah elemen terbaca: 22
2026-07-10 10:57:02 | DEBUG    |   [DEBUG] Status text: [WINDOWCONTROL:NAME]ENTER STORAGE LOCATIONS COLLECTIVELY: LIST | [BUTTONCONTROL:NAME]OPEN | [BUTTONCONTROL:NAME]DELETE | [LEGACY:DESC]DELETE   (SHIFT+F2) | [LEGACY:VALUE]ENTER STORAGE LOCATIONS COLLECTIVELY: LIST | [LEGACY:DESC]DISPLAYS THE NAME OF THE WINDOW AND CONTAINS CONTROLS TO MANIPULATE IT | [MENUBARCONTROL:NAME]SYSTEM | [LEGACY:DESC]CONTAINS COMMANDS TO MANIPULATE THE WINDOW | [MENUITEMCONTROL:NAME]SYSTEM | [BUTTONCONTROL:NAME]MINIMIZE | [LEGACY:DESC]MOVES THE WINDOW OUT OF THE WAY | [BUTTONCONTROL:NAME]MAXIMIZE | [LEGACY:DESC]MAKES THE WINDOW FULL SCREEN | [BUTTONCONTROL:NAME]CLOSE | [LEGACY:DESC]CLOSES THE WINDOW | CUSTOM  CONTAINER | CONTROL  CONTAINER | CUSTOM  CONTAINER | CONTROL  CONTAINER | SAP'S ADVANCED TREELIST | CUSTOM  CONTAINER | CONTROL  CONTAINER
2026-07-10 10:57:04 | SUCCESS  |   ✓ [B368] 351991 — WH02, WT01 DITAMBAH
2026-07-10 10:57:04 | INFO     | [  23/50]  351991  →  Plant: B369
2026-07-10 10:57:04 | DEBUG    |   Isi Material: 351991
2026-07-10 10:57:06 | DEBUG    |   Isi Plant: B369
2026-07-10 10:57:10 | DEBUG    |   [DEBUG] Mundur ke-1: 'WH01'
2026-07-10 10:57:10 | DEBUG    |   [DEBUG] Mundur ke-2: ''
2026-07-10 10:57:10 | DEBUG    |   [DEBUG] SLoc yang terbaca: ['WH01']
2026-07-10 10:57:10 | INFO     |   Isi SLoc yang belum ada: WH02, WT01
2026-07-10 10:57:11 | DEBUG    |   SLoc baru: WH02
2026-07-10 10:57:12 | DEBUG    |   SLoc baru: WT01
2026-07-10 10:57:13 | DEBUG    |   [DEBUG] Jumlah elemen terbaca: 22
2026-07-10 10:57:13 | DEBUG    |   [DEBUG] Status text: [WINDOWCONTROL:NAME]ENTER STORAGE LOCATIONS COLLECTIVELY: LIST | [BUTTONCONTROL:NAME]OPEN | [BUTTONCONTROL:NAME]DELETE | [LEGACY:DESC]DELETE   (SHIFT+F2) | [LEGACY:VALUE]ENTER STORAGE LOCATIONS COLLECTIVELY: LIST | [LEGACY:DESC]DISPLAYS THE NAME OF THE WINDOW AND CONTAINS CONTROLS TO MANIPULATE IT | [MENUBARCONTROL:NAME]SYSTEM | [LEGACY:DESC]CONTAINS COMMANDS TO MANIPULATE THE WINDOW | [MENUITEMCONTROL:NAME]SYSTEM | [BUTTONCONTROL:NAME]MINIMIZE | [LEGACY:DESC]MOVES THE WINDOW OUT OF THE WAY | [BUTTONCONTROL:NAME]MAXIMIZE | [LEGACY:DESC]MAKES THE WINDOW FULL SCREEN | [BUTTONCONTROL:NAME]CLOSE | [LEGACY:DESC]CLOSES THE WINDOW | CUSTOM  CONTAINER | CONTROL  CONTAINER | CUSTOM  CONTAINER | CONTROL  CONTAINER | SAP'S ADVANCED TREELIST | CUSTOM  CONTAINER | CONTROL  CONTAINER
2026-07-10 10:57:15 | SUCCESS  |   ✓ [B369] 351991 — WH02, WT01 DITAMBAH
2026-07-10 10:57:15 | INFO     | [  24/50]  351991  →  Plant: B373
2026-07-10 10:57:15 | DEBUG    |   Isi Material: 351991
2026-07-10 10:57:17 | DEBUG    |   Isi Plant: B373
2026-07-10 10:57:20 | DEBUG    |   [DEBUG] Mundur ke-1: 'WH01'
2026-07-10 10:57:21 | DEBUG    |   [DEBUG] Mundur ke-2: ''
2026-07-10 10:57:21 | DEBUG    |   [DEBUG] SLoc yang terbaca: ['WH01']
2026-07-10 10:57:21 | INFO     |   Isi SLoc yang belum ada: WH02, WT01
2026-07-10 10:57:21 | DEBUG    |   SLoc baru: WH02
2026-07-10 10:57:22 | DEBUG    |   SLoc baru: WT01
2026-07-10 10:57:23 | DEBUG    |   [DEBUG] Jumlah elemen terbaca: 22
2026-07-10 10:57:23 | DEBUG    |   [DEBUG] Status text: [WINDOWCONTROL:NAME]ENTER STORAGE LOCATIONS COLLECTIVELY: LIST | [BUTTONCONTROL:NAME]OPEN | [BUTTONCONTROL:NAME]DELETE | [LEGACY:DESC]DELETE   (SHIFT+F2) | [LEGACY:VALUE]ENTER STORAGE LOCATIONS COLLECTIVELY: LIST | [LEGACY:DESC]DISPLAYS THE NAME OF THE WINDOW AND CONTAINS CONTROLS TO MANIPULATE IT | [MENUBARCONTROL:NAME]SYSTEM | [LEGACY:DESC]CONTAINS COMMANDS TO MANIPULATE THE WINDOW | [MENUITEMCONTROL:NAME]SYSTEM | [BUTTONCONTROL:NAME]MINIMIZE | [LEGACY:DESC]MOVES THE WINDOW OUT OF THE WAY | [BUTTONCONTROL:NAME]MAXIMIZE | [LEGACY:DESC]MAKES THE WINDOW FULL SCREEN | [BUTTONCONTROL:NAME]CLOSE | [LEGACY:DESC]CLOSES THE WINDOW | CUSTOM  CONTAINER | CONTROL  CONTAINER | CUSTOM  CONTAINER | CONTROL  CONTAINER | SAP'S ADVANCED TREELIST | CUSTOM  CONTAINER | CONTROL  CONTAINER
2026-07-10 10:57:25 | SUCCESS  |   ✓ [B373] 351991 — WH02, WT01 DITAMBAH
2026-07-10 10:57:25 | INFO     | [  25/50]  351991  →  Plant: B394
2026-07-10 10:57:25 | DEBUG    |   Isi Material: 351991
2026-07-10 10:57:27 | DEBUG    |   Isi Plant: B394
2026-07-10 10:57:30 | DEBUG    |   [DEBUG] Mundur ke-1: 'WH01'
2026-07-10 10:57:31 | DEBUG    |   [DEBUG] Mundur ke-2: ''
2026-07-10 10:57:31 | DEBUG    |   [DEBUG] SLoc yang terbaca: ['WH01']
2026-07-10 10:57:31 | INFO     |   Isi SLoc yang belum ada: WH02, WT01
2026-07-10 10:57:32 | DEBUG    |   SLoc baru: WH02
2026-07-10 10:57:33 | DEBUG    |   SLoc baru: WT01
2026-07-10 10:57:33 | DEBUG    |   [DEBUG] Jumlah elemen terbaca: 22
2026-07-10 10:57:33 | DEBUG    |   [DEBUG] Status text: [WINDOWCONTROL:NAME]ENTER STORAGE LOCATIONS COLLECTIVELY: LIST | [BUTTONCONTROL:NAME]OPEN | [BUTTONCONTROL:NAME]DELETE | [LEGACY:DESC]DELETE   (SHIFT+F2) | [LEGACY:VALUE]ENTER STORAGE LOCATIONS COLLECTIVELY: LIST | [LEGACY:DESC]DISPLAYS THE NAME OF THE WINDOW AND CONTAINS CONTROLS TO MANIPULATE IT | [MENUBARCONTROL:NAME]SYSTEM | [LEGACY:DESC]CONTAINS COMMANDS TO MANIPULATE THE WINDOW | [MENUITEMCONTROL:NAME]SYSTEM | [BUTTONCONTROL:NAME]MINIMIZE | [LEGACY:DESC]MOVES THE WINDOW OUT OF THE WAY | [BUTTONCONTROL:NAME]MAXIMIZE | [LEGACY:DESC]MAKES THE WINDOW FULL SCREEN | [BUTTONCONTROL:NAME]CLOSE | [LEGACY:DESC]CLOSES THE WINDOW | CUSTOM  CONTAINER | CONTROL  CONTAINER | CUSTOM  CONTAINER | CONTROL  CONTAINER | SAP'S ADVANCED TREELIST | CUSTOM  CONTAINER | CONTROL  CONTAINER
2026-07-10 10:57:36 | SUCCESS  |   ✓ [B394] 351991 — WH02, WT01 DITAMBAH
2026-07-10 10:57:36 | INFO     | [  26/50]  351992  →  Plant: B200
2026-07-10 10:57:36 | DEBUG    |   Isi Material: 351992
2026-07-10 10:57:37 | DEBUG    |   Isi Plant: B200
2026-07-10 10:57:41 | DEBUG    |   [DEBUG] Mundur ke-1: 'WH01'
2026-07-10 10:57:41 | DEBUG    |   [DEBUG] Mundur ke-2: ''
2026-07-10 10:57:42 | DEBUG    |   [DEBUG] SLoc yang terbaca: ['WH01']
2026-07-10 10:57:42 | INFO     |   Isi SLoc yang belum ada: WH02, WT01
2026-07-10 10:57:42 | DEBUG    |   SLoc baru: WH02
2026-07-10 10:57:43 | DEBUG    |   SLoc baru: WT01
2026-07-10 10:57:44 | DEBUG    |   [DEBUG] Jumlah elemen terbaca: 22
2026-07-10 10:57:44 | DEBUG    |   [DEBUG] Status text: [WINDOWCONTROL:NAME]ENTER STORAGE LOCATIONS COLLECTIVELY: LIST | [BUTTONCONTROL:NAME]OPEN | [BUTTONCONTROL:NAME]DELETE | [LEGACY:DESC]DELETE   (SHIFT+F2) | [LEGACY:VALUE]ENTER STORAGE LOCATIONS COLLECTIVELY: LIST | [LEGACY:DESC]DISPLAYS THE NAME OF THE WINDOW AND CONTAINS CONTROLS TO MANIPULATE IT | [MENUBARCONTROL:NAME]SYSTEM | [LEGACY:DESC]CONTAINS COMMANDS TO MANIPULATE THE WINDOW | [MENUITEMCONTROL:NAME]SYSTEM | [BUTTONCONTROL:NAME]MINIMIZE | [LEGACY:DESC]MOVES THE WINDOW OUT OF THE WAY | [BUTTONCONTROL:NAME]MAXIMIZE | [LEGACY:DESC]MAKES THE WINDOW FULL SCREEN | [BUTTONCONTROL:NAME]CLOSE | [LEGACY:DESC]CLOSES THE WINDOW | CUSTOM  CONTAINER | CONTROL  CONTAINER | CUSTOM  CONTAINER | CONTROL  CONTAINER | SAP'S ADVANCED TREELIST | CUSTOM  CONTAINER | CONTROL  CONTAINER
2026-07-10 10:57:46 | SUCCESS  |   ✓ [B200] 351992 — WH02, WT01 DITAMBAH
2026-07-10 10:57:46 | INFO     | [  27/50]  351992  →  Plant: B201
2026-07-10 10:57:46 | DEBUG    |   Isi Material: 351992
2026-07-10 10:57:48 | DEBUG    |   Isi Plant: B201
2026-07-10 10:57:51 | DEBUG    |   [DEBUG] Mundur ke-1: 'WH01'
2026-07-10 10:57:52 | DEBUG    |   [DEBUG] Mundur ke-2: ''
2026-07-10 10:57:52 | DEBUG    |   [DEBUG] SLoc yang terbaca: ['WH01']
2026-07-10 10:57:52 | INFO     |   Isi SLoc yang belum ada: WH02, WT01
2026-07-10 10:57:53 | DEBUG    |   SLoc baru: WH02
2026-07-10 10:57:53 | DEBUG    |   SLoc baru: WT01
2026-07-10 10:57:54 | DEBUG    |   [DEBUG] Jumlah elemen terbaca: 22
2026-07-10 10:57:54 | DEBUG    |   [DEBUG] Status text: [WINDOWCONTROL:NAME]ENTER STORAGE LOCATIONS COLLECTIVELY: LIST | [BUTTONCONTROL:NAME]OPEN | [BUTTONCONTROL:NAME]DELETE | [LEGACY:DESC]DELETE   (SHIFT+F2) | [LEGACY:VALUE]ENTER STORAGE LOCATIONS COLLECTIVELY: LIST | [LEGACY:DESC]DISPLAYS THE NAME OF THE WINDOW AND CONTAINS CONTROLS TO MANIPULATE IT | [MENUBARCONTROL:NAME]SYSTEM | [LEGACY:DESC]CONTAINS COMMANDS TO MANIPULATE THE WINDOW | [MENUITEMCONTROL:NAME]SYSTEM | [BUTTONCONTROL:NAME]MINIMIZE | [LEGACY:DESC]MOVES THE WINDOW OUT OF THE WAY | [BUTTONCONTROL:NAME]MAXIMIZE | [LEGACY:DESC]MAKES THE WINDOW FULL SCREEN | [BUTTONCONTROL:NAME]CLOSE | [LEGACY:DESC]CLOSES THE WINDOW | CUSTOM  CONTAINER | CONTROL  CONTAINER | CUSTOM  CONTAINER | CONTROL  CONTAINER | SAP'S ADVANCED TREELIST | CUSTOM  CONTAINER | CONTROL  CONTAINER
2026-07-10 10:57:56 | SUCCESS  |   ✓ [B201] 351992 — WH02, WT01 DITAMBAH
2026-07-10 10:57:56 | INFO     | [  28/50]  351992  →  Plant: B202
2026-07-10 10:57:56 | DEBUG    |   Isi Material: 351992
2026-07-10 10:57:58 | DEBUG    |   Isi Plant: B202
2026-07-10 10:58:02 | DEBUG    |   [DEBUG] Mundur ke-1: 'WH01'
2026-07-10 10:58:02 | DEBUG    |   [DEBUG] Mundur ke-2: ''
2026-07-10 10:58:02 | DEBUG    |   [DEBUG] SLoc yang terbaca: ['WH01']
2026-07-10 10:58:02 | INFO     |   Isi SLoc yang belum ada: WH02, WT01
2026-07-10 10:58:03 | DEBUG    |   SLoc baru: WH02
2026-07-10 10:58:04 | DEBUG    |   SLoc baru: WT01
2026-07-10 10:58:05 | DEBUG    |   [DEBUG] Jumlah elemen terbaca: 22
2026-07-10 10:58:05 | DEBUG    |   [DEBUG] Status text: [WINDOWCONTROL:NAME]ENTER STORAGE LOCATIONS COLLECTIVELY: LIST | [BUTTONCONTROL:NAME]OPEN | [BUTTONCONTROL:NAME]DELETE | [LEGACY:DESC]DELETE   (SHIFT+F2) | [LEGACY:VALUE]ENTER STORAGE LOCATIONS COLLECTIVELY: LIST | [LEGACY:DESC]DISPLAYS THE NAME OF THE WINDOW AND CONTAINS CONTROLS TO MANIPULATE IT | [MENUBARCONTROL:NAME]SYSTEM | [LEGACY:DESC]CONTAINS COMMANDS TO MANIPULATE THE WINDOW | [MENUITEMCONTROL:NAME]SYSTEM | [BUTTONCONTROL:NAME]MINIMIZE | [LEGACY:DESC]MOVES THE WINDOW OUT OF THE WAY | [BUTTONCONTROL:NAME]MAXIMIZE | [LEGACY:DESC]MAKES THE WINDOW FULL SCREEN | [BUTTONCONTROL:NAME]CLOSE | [LEGACY:DESC]CLOSES THE WINDOW | CUSTOM  CONTAINER | CONTROL  CONTAINER | CUSTOM  CONTAINER | CONTROL  CONTAINER | SAP'S ADVANCED TREELIST | CUSTOM  CONTAINER | CONTROL  CONTAINER
2026-07-10 10:58:07 | SUCCESS  |   ✓ [B202] 351992 — WH02, WT01 DITAMBAH
2026-07-10 10:58:07 | INFO     | [  29/50]  351992  →  Plant: B203
2026-07-10 10:58:07 | DEBUG    |   Isi Material: 351992
2026-07-10 10:58:09 | DEBUG    |   Isi Plant: B203
2026-07-10 10:58:12 | DEBUG    |   [DEBUG] Mundur ke-1: 'WH01'
2026-07-10 10:58:13 | DEBUG    |   [DEBUG] Mundur ke-2: ''
2026-07-10 10:58:13 | DEBUG    |   [DEBUG] SLoc yang terbaca: ['WH01']
2026-07-10 10:58:13 | INFO     |   Isi SLoc yang belum ada: WH02, WT01
2026-07-10 10:58:13 | DEBUG    |   SLoc baru: WH02
2026-07-10 10:58:14 | DEBUG    |   SLoc baru: WT01
2026-07-10 10:58:15 | DEBUG    |   [DEBUG] Jumlah elemen terbaca: 22
2026-07-10 10:58:15 | DEBUG    |   [DEBUG] Status text: [WINDOWCONTROL:NAME]ENTER STORAGE LOCATIONS COLLECTIVELY: LIST | [BUTTONCONTROL:NAME]OPEN | [BUTTONCONTROL:NAME]DELETE | [LEGACY:DESC]DELETE   (SHIFT+F2) | [LEGACY:VALUE]ENTER STORAGE LOCATIONS COLLECTIVELY: LIST | [LEGACY:DESC]DISPLAYS THE NAME OF THE WINDOW AND CONTAINS CONTROLS TO MANIPULATE IT | [MENUBARCONTROL:NAME]SYSTEM | [LEGACY:DESC]CONTAINS COMMANDS TO MANIPULATE THE WINDOW | [MENUITEMCONTROL:NAME]SYSTEM | [BUTTONCONTROL:NAME]MINIMIZE | [LEGACY:DESC]MOVES THE WINDOW OUT OF THE WAY | [BUTTONCONTROL:NAME]MAXIMIZE | [LEGACY:DESC]MAKES THE WINDOW FULL SCREEN | [BUTTONCONTROL:NAME]CLOSE | [LEGACY:DESC]CLOSES THE WINDOW | CUSTOM  CONTAINER | CONTROL  CONTAINER | CUSTOM  CONTAINER | CONTROL  CONTAINER | SAP'S ADVANCED TREELIST | CUSTOM  CONTAINER | CONTROL  CONTAINER
2026-07-10 10:58:17 | SUCCESS  |   ✓ [B203] 351992 — WH02, WT01 DITAMBAH
2026-07-10 10:58:17 | INFO     | [  30/50]  351992  →  Plant: B204
2026-07-10 10:58:17 | DEBUG    |   Isi Material: 351992
2026-07-10 10:58:19 | DEBUG    |   Isi Plant: B204
2026-07-10 10:58:22 | WARNING  |   [SKIP] [B204] 351992 -- Error SAP (locked/not exist), lanjut plant berikutnya
2026-07-10 10:58:22 | INFO     | [  31/50]  351992  →  Plant: B205
2026-07-10 10:58:22 | DEBUG    |   Isi Material: 351992
2026-07-10 10:58:24 | DEBUG    |   Isi Plant: B205
2026-07-10 10:58:27 | DEBUG    |   [DEBUG] Mundur ke-1: 'WH01'
2026-07-10 10:58:28 | DEBUG    |   [DEBUG] Mundur ke-2: ''
2026-07-10 10:58:28 | DEBUG    |   [DEBUG] SLoc yang terbaca: ['WH01']
2026-07-10 10:58:28 | INFO     |   Isi SLoc yang belum ada: WH02, WT01
2026-07-10 10:58:29 | DEBUG    |   SLoc baru: WH02
2026-07-10 10:58:30 | DEBUG    |   SLoc baru: WT01
2026-07-10 10:58:31 | DEBUG    |   [DEBUG] Jumlah elemen terbaca: 22
2026-07-10 10:58:31 | DEBUG    |   [DEBUG] Status text: [WINDOWCONTROL:NAME]ENTER STORAGE LOCATIONS COLLECTIVELY: LIST | [BUTTONCONTROL:NAME]OPEN | [BUTTONCONTROL:NAME]DELETE | [LEGACY:DESC]DELETE   (SHIFT+F2) | [LEGACY:VALUE]ENTER STORAGE LOCATIONS COLLECTIVELY: LIST | [LEGACY:DESC]DISPLAYS THE NAME OF THE WINDOW AND CONTAINS CONTROLS TO MANIPULATE IT | [MENUBARCONTROL:NAME]SYSTEM | [LEGACY:DESC]CONTAINS COMMANDS TO MANIPULATE THE WINDOW | [MENUITEMCONTROL:NAME]SYSTEM | [BUTTONCONTROL:NAME]MINIMIZE | [LEGACY:DESC]MOVES THE WINDOW OUT OF THE WAY | [BUTTONCONTROL:NAME]MAXIMIZE | [LEGACY:DESC]MAKES THE WINDOW FULL SCREEN | [BUTTONCONTROL:NAME]CLOSE | [LEGACY:DESC]CLOSES THE WINDOW | CUSTOM  CONTAINER | CONTROL  CONTAINER | CUSTOM  CONTAINER | CONTROL  CONTAINER | SAP'S ADVANCED TREELIST | CUSTOM  CONTAINER | CONTROL  CONTAINER
2026-07-10 10:58:33 | SUCCESS  |   ✓ [B205] 351992 — WH02, WT01 DITAMBAH
2026-07-10 10:58:33 | INFO     | [  32/50]  351992  →  Plant: B351
2026-07-10 10:58:33 | DEBUG    |   Isi Material: 351992
2026-07-10 10:58:34 | DEBUG    |   Isi Plant: B351
2026-07-10 10:58:38 | DEBUG    |   [DEBUG] Mundur ke-1: 'WH01'
2026-07-10 10:58:38 | DEBUG    |   [DEBUG] Mundur ke-2: ''
2026-07-10 10:58:39 | DEBUG    |   [DEBUG] SLoc yang terbaca: ['WH01']
2026-07-10 10:58:39 | INFO     |   Isi SLoc yang belum ada: WH02, WT01
2026-07-10 10:58:39 | DEBUG    |   SLoc baru: WH02
2026-07-10 10:58:40 | DEBUG    |   SLoc baru: WT01
2026-07-10 10:58:41 | DEBUG    |   [DEBUG] Jumlah elemen terbaca: 22
2026-07-10 10:58:41 | DEBUG    |   [DEBUG] Status text: [WINDOWCONTROL:NAME]ENTER STORAGE LOCATIONS COLLECTIVELY: LIST | [BUTTONCONTROL:NAME]OPEN | [BUTTONCONTROL:NAME]DELETE | [LEGACY:DESC]DELETE   (SHIFT+F2) | [LEGACY:VALUE]ENTER STORAGE LOCATIONS COLLECTIVELY: LIST | [LEGACY:DESC]DISPLAYS THE NAME OF THE WINDOW AND CONTAINS CONTROLS TO MANIPULATE IT | [MENUBARCONTROL:NAME]SYSTEM | [LEGACY:DESC]CONTAINS COMMANDS TO MANIPULATE THE WINDOW | [MENUITEMCONTROL:NAME]SYSTEM | [BUTTONCONTROL:NAME]MINIMIZE | [LEGACY:DESC]MOVES THE WINDOW OUT OF THE WAY | [BUTTONCONTROL:NAME]MAXIMIZE | [LEGACY:DESC]MAKES THE WINDOW FULL SCREEN | [BUTTONCONTROL:NAME]CLOSE | [LEGACY:DESC]CLOSES THE WINDOW | CUSTOM  CONTAINER | CONTROL  CONTAINER | CUSTOM  CONTAINER | CONTROL  CONTAINER | SAP'S ADVANCED TREELIST | CUSTOM  CONTAINER | CONTROL  CONTAINER
2026-07-10 10:58:43 | SUCCESS  |   ✓ [B351] 351992 — WH02, WT01 DITAMBAH
2026-07-10 10:58:43 | INFO     | [  33/50]  351992  →  Plant: B352
2026-07-10 10:58:43 | DEBUG    |   Isi Material: 351992
2026-07-10 10:58:45 | DEBUG    |   Isi Plant: B352
2026-07-10 10:58:48 | DEBUG    |   [DEBUG] Mundur ke-1: 'WH01'
2026-07-10 10:58:49 | DEBUG    |   [DEBUG] Mundur ke-2: ''
2026-07-10 10:58:49 | DEBUG    |   [DEBUG] SLoc yang terbaca: ['WH01']
2026-07-10 10:58:49 | INFO     |   Isi SLoc yang belum ada: WH02, WT01
2026-07-10 10:58:50 | DEBUG    |   SLoc baru: WH02
2026-07-10 10:58:50 | DEBUG    |   SLoc baru: WT01
2026-07-10 10:58:51 | DEBUG    |   [DEBUG] Jumlah elemen terbaca: 22
2026-07-10 10:58:51 | DEBUG    |   [DEBUG] Status text: [WINDOWCONTROL:NAME]ENTER STORAGE LOCATIONS COLLECTIVELY: LIST | [BUTTONCONTROL:NAME]OPEN | [BUTTONCONTROL:NAME]DELETE | [LEGACY:DESC]DELETE   (SHIFT+F2) | [LEGACY:VALUE]ENTER STORAGE LOCATIONS COLLECTIVELY: LIST | [LEGACY:DESC]DISPLAYS THE NAME OF THE WINDOW AND CONTAINS CONTROLS TO MANIPULATE IT | [MENUBARCONTROL:NAME]SYSTEM | [LEGACY:DESC]CONTAINS COMMANDS TO MANIPULATE THE WINDOW | [MENUITEMCONTROL:NAME]SYSTEM | [BUTTONCONTROL:NAME]MINIMIZE | [LEGACY:DESC]MOVES THE WINDOW OUT OF THE WAY | [BUTTONCONTROL:NAME]MAXIMIZE | [LEGACY:DESC]MAKES THE WINDOW FULL SCREEN | [BUTTONCONTROL:NAME]CLOSE | [LEGACY:DESC]CLOSES THE WINDOW | CUSTOM  CONTAINER | CONTROL  CONTAINER | CUSTOM  CONTAINER | CONTROL  CONTAINER | SAP'S ADVANCED TREELIST | CUSTOM  CONTAINER | CONTROL  CONTAINER
2026-07-10 10:58:53 | SUCCESS  |   ✓ [B352] 351992 — WH02, WT01 DITAMBAH
2026-07-10 10:58:53 | INFO     | [  34/50]  351992  →  Plant: B353
2026-07-10 10:58:53 | DEBUG    |   Isi Material: 351992
2026-07-10 10:58:55 | DEBUG    |   Isi Plant: B353
2026-07-10 10:58:59 | DEBUG    |   [DEBUG] Mundur ke-1: 'WH01'
2026-07-10 10:58:59 | DEBUG    |   [DEBUG] Mundur ke-2: ''
2026-07-10 10:58:59 | DEBUG    |   [DEBUG] SLoc yang terbaca: ['WH01']
2026-07-10 10:58:59 | INFO     |   Isi SLoc yang belum ada: WH02, WT01
2026-07-10 10:59:00 | DEBUG    |   SLoc baru: WH02
2026-07-10 10:59:01 | DEBUG    |   SLoc baru: WT01
2026-07-10 10:59:02 | DEBUG    |   [DEBUG] Jumlah elemen terbaca: 22
2026-07-10 10:59:02 | DEBUG    |   [DEBUG] Status text: [WINDOWCONTROL:NAME]ENTER STORAGE LOCATIONS COLLECTIVELY: LIST | [BUTTONCONTROL:NAME]OPEN | [BUTTONCONTROL:NAME]DELETE | [LEGACY:DESC]DELETE   (SHIFT+F2) | [LEGACY:VALUE]ENTER STORAGE LOCATIONS COLLECTIVELY: LIST | [LEGACY:DESC]DISPLAYS THE NAME OF THE WINDOW AND CONTAINS CONTROLS TO MANIPULATE IT | [MENUBARCONTROL:NAME]SYSTEM | [LEGACY:DESC]CONTAINS COMMANDS TO MANIPULATE THE WINDOW | [MENUITEMCONTROL:NAME]SYSTEM | [BUTTONCONTROL:NAME]MINIMIZE | [LEGACY:DESC]MOVES THE WINDOW OUT OF THE WAY | [BUTTONCONTROL:NAME]MAXIMIZE | [LEGACY:DESC]MAKES THE WINDOW FULL SCREEN | [BUTTONCONTROL:NAME]CLOSE | [LEGACY:DESC]CLOSES THE WINDOW | CUSTOM  CONTAINER | CONTROL  CONTAINER | CUSTOM  CONTAINER | CONTROL  CONTAINER | SAP'S ADVANCED TREELIST | CUSTOM  CONTAINER | CONTROL  CONTAINER
2026-07-10 10:59:04 | SUCCESS  |   ✓ [B353] 351992 — WH02, WT01 DITAMBAH
2026-07-10 10:59:04 | INFO     | [  35/50]  351992  →  Plant: B354
2026-07-10 10:59:04 | DEBUG    |   Isi Material: 351992
2026-07-10 10:59:06 | DEBUG    |   Isi Plant: B354
2026-07-10 10:59:09 | DEBUG    |   [DEBUG] Mundur ke-1: 'WH01'
2026-07-10 10:59:10 | DEBUG    |   [DEBUG] Mundur ke-2: ''
2026-07-10 10:59:10 | DEBUG    |   [DEBUG] SLoc yang terbaca: ['WH01']
2026-07-10 10:59:10 | INFO     |   Isi SLoc yang belum ada: WH02, WT01
2026-07-10 10:59:10 | DEBUG    |   SLoc baru: WH02
2026-07-10 10:59:11 | DEBUG    |   SLoc baru: WT01
2026-07-10 10:59:12 | DEBUG    |   [DEBUG] Jumlah elemen terbaca: 22
2026-07-10 10:59:12 | DEBUG    |   [DEBUG] Status text: [WINDOWCONTROL:NAME]ENTER STORAGE LOCATIONS COLLECTIVELY: LIST | [BUTTONCONTROL:NAME]OPEN | [BUTTONCONTROL:NAME]DELETE | [LEGACY:DESC]DELETE   (SHIFT+F2) | [LEGACY:VALUE]ENTER STORAGE LOCATIONS COLLECTIVELY: LIST | [LEGACY:DESC]DISPLAYS THE NAME OF THE WINDOW AND CONTAINS CONTROLS TO MANIPULATE IT | [MENUBARCONTROL:NAME]SYSTEM | [LEGACY:DESC]CONTAINS COMMANDS TO MANIPULATE THE WINDOW | [MENUITEMCONTROL:NAME]SYSTEM | [BUTTONCONTROL:NAME]MINIMIZE | [LEGACY:DESC]MOVES THE WINDOW OUT OF THE WAY | [BUTTONCONTROL:NAME]MAXIMIZE | [LEGACY:DESC]MAKES THE WINDOW FULL SCREEN | [BUTTONCONTROL:NAME]CLOSE | [LEGACY:DESC]CLOSES THE WINDOW | CUSTOM  CONTAINER | CONTROL  CONTAINER | CUSTOM  CONTAINER | CONTROL  CONTAINER | SAP'S ADVANCED TREELIST | CUSTOM  CONTAINER | CONTROL  CONTAINER
2026-07-10 10:59:14 | SUCCESS  |   ✓ [B354] 351992 — WH02, WT01 DITAMBAH
2026-07-10 10:59:14 | INFO     | [  36/50]  351992  →  Plant: B356
2026-07-10 10:59:14 | DEBUG    |   Isi Material: 351992
2026-07-10 10:59:16 | DEBUG    |   Isi Plant: B356
2026-07-10 10:59:20 | DEBUG    |   [DEBUG] Mundur ke-1: 'WH01'
2026-07-10 10:59:20 | DEBUG    |   [DEBUG] Mundur ke-2: ''
2026-07-10 10:59:20 | DEBUG    |   [DEBUG] SLoc yang terbaca: ['WH01']
2026-07-10 10:59:20 | INFO     |   Isi SLoc yang belum ada: WH02, WT01
2026-07-10 10:59:21 | DEBUG    |   SLoc baru: WH02
2026-07-10 10:59:22 | DEBUG    |   SLoc baru: WT01
2026-07-10 10:59:23 | DEBUG    |   [DEBUG] Jumlah elemen terbaca: 22
2026-07-10 10:59:23 | DEBUG    |   [DEBUG] Status text: [WINDOWCONTROL:NAME]ENTER STORAGE LOCATIONS COLLECTIVELY: LIST | [BUTTONCONTROL:NAME]OPEN | [BUTTONCONTROL:NAME]DELETE | [LEGACY:DESC]DELETE   (SHIFT+F2) | [LEGACY:VALUE]ENTER STORAGE LOCATIONS COLLECTIVELY: LIST | [LEGACY:DESC]DISPLAYS THE NAME OF THE WINDOW AND CONTAINS CONTROLS TO MANIPULATE IT | [MENUBARCONTROL:NAME]SYSTEM | [LEGACY:DESC]CONTAINS COMMANDS TO MANIPULATE THE WINDOW | [MENUITEMCONTROL:NAME]SYSTEM | [BUTTONCONTROL:NAME]MINIMIZE | [LEGACY:DESC]MOVES THE WINDOW OUT OF THE WAY | [BUTTONCONTROL:NAME]MAXIMIZE | [LEGACY:DESC]MAKES THE WINDOW FULL SCREEN | [BUTTONCONTROL:NAME]CLOSE | [LEGACY:DESC]CLOSES THE WINDOW | CUSTOM  CONTAINER | CONTROL  CONTAINER | CUSTOM  CONTAINER | CONTROL  CONTAINER | SAP'S ADVANCED TREELIST | CUSTOM  CONTAINER | CONTROL  CONTAINER
2026-07-10 10:59:25 | SUCCESS  |   ✓ [B356] 351992 — WH02, WT01 DITAMBAH
2026-07-10 10:59:25 | INFO     | [  37/50]  351992  →  Plant: B357
2026-07-10 10:59:25 | DEBUG    |   Isi Material: 351992
2026-07-10 10:59:27 | DEBUG    |   Isi Plant: B357
2026-07-10 10:59:30 | DEBUG    |   [DEBUG] Mundur ke-1: 'WH01'
2026-07-10 10:59:31 | DEBUG    |   [DEBUG] Mundur ke-2: ''
2026-07-10 10:59:31 | DEBUG    |   [DEBUG] SLoc yang terbaca: ['WH01']
2026-07-10 10:59:31 | INFO     |   Isi SLoc yang belum ada: WH02, WT01
2026-07-10 10:59:31 | DEBUG    |   SLoc baru: WH02
2026-07-10 10:59:32 | DEBUG    |   SLoc baru: WT01
2026-07-10 10:59:33 | DEBUG    |   [DEBUG] Jumlah elemen terbaca: 22
2026-07-10 10:59:33 | DEBUG    |   [DEBUG] Status text: [WINDOWCONTROL:NAME]ENTER STORAGE LOCATIONS COLLECTIVELY: LIST | [BUTTONCONTROL:NAME]OPEN | [BUTTONCONTROL:NAME]DELETE | [LEGACY:DESC]DELETE   (SHIFT+F2) | [LEGACY:VALUE]ENTER STORAGE LOCATIONS COLLECTIVELY: LIST | [LEGACY:DESC]DISPLAYS THE NAME OF THE WINDOW AND CONTAINS CONTROLS TO MANIPULATE IT | [MENUBARCONTROL:NAME]SYSTEM | [LEGACY:DESC]CONTAINS COMMANDS TO MANIPULATE THE WINDOW | [MENUITEMCONTROL:NAME]SYSTEM | [BUTTONCONTROL:NAME]MINIMIZE | [LEGACY:DESC]MOVES THE WINDOW OUT OF THE WAY | [BUTTONCONTROL:NAME]MAXIMIZE | [LEGACY:DESC]MAKES THE WINDOW FULL SCREEN | [BUTTONCONTROL:NAME]CLOSE | [LEGACY:DESC]CLOSES THE WINDOW | CUSTOM  CONTAINER | CONTROL  CONTAINER | CUSTOM  CONTAINER | CONTROL  CONTAINER | SAP'S ADVANCED TREELIST | CUSTOM  CONTAINER | CONTROL  CONTAINER
2026-07-10 10:59:35 | SUCCESS  |   ✓ [B357] 351992 — WH02, WT01 DITAMBAH
2026-07-10 10:59:35 | INFO     | [  38/50]  351992  →  Plant: B358
2026-07-10 10:59:35 | DEBUG    |   Isi Material: 351992
2026-07-10 10:59:37 | DEBUG    |   Isi Plant: B358
2026-07-10 10:59:40 | DEBUG    |   [DEBUG] Mundur ke-1: 'WH01'
2026-07-10 10:59:41 | DEBUG    |   [DEBUG] Mundur ke-2: ''
2026-07-10 10:59:41 | DEBUG    |   [DEBUG] SLoc yang terbaca: ['WH01']
2026-07-10 10:59:41 | INFO     |   Isi SLoc yang belum ada: WH02, WT01
2026-07-10 10:59:42 | DEBUG    |   SLoc baru: WH02
2026-07-10 10:59:43 | DEBUG    |   SLoc baru: WT01
2026-07-10 10:59:43 | DEBUG    |   [DEBUG] Jumlah elemen terbaca: 22
2026-07-10 10:59:43 | DEBUG    |   [DEBUG] Status text: [WINDOWCONTROL:NAME]ENTER STORAGE LOCATIONS COLLECTIVELY: LIST | [BUTTONCONTROL:NAME]OPEN | [BUTTONCONTROL:NAME]DELETE | [LEGACY:DESC]DELETE   (SHIFT+F2) | [LEGACY:VALUE]ENTER STORAGE LOCATIONS COLLECTIVELY: LIST | [LEGACY:DESC]DISPLAYS THE NAME OF THE WINDOW AND CONTAINS CONTROLS TO MANIPULATE IT | [MENUBARCONTROL:NAME]SYSTEM | [LEGACY:DESC]CONTAINS COMMANDS TO MANIPULATE THE WINDOW | [MENUITEMCONTROL:NAME]SYSTEM | [BUTTONCONTROL:NAME]MINIMIZE | [LEGACY:DESC]MOVES THE WINDOW OUT OF THE WAY | [BUTTONCONTROL:NAME]MAXIMIZE | [LEGACY:DESC]MAKES THE WINDOW FULL SCREEN | [BUTTONCONTROL:NAME]CLOSE | [LEGACY:DESC]CLOSES THE WINDOW | CUSTOM  CONTAINER | CONTROL  CONTAINER | CUSTOM  CONTAINER | CONTROL  CONTAINER | SAP'S ADVANCED TREELIST | CUSTOM  CONTAINER | CONTROL  CONTAINER
2026-07-10 10:59:46 | SUCCESS  |   ✓ [B358] 351992 — WH02, WT01 DITAMBAH
2026-07-10 10:59:46 | INFO     | [  39/50]  351992  →  Plant: B360
2026-07-10 10:59:46 | DEBUG    |   Isi Material: 351992
2026-07-10 10:59:47 | DEBUG    |   Isi Plant: B360
2026-07-10 10:59:51 | DEBUG    |   [DEBUG] Mundur ke-1: 'WH01'
2026-07-10 10:59:51 | DEBUG    |   [DEBUG] Mundur ke-2: ''
2026-07-10 10:59:52 | DEBUG    |   [DEBUG] SLoc yang terbaca: ['WH01']
2026-07-10 10:59:52 | INFO     |   Isi SLoc yang belum ada: WH02, WT01
2026-07-10 10:59:52 | DEBUG    |   SLoc baru: WH02
2026-07-10 10:59:53 | DEBUG    |   SLoc baru: WT01
2026-07-10 10:59:54 | DEBUG    |   [DEBUG] Jumlah elemen terbaca: 22
2026-07-10 10:59:54 | DEBUG    |   [DEBUG] Status text: [WINDOWCONTROL:NAME]ENTER STORAGE LOCATIONS COLLECTIVELY: LIST | [BUTTONCONTROL:NAME]OPEN | [BUTTONCONTROL:NAME]DELETE | [LEGACY:DESC]DELETE   (SHIFT+F2) | [LEGACY:VALUE]ENTER STORAGE LOCATIONS COLLECTIVELY: LIST | [LEGACY:DESC]DISPLAYS THE NAME OF THE WINDOW AND CONTAINS CONTROLS TO MANIPULATE IT | [MENUBARCONTROL:NAME]SYSTEM | [LEGACY:DESC]CONTAINS COMMANDS TO MANIPULATE THE WINDOW | [MENUITEMCONTROL:NAME]SYSTEM | [BUTTONCONTROL:NAME]MINIMIZE | [LEGACY:DESC]MOVES THE WINDOW OUT OF THE WAY | [BUTTONCONTROL:NAME]MAXIMIZE | [LEGACY:DESC]MAKES THE WINDOW FULL SCREEN | [BUTTONCONTROL:NAME]CLOSE | [LEGACY:DESC]CLOSES THE WINDOW | CUSTOM  CONTAINER | CONTROL  CONTAINER | CUSTOM  CONTAINER | CONTROL  CONTAINER | SAP'S ADVANCED TREELIST | CUSTOM  CONTAINER | CONTROL  CONTAINER
2026-07-10 10:59:56 | SUCCESS  |   ✓ [B360] 351992 — WH02, WT01 DITAMBAH
2026-07-10 10:59:56 | INFO     | [  40/50]  351992  →  Plant: B361
2026-07-10 10:59:56 | DEBUG    |   Isi Material: 351992
2026-07-10 10:59:58 | DEBUG    |   Isi Plant: B361
2026-07-10 11:00:01 | DEBUG    |   [DEBUG] Mundur ke-1: 'WH01'
2026-07-10 11:00:02 | DEBUG    |   [DEBUG] Mundur ke-2: ''
2026-07-10 11:00:02 | DEBUG    |   [DEBUG] SLoc yang terbaca: ['WH01']
2026-07-10 11:00:02 | INFO     |   Isi SLoc yang belum ada: WH02, WT01
2026-07-10 11:00:02 | DEBUG    |   SLoc baru: WH02
2026-07-10 11:00:03 | DEBUG    |   SLoc baru: WT01
2026-07-10 11:00:04 | DEBUG    |   [DEBUG] Jumlah elemen terbaca: 22
2026-07-10 11:00:04 | DEBUG    |   [DEBUG] Status text: [WINDOWCONTROL:NAME]ENTER STORAGE LOCATIONS COLLECTIVELY: LIST | [BUTTONCONTROL:NAME]OPEN | [BUTTONCONTROL:NAME]DELETE | [LEGACY:DESC]DELETE   (SHIFT+F2) | [LEGACY:VALUE]ENTER STORAGE LOCATIONS COLLECTIVELY: LIST | [LEGACY:DESC]DISPLAYS THE NAME OF THE WINDOW AND CONTAINS CONTROLS TO MANIPULATE IT | [MENUBARCONTROL:NAME]SYSTEM | [LEGACY:DESC]CONTAINS COMMANDS TO MANIPULATE THE WINDOW | [MENUITEMCONTROL:NAME]SYSTEM | [BUTTONCONTROL:NAME]MINIMIZE | [LEGACY:DESC]MOVES THE WINDOW OUT OF THE WAY | [BUTTONCONTROL:NAME]MAXIMIZE | [LEGACY:DESC]MAKES THE WINDOW FULL SCREEN | [BUTTONCONTROL:NAME]CLOSE | [LEGACY:DESC]CLOSES THE WINDOW | CUSTOM  CONTAINER | CONTROL  CONTAINER | CUSTOM  CONTAINER | CONTROL  CONTAINER | SAP'S ADVANCED TREELIST | CUSTOM  CONTAINER | CONTROL  CONTAINER
2026-07-10 11:00:06 | SUCCESS  |   ✓ [B361] 351992 — WH02, WT01 DITAMBAH
2026-07-10 11:00:06 | INFO     | [  41/50]  351992  →  Plant: B362
2026-07-10 11:00:06 | DEBUG    |   Isi Material: 351992
2026-07-10 11:00:08 | DEBUG    |   Isi Plant: B362
2026-07-10 11:00:12 | DEBUG    |   [DEBUG] Mundur ke-1: 'WH01'
2026-07-10 11:00:12 | DEBUG    |   [DEBUG] Mundur ke-2: ''
2026-07-10 11:00:12 | DEBUG    |   [DEBUG] SLoc yang terbaca: ['WH01']
2026-07-10 11:00:12 | INFO     |   Isi SLoc yang belum ada: WH02, WT01
2026-07-10 11:00:13 | DEBUG    |   SLoc baru: WH02
2026-07-10 11:00:14 | DEBUG    |   SLoc baru: WT01
2026-07-10 11:00:15 | DEBUG    |   [DEBUG] Jumlah elemen terbaca: 22
2026-07-10 11:00:15 | DEBUG    |   [DEBUG] Status text: [WINDOWCONTROL:NAME]ENTER STORAGE LOCATIONS COLLECTIVELY: LIST | [BUTTONCONTROL:NAME]OPEN | [BUTTONCONTROL:NAME]DELETE | [LEGACY:DESC]DELETE   (SHIFT+F2) | [LEGACY:VALUE]ENTER STORAGE LOCATIONS COLLECTIVELY: LIST | [LEGACY:DESC]DISPLAYS THE NAME OF THE WINDOW AND CONTAINS CONTROLS TO MANIPULATE IT | [MENUBARCONTROL:NAME]SYSTEM | [LEGACY:DESC]CONTAINS COMMANDS TO MANIPULATE THE WINDOW | [MENUITEMCONTROL:NAME]SYSTEM | [BUTTONCONTROL:NAME]MINIMIZE | [LEGACY:DESC]MOVES THE WINDOW OUT OF THE WAY | [BUTTONCONTROL:NAME]MAXIMIZE | [LEGACY:DESC]MAKES THE WINDOW FULL SCREEN | [BUTTONCONTROL:NAME]CLOSE | [LEGACY:DESC]CLOSES THE WINDOW | CUSTOM  CONTAINER | CONTROL  CONTAINER | CUSTOM  CONTAINER | CONTROL  CONTAINER | SAP'S ADVANCED TREELIST | CUSTOM  CONTAINER | CONTROL  CONTAINER
2026-07-10 11:00:17 | SUCCESS  |   ✓ [B362] 351992 — WH02, WT01 DITAMBAH
2026-07-10 11:00:17 | INFO     | [  42/50]  351992  →  Plant: B363
2026-07-10 11:00:17 | DEBUG    |   Isi Material: 351992
2026-07-10 11:00:19 | DEBUG    |   Isi Plant: B363
2026-07-10 11:00:22 | DEBUG    |   [DEBUG] Mundur ke-1: 'WH01'
2026-07-10 11:00:22 | DEBUG    |   [DEBUG] Mundur ke-2: ''
2026-07-10 11:00:23 | DEBUG    |   [DEBUG] SLoc yang terbaca: ['WH01']
2026-07-10 11:00:23 | INFO     |   Isi SLoc yang belum ada: WH02, WT01
2026-07-10 11:00:23 | DEBUG    |   SLoc baru: WH02
2026-07-10 11:00:24 | DEBUG    |   SLoc baru: WT01
2026-07-10 11:00:25 | DEBUG    |   [DEBUG] Jumlah elemen terbaca: 22
2026-07-10 11:00:25 | DEBUG    |   [DEBUG] Status text: [WINDOWCONTROL:NAME]ENTER STORAGE LOCATIONS COLLECTIVELY: LIST | [BUTTONCONTROL:NAME]OPEN | [BUTTONCONTROL:NAME]DELETE | [LEGACY:DESC]DELETE   (SHIFT+F2) | [LEGACY:VALUE]ENTER STORAGE LOCATIONS COLLECTIVELY: LIST | [LEGACY:DESC]DISPLAYS THE NAME OF THE WINDOW AND CONTAINS CONTROLS TO MANIPULATE IT | [MENUBARCONTROL:NAME]SYSTEM | [LEGACY:DESC]CONTAINS COMMANDS TO MANIPULATE THE WINDOW | [MENUITEMCONTROL:NAME]SYSTEM | [BUTTONCONTROL:NAME]MINIMIZE | [LEGACY:DESC]MOVES THE WINDOW OUT OF THE WAY | [BUTTONCONTROL:NAME]MAXIMIZE | [LEGACY:DESC]MAKES THE WINDOW FULL SCREEN | [BUTTONCONTROL:NAME]CLOSE | [LEGACY:DESC]CLOSES THE WINDOW | CUSTOM  CONTAINER | CONTROL  CONTAINER | CUSTOM  CONTAINER | CONTROL  CONTAINER | SAP'S ADVANCED TREELIST | CUSTOM  CONTAINER | CONTROL  CONTAINER
2026-07-10 11:00:27 | SUCCESS  |   ✓ [B363] 351992 — WH02, WT01 DITAMBAH
2026-07-10 11:00:27 | INFO     | [  43/50]  351992  →  Plant: B364
2026-07-10 11:00:27 | DEBUG    |   Isi Material: 351992
2026-07-10 11:00:29 | DEBUG    |   Isi Plant: B364
2026-07-10 11:00:32 | DEBUG    |   [DEBUG] Mundur ke-1: 'WH01'
2026-07-10 11:00:33 | DEBUG    |   [DEBUG] Mundur ke-2: ''
2026-07-10 11:00:33 | DEBUG    |   [DEBUG] SLoc yang terbaca: ['WH01']
2026-07-10 11:00:33 | INFO     |   Isi SLoc yang belum ada: WH02, WT01
2026-07-10 11:00:34 | DEBUG    |   SLoc baru: WH02
2026-07-10 11:00:35 | DEBUG    |   SLoc baru: WT01
2026-07-10 11:00:36 | DEBUG    |   [DEBUG] Jumlah elemen terbaca: 22
2026-07-10 11:00:36 | DEBUG    |   [DEBUG] Status text: [WINDOWCONTROL:NAME]ENTER STORAGE LOCATIONS COLLECTIVELY: LIST | [BUTTONCONTROL:NAME]OPEN | [BUTTONCONTROL:NAME]DELETE | [LEGACY:DESC]DELETE   (SHIFT+F2) | [LEGACY:VALUE]ENTER STORAGE LOCATIONS COLLECTIVELY: LIST | [LEGACY:DESC]DISPLAYS THE NAME OF THE WINDOW AND CONTAINS CONTROLS TO MANIPULATE IT | [MENUBARCONTROL:NAME]SYSTEM | [LEGACY:DESC]CONTAINS COMMANDS TO MANIPULATE THE WINDOW | [MENUITEMCONTROL:NAME]SYSTEM | [BUTTONCONTROL:NAME]MINIMIZE | [LEGACY:DESC]MOVES THE WINDOW OUT OF THE WAY | [BUTTONCONTROL:NAME]MAXIMIZE | [LEGACY:DESC]MAKES THE WINDOW FULL SCREEN | [BUTTONCONTROL:NAME]CLOSE | [LEGACY:DESC]CLOSES THE WINDOW | CUSTOM  CONTAINER | CONTROL  CONTAINER | CUSTOM  CONTAINER | CONTROL  CONTAINER | SAP'S ADVANCED TREELIST | CUSTOM  CONTAINER | CONTROL  CONTAINER
2026-07-10 11:00:38 | SUCCESS  |   ✓ [B364] 351992 — WH02, WT01 DITAMBAH
2026-07-10 11:00:38 | INFO     | [  44/50]  351992  →  Plant: B365
2026-07-10 11:00:38 | DEBUG    |   Isi Material: 351992
2026-07-10 11:00:40 | DEBUG    |   Isi Plant: B365
2026-07-10 11:00:43 | DEBUG    |   [DEBUG] Mundur ke-1: 'WH01'
2026-07-10 11:00:44 | DEBUG    |   [DEBUG] Mundur ke-2: ''
2026-07-10 11:00:44 | DEBUG    |   [DEBUG] SLoc yang terbaca: ['WH01']
2026-07-10 11:00:44 | INFO     |   Isi SLoc yang belum ada: WH02, WT01
2026-07-10 11:00:44 | DEBUG    |   SLoc baru: WH02
2026-07-10 11:00:45 | DEBUG    |   SLoc baru: WT01
2026-07-10 11:00:46 | DEBUG    |   [DEBUG] Jumlah elemen terbaca: 22
2026-07-10 11:00:46 | DEBUG    |   [DEBUG] Status text: [WINDOWCONTROL:NAME]ENTER STORAGE LOCATIONS COLLECTIVELY: LIST | [BUTTONCONTROL:NAME]OPEN | [BUTTONCONTROL:NAME]DELETE | [LEGACY:DESC]DELETE   (SHIFT+F2) | [LEGACY:VALUE]ENTER STORAGE LOCATIONS COLLECTIVELY: LIST | [LEGACY:DESC]DISPLAYS THE NAME OF THE WINDOW AND CONTAINS CONTROLS TO MANIPULATE IT | [MENUBARCONTROL:NAME]SYSTEM | [LEGACY:DESC]CONTAINS COMMANDS TO MANIPULATE THE WINDOW | [MENUITEMCONTROL:NAME]SYSTEM | [BUTTONCONTROL:NAME]MINIMIZE | [LEGACY:DESC]MOVES THE WINDOW OUT OF THE WAY | [BUTTONCONTROL:NAME]MAXIMIZE | [LEGACY:DESC]MAKES THE WINDOW FULL SCREEN | [BUTTONCONTROL:NAME]CLOSE | [LEGACY:DESC]CLOSES THE WINDOW | CUSTOM  CONTAINER | CONTROL  CONTAINER | CUSTOM  CONTAINER | CONTROL  CONTAINER | SAP'S ADVANCED TREELIST | CUSTOM  CONTAINER | CONTROL  CONTAINER
2026-07-10 11:00:48 | SUCCESS  |   ✓ [B365] 351992 — WH02, WT01 DITAMBAH
2026-07-10 11:00:48 | INFO     | [  45/50]  351992  →  Plant: B366
2026-07-10 11:00:48 | DEBUG    |   Isi Material: 351992
2026-07-10 11:00:50 | DEBUG    |   Isi Plant: B366
2026-07-10 11:00:53 | DEBUG    |   [DEBUG] Mundur ke-1: 'WH01'
2026-07-10 11:00:54 | DEBUG    |   [DEBUG] Mundur ke-2: ''
2026-07-10 11:00:54 | DEBUG    |   [DEBUG] SLoc yang terbaca: ['WH01']
2026-07-10 11:00:54 | INFO     |   Isi SLoc yang belum ada: WH02, WT01
2026-07-10 11:00:55 | DEBUG    |   SLoc baru: WH02
2026-07-10 11:00:56 | DEBUG    |   SLoc baru: WT01
2026-07-10 11:00:56 | DEBUG    |   [DEBUG] Jumlah elemen terbaca: 22
2026-07-10 11:00:56 | DEBUG    |   [DEBUG] Status text: [WINDOWCONTROL:NAME]ENTER STORAGE LOCATIONS COLLECTIVELY: LIST | [BUTTONCONTROL:NAME]OPEN | [BUTTONCONTROL:NAME]DELETE | [LEGACY:DESC]DELETE   (SHIFT+F2) | [LEGACY:VALUE]ENTER STORAGE LOCATIONS COLLECTIVELY: LIST | [LEGACY:DESC]DISPLAYS THE NAME OF THE WINDOW AND CONTAINS CONTROLS TO MANIPULATE IT | [MENUBARCONTROL:NAME]SYSTEM | [LEGACY:DESC]CONTAINS COMMANDS TO MANIPULATE THE WINDOW | [MENUITEMCONTROL:NAME]SYSTEM | [BUTTONCONTROL:NAME]MINIMIZE | [LEGACY:DESC]MOVES THE WINDOW OUT OF THE WAY | [BUTTONCONTROL:NAME]MAXIMIZE | [LEGACY:DESC]MAKES THE WINDOW FULL SCREEN | [BUTTONCONTROL:NAME]CLOSE | [LEGACY:DESC]CLOSES THE WINDOW | CUSTOM  CONTAINER | CONTROL  CONTAINER | CUSTOM  CONTAINER | CONTROL  CONTAINER | SAP'S ADVANCED TREELIST | CUSTOM  CONTAINER | CONTROL  CONTAINER
2026-07-10 11:00:59 | SUCCESS  |   ✓ [B366] 351992 — WH02, WT01 DITAMBAH
2026-07-10 11:00:59 | INFO     | [  46/50]  351992  →  Plant: B367
2026-07-10 11:00:59 | DEBUG    |   Isi Material: 351992
2026-07-10 11:01:00 | DEBUG    |   Isi Plant: B367
2026-07-10 11:01:04 | DEBUG    |   [DEBUG] Mundur ke-1: 'WH01'
2026-07-10 11:01:04 | DEBUG    |   [DEBUG] Mundur ke-2: ''
2026-07-10 11:01:05 | DEBUG    |   [DEBUG] SLoc yang terbaca: ['WH01']
2026-07-10 11:01:05 | INFO     |   Isi SLoc yang belum ada: WH02, WT01
2026-07-10 11:01:05 | DEBUG    |   SLoc baru: WH02
2026-07-10 11:01:06 | DEBUG    |   SLoc baru: WT01
2026-07-10 11:01:07 | DEBUG    |   [DEBUG] Jumlah elemen terbaca: 22
2026-07-10 11:01:07 | DEBUG    |   [DEBUG] Status text: [WINDOWCONTROL:NAME]ENTER STORAGE LOCATIONS COLLECTIVELY: LIST | [BUTTONCONTROL:NAME]OPEN | [BUTTONCONTROL:NAME]DELETE | [LEGACY:DESC]DELETE   (SHIFT+F2) | [LEGACY:VALUE]ENTER STORAGE LOCATIONS COLLECTIVELY: LIST | [LEGACY:DESC]DISPLAYS THE NAME OF THE WINDOW AND CONTAINS CONTROLS TO MANIPULATE IT | [MENUBARCONTROL:NAME]SYSTEM | [LEGACY:DESC]CONTAINS COMMANDS TO MANIPULATE THE WINDOW | [MENUITEMCONTROL:NAME]SYSTEM | [BUTTONCONTROL:NAME]MINIMIZE | [LEGACY:DESC]MOVES THE WINDOW OUT OF THE WAY | [BUTTONCONTROL:NAME]MAXIMIZE | [LEGACY:DESC]MAKES THE WINDOW FULL SCREEN | [BUTTONCONTROL:NAME]CLOSE | [LEGACY:DESC]CLOSES THE WINDOW | CUSTOM  CONTAINER | CONTROL  CONTAINER | CUSTOM  CONTAINER | CONTROL  CONTAINER | SAP'S ADVANCED TREELIST | CUSTOM  CONTAINER | CONTROL  CONTAINER
2026-07-10 11:01:09 | SUCCESS  |   ✓ [B367] 351992 — WH02, WT01 DITAMBAH
2026-07-10 11:01:09 | INFO     | [  47/50]  351992  →  Plant: B368
2026-07-10 11:01:09 | DEBUG    |   Isi Material: 351992
2026-07-10 11:01:11 | DEBUG    |   Isi Plant: B368
2026-07-10 11:01:14 | DEBUG    |   [DEBUG] Mundur ke-1: 'WH01'
2026-07-10 11:01:15 | DEBUG    |   [DEBUG] Mundur ke-2: ''
2026-07-10 11:01:15 | DEBUG    |   [DEBUG] SLoc yang terbaca: ['WH01']
2026-07-10 11:01:15 | INFO     |   Isi SLoc yang belum ada: WH02, WT01
2026-07-10 11:01:15 | DEBUG    |   SLoc baru: WH02
2026-07-10 11:01:16 | DEBUG    |   SLoc baru: WT01
2026-07-10 11:01:17 | DEBUG    |   [DEBUG] Jumlah elemen terbaca: 22
2026-07-10 11:01:17 | DEBUG    |   [DEBUG] Status text: [WINDOWCONTROL:NAME]ENTER STORAGE LOCATIONS COLLECTIVELY: LIST | [BUTTONCONTROL:NAME]OPEN | [BUTTONCONTROL:NAME]DELETE | [LEGACY:DESC]DELETE   (SHIFT+F2) | [LEGACY:VALUE]ENTER STORAGE LOCATIONS COLLECTIVELY: LIST | [LEGACY:DESC]DISPLAYS THE NAME OF THE WINDOW AND CONTAINS CONTROLS TO MANIPULATE IT | [MENUBARCONTROL:NAME]SYSTEM | [LEGACY:DESC]CONTAINS COMMANDS TO MANIPULATE THE WINDOW | [MENUITEMCONTROL:NAME]SYSTEM | [BUTTONCONTROL:NAME]MINIMIZE | [LEGACY:DESC]MOVES THE WINDOW OUT OF THE WAY | [BUTTONCONTROL:NAME]MAXIMIZE | [LEGACY:DESC]MAKES THE WINDOW FULL SCREEN | [BUTTONCONTROL:NAME]CLOSE | [LEGACY:DESC]CLOSES THE WINDOW | CUSTOM  CONTAINER | CONTROL  CONTAINER | CUSTOM  CONTAINER | CONTROL  CONTAINER | SAP'S ADVANCED TREELIST | CUSTOM  CONTAINER | CONTROL  CONTAINER
2026-07-10 11:01:19 | SUCCESS  |   ✓ [B368] 351992 — WH02, WT01 DITAMBAH
2026-07-10 11:01:19 | INFO     | [  48/50]  351992  →  Plant: B369
2026-07-10 11:01:19 | DEBUG    |   Isi Material: 351992
2026-07-10 11:01:21 | DEBUG    |   Isi Plant: B369
2026-07-10 11:01:24 | DEBUG    |   [DEBUG] Mundur ke-1: 'WH01'
2026-07-10 11:01:25 | DEBUG    |   [DEBUG] Mundur ke-2: ''
2026-07-10 11:01:25 | DEBUG    |   [DEBUG] SLoc yang terbaca: ['WH01']
2026-07-10 11:01:25 | INFO     |   Isi SLoc yang belum ada: WH02, WT01
2026-07-10 11:01:26 | DEBUG    |   SLoc baru: WH02
2026-07-10 11:01:27 | DEBUG    |   SLoc baru: WT01
2026-07-10 11:01:28 | DEBUG    |   [DEBUG] Jumlah elemen terbaca: 22
2026-07-10 11:01:28 | DEBUG    |   [DEBUG] Status text: [WINDOWCONTROL:NAME]ENTER STORAGE LOCATIONS COLLECTIVELY: LIST | [BUTTONCONTROL:NAME]OPEN | [BUTTONCONTROL:NAME]DELETE | [LEGACY:DESC]DELETE   (SHIFT+F2) | [LEGACY:VALUE]ENTER STORAGE LOCATIONS COLLECTIVELY: LIST | [LEGACY:DESC]DISPLAYS THE NAME OF THE WINDOW AND CONTAINS CONTROLS TO MANIPULATE IT | [MENUBARCONTROL:NAME]SYSTEM | [LEGACY:DESC]CONTAINS COMMANDS TO MANIPULATE THE WINDOW | [MENUITEMCONTROL:NAME]SYSTEM | [BUTTONCONTROL:NAME]MINIMIZE | [LEGACY:DESC]MOVES THE WINDOW OUT OF THE WAY | [BUTTONCONTROL:NAME]MAXIMIZE | [LEGACY:DESC]MAKES THE WINDOW FULL SCREEN | [BUTTONCONTROL:NAME]CLOSE | [LEGACY:DESC]CLOSES THE WINDOW | CUSTOM  CONTAINER | CONTROL  CONTAINER | CUSTOM  CONTAINER | CONTROL  CONTAINER | SAP'S ADVANCED TREELIST | CUSTOM  CONTAINER | CONTROL  CONTAINER
2026-07-10 11:01:30 | SUCCESS  |   ✓ [B369] 351992 — WH02, WT01 DITAMBAH
2026-07-10 11:01:30 | INFO     | [  49/50]  351992  →  Plant: B373
2026-07-10 11:01:30 | DEBUG    |   Isi Material: 351992
2026-07-10 11:01:32 | DEBUG    |   Isi Plant: B373
2026-07-10 11:01:35 | DEBUG    |   [DEBUG] Mundur ke-1: 'WH01'
2026-07-10 11:01:36 | DEBUG    |   [DEBUG] Mundur ke-2: ''
2026-07-10 11:01:36 | DEBUG    |   [DEBUG] SLoc yang terbaca: ['WH01']
2026-07-10 11:01:36 | INFO     |   Isi SLoc yang belum ada: WH02, WT01
2026-07-10 11:01:36 | DEBUG    |   SLoc baru: WH02
2026-07-10 11:01:37 | DEBUG    |   SLoc baru: WT01
2026-07-10 11:01:38 | DEBUG    |   [DEBUG] Jumlah elemen terbaca: 22
2026-07-10 11:01:38 | DEBUG    |   [DEBUG] Status text: [WINDOWCONTROL:NAME]ENTER STORAGE LOCATIONS COLLECTIVELY: LIST | [BUTTONCONTROL:NAME]OPEN | [BUTTONCONTROL:NAME]DELETE | [LEGACY:DESC]DELETE   (SHIFT+F2) | [LEGACY:VALUE]ENTER STORAGE LOCATIONS COLLECTIVELY: LIST | [LEGACY:DESC]DISPLAYS THE NAME OF THE WINDOW AND CONTAINS CONTROLS TO MANIPULATE IT | [MENUBARCONTROL:NAME]SYSTEM | [LEGACY:DESC]CONTAINS COMMANDS TO MANIPULATE THE WINDOW | [MENUITEMCONTROL:NAME]SYSTEM | [BUTTONCONTROL:NAME]MINIMIZE | [LEGACY:DESC]MOVES THE WINDOW OUT OF THE WAY | [BUTTONCONTROL:NAME]MAXIMIZE | [LEGACY:DESC]MAKES THE WINDOW FULL SCREEN | [BUTTONCONTROL:NAME]CLOSE | [LEGACY:DESC]CLOSES THE WINDOW | CUSTOM  CONTAINER | CONTROL  CONTAINER | CUSTOM  CONTAINER | CONTROL  CONTAINER | SAP'S ADVANCED TREELIST | CUSTOM  CONTAINER | CONTROL  CONTAINER
2026-07-10 11:01:40 | SUCCESS  |   ✓ [B373] 351992 — WH02, WT01 DITAMBAH
2026-07-10 11:01:40 | INFO     | [  50/50]  351992  →  Plant: B394
2026-07-10 11:01:40 | DEBUG    |   Isi Material: 351992
2026-07-10 11:01:42 | DEBUG    |   Isi Plant: B394
2026-07-10 11:01:45 | DEBUG    |   [DEBUG] Mundur ke-1: 'WH01'
2026-07-10 11:01:46 | DEBUG    |   [DEBUG] Mundur ke-2: ''
2026-07-10 11:01:46 | DEBUG    |   [DEBUG] SLoc yang terbaca: ['WH01']
2026-07-10 11:01:46 | INFO     |   Isi SLoc yang belum ada: WH02, WT01
2026-07-10 11:01:47 | DEBUG    |   SLoc baru: WH02
2026-07-10 11:01:48 | DEBUG    |   SLoc baru: WT01
2026-07-10 11:01:49 | DEBUG    |   [DEBUG] Jumlah elemen terbaca: 22
2026-07-10 11:01:49 | DEBUG    |   [DEBUG] Status text: [WINDOWCONTROL:NAME]ENTER STORAGE LOCATIONS COLLECTIVELY: LIST | [BUTTONCONTROL:NAME]OPEN | [BUTTONCONTROL:NAME]DELETE | [LEGACY:DESC]DELETE   (SHIFT+F2) | [LEGACY:VALUE]ENTER STORAGE LOCATIONS COLLECTIVELY: LIST | [LEGACY:DESC]DISPLAYS THE NAME OF THE WINDOW AND CONTAINS CONTROLS TO MANIPULATE IT | [MENUBARCONTROL:NAME]SYSTEM | [LEGACY:DESC]CONTAINS COMMANDS TO MANIPULATE THE WINDOW | [MENUITEMCONTROL:NAME]SYSTEM | [BUTTONCONTROL:NAME]MINIMIZE | [LEGACY:DESC]MOVES THE WINDOW OUT OF THE WAY | [BUTTONCONTROL:NAME]MAXIMIZE | [LEGACY:DESC]MAKES THE WINDOW FULL SCREEN | [BUTTONCONTROL:NAME]CLOSE | [LEGACY:DESC]CLOSES THE WINDOW | CUSTOM  CONTAINER | CONTROL  CONTAINER | CUSTOM  CONTAINER | CONTROL  CONTAINER | SAP'S ADVANCED TREELIST | CUSTOM  CONTAINER | CONTROL  CONTAINER
2026-07-10 11:01:51 | SUCCESS  |   ✓ [B394] 351992 — WH02, WT01 DITAMBAH
2026-07-10 11:01:51 | INFO     | 
2026-07-10 11:01:51 | INFO     | ============================================================
2026-07-10 11:01:51 | INFO     |   SELESAI -- OK: 49 | Dry: 0 | Skip: 1 | Error: 0 | Total: 50
2026-07-10 11:01:51 | INFO     | ============================================================
2026-07-10 11:01:51 | SUCCESS  | Laporan: output_rpa\hasil_extend_20260710_105304.xlsx
2026-07-10 11:01:51 | INFO     | Log: output_rpa\rpa_mmsc_20260710_105304.log
