2026-07-16 16:10:31 | INFO     | ============================================================
2026-07-16 16:10:31 | INFO     |   SAP RPA — Auto Extend Material MMSC
2026-07-16 16:10:31 | INFO     |   Storage Loc : WH02 & WT01
2026-07-16 16:10:31 | INFO     |   Input       : _selected_temp.xlsx
2026-07-16 16:10:31 | INFO     |   Dry Run     : False
2026-07-16 16:10:31 | INFO     | ============================================================
2026-07-16 16:10:31 | INFO     | 
2026-07-16 16:10:31 | INFO     |   PERSIAPAN:
2026-07-16 16:10:31 | INFO     |   1. SAP sudah login
2026-07-16 16:10:31 | INFO     |   2. Klik jendela SAP supaya aktif
2026-07-16 16:10:31 | INFO     |   3. JANGAN sentuh mouse/keyboard saat robot berjalan!
2026-07-16 16:10:31 | INFO     |   4. DARURAT: gerak mouse ke pojok KIRI ATAS = STOP
2026-07-16 16:10:31 | INFO     | 
2026-07-16 16:10:31 | INFO     | Total material: 25 baris
2026-07-16 16:10:31 | INFO     |   Mulai dalam 5 detik...
2026-07-16 16:10:32 | INFO     |   Mulai dalam 4 detik...
2026-07-16 16:10:33 | INFO     |   Mulai dalam 3 detik...
2026-07-16 16:10:34 | INFO     |   Mulai dalam 2 detik...
2026-07-16 16:10:35 | INFO     |   Mulai dalam 1 detik...
2026-07-16 16:10:36 | INFO     |   ROBOT MULAI!
2026-07-16 16:10:36 | INFO     | 
2026-07-16 16:10:36 | INFO     |   SAP ditemukan: 'Enter Storage Locations Collectively: Initial Screen'
2026-07-16 16:10:38 | INFO     |   Fokus SAP berhasil ✓
2026-07-16 16:10:38 | INFO     |   SAP → kiri layar (960x1080)
2026-07-16 16:10:43 | INFO     |   MMSC terbuka
2026-07-16 16:10:43 | INFO     | [   1/25]  411066  →  Plant: B200
2026-07-16 16:10:43 | DEBUG    |   Isi Material: 411066
2026-07-16 16:10:45 | DEBUG    |   Isi Plant: B200
2026-07-16 16:10:48 | DEBUG    |   [DEBUG] Mundur ke-1: 'WH01'
2026-07-16 16:10:49 | DEBUG    |   [DEBUG] Mundur ke-2: ''
2026-07-16 16:10:49 | DEBUG    |   [DEBUG] SLoc yang terbaca: ['WH01']
2026-07-16 16:10:49 | INFO     |   Isi SLoc yang belum ada: WH02, WT01
2026-07-16 16:10:49 | DEBUG    |   SLoc baru: WH02
2026-07-16 16:10:50 | DEBUG    |   SLoc baru: WT01
2026-07-16 16:10:51 | DEBUG    |   [DEBUG] Jumlah elemen terbaca: 22
2026-07-16 16:10:51 | DEBUG    |   [DEBUG] Status text: [WINDOWCONTROL:NAME]ENTER STORAGE LOCATIONS COLLECTIVELY: LIST | [BUTTONCONTROL:NAME]OPEN | [BUTTONCONTROL:NAME]DELETE | [LEGACY:DESC]DELETE   (SHIFT+F2) | [LEGACY:VALUE]ENTER STORAGE LOCATIONS COLLECTIVELY: LIST | [LEGACY:DESC]DISPLAYS THE NAME OF THE WINDOW AND CONTAINS CONTROLS TO MANIPULATE IT | [MENUBARCONTROL:NAME]SYSTEM | [LEGACY:DESC]CONTAINS COMMANDS TO MANIPULATE THE WINDOW | [MENUITEMCONTROL:NAME]SYSTEM | [BUTTONCONTROL:NAME]MINIMIZE | [LEGACY:DESC]MOVES THE WINDOW OUT OF THE WAY | [BUTTONCONTROL:NAME]MAXIMIZE | [LEGACY:DESC]MAKES THE WINDOW FULL SCREEN | [BUTTONCONTROL:NAME]CLOSE | [LEGACY:DESC]CLOSES THE WINDOW | CUSTOM  CONTAINER | CONTROL  CONTAINER | CUSTOM  CONTAINER | CONTROL  CONTAINER | SAP'S ADVANCED TREELIST | CUSTOM  CONTAINER | CONTROL  CONTAINER
2026-07-16 16:10:54 | SUCCESS  |   ✓ [B200] 411066 — WH02, WT01 DITAMBAH
2026-07-16 16:10:54 | INFO     | [   2/25]  411066  →  Plant: B201
2026-07-16 16:10:54 | DEBUG    |   Isi Material: 411066
2026-07-16 16:10:55 | DEBUG    |   Isi Plant: B201
2026-07-16 16:10:59 | DEBUG    |   [DEBUG] Mundur ke-1: 'WH01'
2026-07-16 16:10:59 | DEBUG    |   [DEBUG] Mundur ke-2: ''
2026-07-16 16:11:00 | DEBUG    |   [DEBUG] SLoc yang terbaca: ['WH01']
2026-07-16 16:11:00 | INFO     |   Isi SLoc yang belum ada: WH02, WT01
2026-07-16 16:11:00 | DEBUG    |   SLoc baru: WH02
2026-07-16 16:11:01 | DEBUG    |   SLoc baru: WT01
2026-07-16 16:11:02 | DEBUG    |   [DEBUG] Jumlah elemen terbaca: 22
2026-07-16 16:11:02 | DEBUG    |   [DEBUG] Status text: [WINDOWCONTROL:NAME]ENTER STORAGE LOCATIONS COLLECTIVELY: LIST | [BUTTONCONTROL:NAME]OPEN | [BUTTONCONTROL:NAME]DELETE | [LEGACY:DESC]DELETE   (SHIFT+F2) | [LEGACY:VALUE]ENTER STORAGE LOCATIONS COLLECTIVELY: LIST | [LEGACY:DESC]DISPLAYS THE NAME OF THE WINDOW AND CONTAINS CONTROLS TO MANIPULATE IT | [MENUBARCONTROL:NAME]SYSTEM | [LEGACY:DESC]CONTAINS COMMANDS TO MANIPULATE THE WINDOW | [MENUITEMCONTROL:NAME]SYSTEM | [BUTTONCONTROL:NAME]MINIMIZE | [LEGACY:DESC]MOVES THE WINDOW OUT OF THE WAY | [BUTTONCONTROL:NAME]MAXIMIZE | [LEGACY:DESC]MAKES THE WINDOW FULL SCREEN | [BUTTONCONTROL:NAME]CLOSE | [LEGACY:DESC]CLOSES THE WINDOW | CUSTOM  CONTAINER | CONTROL  CONTAINER | CUSTOM  CONTAINER | CONTROL  CONTAINER | SAP'S ADVANCED TREELIST | CUSTOM  CONTAINER | CONTROL  CONTAINER
2026-07-16 16:11:04 | SUCCESS  |   ✓ [B201] 411066 — WH02, WT01 DITAMBAH
2026-07-16 16:11:04 | INFO     | [   3/25]  411066  →  Plant: B202
2026-07-16 16:11:04 | DEBUG    |   Isi Material: 411066
2026-07-16 16:11:06 | DEBUG    |   Isi Plant: B202
2026-07-16 16:11:09 | DEBUG    |   [DEBUG] Mundur ke-1: 'WH01'
2026-07-16 16:11:10 | DEBUG    |   [DEBUG] Mundur ke-2: ''
2026-07-16 16:11:10 | DEBUG    |   [DEBUG] SLoc yang terbaca: ['WH01']
2026-07-16 16:11:10 | INFO     |   Isi SLoc yang belum ada: WH02, WT01
2026-07-16 16:11:11 | DEBUG    |   SLoc baru: WH02
2026-07-16 16:11:12 | DEBUG    |   SLoc baru: WT01
2026-07-16 16:11:13 | DEBUG    |   [DEBUG] Jumlah elemen terbaca: 22
2026-07-16 16:11:13 | DEBUG    |   [DEBUG] Status text: [WINDOWCONTROL:NAME]ENTER STORAGE LOCATIONS COLLECTIVELY: LIST | [BUTTONCONTROL:NAME]OPEN | [BUTTONCONTROL:NAME]DELETE | [LEGACY:DESC]DELETE   (SHIFT+F2) | [LEGACY:VALUE]ENTER STORAGE LOCATIONS COLLECTIVELY: LIST | [LEGACY:DESC]DISPLAYS THE NAME OF THE WINDOW AND CONTAINS CONTROLS TO MANIPULATE IT | [MENUBARCONTROL:NAME]SYSTEM | [LEGACY:DESC]CONTAINS COMMANDS TO MANIPULATE THE WINDOW | [MENUITEMCONTROL:NAME]SYSTEM | [BUTTONCONTROL:NAME]MINIMIZE | [LEGACY:DESC]MOVES THE WINDOW OUT OF THE WAY | [BUTTONCONTROL:NAME]MAXIMIZE | [LEGACY:DESC]MAKES THE WINDOW FULL SCREEN | [BUTTONCONTROL:NAME]CLOSE | [LEGACY:DESC]CLOSES THE WINDOW | CUSTOM  CONTAINER | CONTROL  CONTAINER | CUSTOM  CONTAINER | CONTROL  CONTAINER | SAP'S ADVANCED TREELIST | CUSTOM  CONTAINER | CONTROL  CONTAINER
2026-07-16 16:11:15 | SUCCESS  |   ✓ [B202] 411066 — WH02, WT01 DITAMBAH
2026-07-16 16:11:15 | INFO     | [   4/25]  411066  →  Plant: B203
2026-07-16 16:11:15 | DEBUG    |   Isi Material: 411066
2026-07-16 16:11:17 | DEBUG    |   Isi Plant: B203
2026-07-16 16:11:20 | DEBUG    |   [DEBUG] Mundur ke-1: 'WH01'
2026-07-16 16:11:21 | DEBUG    |   [DEBUG] Mundur ke-2: ''
2026-07-16 16:11:21 | DEBUG    |   [DEBUG] SLoc yang terbaca: ['WH01']
2026-07-16 16:11:21 | INFO     |   Isi SLoc yang belum ada: WH02, WT01
2026-07-16 16:11:21 | DEBUG    |   SLoc baru: WH02
2026-07-16 16:11:22 | DEBUG    |   SLoc baru: WT01
2026-07-16 16:11:23 | DEBUG    |   [DEBUG] Jumlah elemen terbaca: 22
2026-07-16 16:11:23 | DEBUG    |   [DEBUG] Status text: [WINDOWCONTROL:NAME]ENTER STORAGE LOCATIONS COLLECTIVELY: LIST | [BUTTONCONTROL:NAME]OPEN | [BUTTONCONTROL:NAME]DELETE | [LEGACY:DESC]DELETE   (SHIFT+F2) | [LEGACY:VALUE]ENTER STORAGE LOCATIONS COLLECTIVELY: LIST | [LEGACY:DESC]DISPLAYS THE NAME OF THE WINDOW AND CONTAINS CONTROLS TO MANIPULATE IT | [MENUBARCONTROL:NAME]SYSTEM | [LEGACY:DESC]CONTAINS COMMANDS TO MANIPULATE THE WINDOW | [MENUITEMCONTROL:NAME]SYSTEM | [BUTTONCONTROL:NAME]MINIMIZE | [LEGACY:DESC]MOVES THE WINDOW OUT OF THE WAY | [BUTTONCONTROL:NAME]MAXIMIZE | [LEGACY:DESC]MAKES THE WINDOW FULL SCREEN | [BUTTONCONTROL:NAME]CLOSE | [LEGACY:DESC]CLOSES THE WINDOW | CUSTOM  CONTAINER | CONTROL  CONTAINER | CUSTOM  CONTAINER | CONTROL  CONTAINER | SAP'S ADVANCED TREELIST | CUSTOM  CONTAINER | CONTROL  CONTAINER
2026-07-16 16:11:25 | SUCCESS  |   ✓ [B203] 411066 — WH02, WT01 DITAMBAH
2026-07-16 16:11:25 | INFO     | [   5/25]  411066  →  Plant: B204
2026-07-16 16:11:25 | DEBUG    |   Isi Material: 411066
2026-07-16 16:11:27 | DEBUG    |   Isi Plant: B204
2026-07-16 16:11:31 | DEBUG    |   [DEBUG] Mundur ke-1: 'WH01'
2026-07-16 16:11:31 | DEBUG    |   [DEBUG] Mundur ke-2: ''
2026-07-16 16:11:31 | DEBUG    |   [DEBUG] SLoc yang terbaca: ['WH01']
2026-07-16 16:11:31 | INFO     |   Isi SLoc yang belum ada: WH02, WT01
2026-07-16 16:11:32 | DEBUG    |   SLoc baru: WH02
2026-07-16 16:11:33 | DEBUG    |   SLoc baru: WT01
2026-07-16 16:11:34 | DEBUG    |   [DEBUG] Jumlah elemen terbaca: 22
2026-07-16 16:11:34 | DEBUG    |   [DEBUG] Status text: [WINDOWCONTROL:NAME]ENTER STORAGE LOCATIONS COLLECTIVELY: LIST | [BUTTONCONTROL:NAME]OPEN | [BUTTONCONTROL:NAME]DELETE | [LEGACY:DESC]DELETE   (SHIFT+F2) | [LEGACY:VALUE]ENTER STORAGE LOCATIONS COLLECTIVELY: LIST | [LEGACY:DESC]DISPLAYS THE NAME OF THE WINDOW AND CONTAINS CONTROLS TO MANIPULATE IT | [MENUBARCONTROL:NAME]SYSTEM | [LEGACY:DESC]CONTAINS COMMANDS TO MANIPULATE THE WINDOW | [MENUITEMCONTROL:NAME]SYSTEM | [BUTTONCONTROL:NAME]MINIMIZE | [LEGACY:DESC]MOVES THE WINDOW OUT OF THE WAY | [BUTTONCONTROL:NAME]MAXIMIZE | [LEGACY:DESC]MAKES THE WINDOW FULL SCREEN | [BUTTONCONTROL:NAME]CLOSE | [LEGACY:DESC]CLOSES THE WINDOW | CUSTOM  CONTAINER | CONTROL  CONTAINER | CUSTOM  CONTAINER | CONTROL  CONTAINER | SAP'S ADVANCED TREELIST | CUSTOM  CONTAINER | CONTROL  CONTAINER
2026-07-16 16:11:36 | SUCCESS  |   ✓ [B204] 411066 — WH02, WT01 DITAMBAH
2026-07-16 16:11:36 | INFO     | [   6/25]  411066  →  Plant: B205
2026-07-16 16:11:36 | DEBUG    |   Isi Material: 411066
2026-07-16 16:11:38 | DEBUG    |   Isi Plant: B205
2026-07-16 16:11:41 | DEBUG    |   [DEBUG] Mundur ke-1: 'WH01'
2026-07-16 16:11:42 | DEBUG    |   [DEBUG] Mundur ke-2: ''
2026-07-16 16:11:42 | DEBUG    |   [DEBUG] SLoc yang terbaca: ['WH01']
2026-07-16 16:11:42 | INFO     |   Isi SLoc yang belum ada: WH02, WT01
2026-07-16 16:11:43 | DEBUG    |   SLoc baru: WH02
2026-07-16 16:11:44 | DEBUG    |   SLoc baru: WT01
2026-07-16 16:11:45 | DEBUG    |   [DEBUG] Jumlah elemen terbaca: 22
2026-07-16 16:11:45 | DEBUG    |   [DEBUG] Status text: [WINDOWCONTROL:NAME]ENTER STORAGE LOCATIONS COLLECTIVELY: LIST | [BUTTONCONTROL:NAME]OPEN | [BUTTONCONTROL:NAME]DELETE | [LEGACY:DESC]DELETE   (SHIFT+F2) | [LEGACY:VALUE]ENTER STORAGE LOCATIONS COLLECTIVELY: LIST | [LEGACY:DESC]DISPLAYS THE NAME OF THE WINDOW AND CONTAINS CONTROLS TO MANIPULATE IT | [MENUBARCONTROL:NAME]SYSTEM | [LEGACY:DESC]CONTAINS COMMANDS TO MANIPULATE THE WINDOW | [MENUITEMCONTROL:NAME]SYSTEM | [BUTTONCONTROL:NAME]MINIMIZE | [LEGACY:DESC]MOVES THE WINDOW OUT OF THE WAY | [BUTTONCONTROL:NAME]MAXIMIZE | [LEGACY:DESC]MAKES THE WINDOW FULL SCREEN | [BUTTONCONTROL:NAME]CLOSE | [LEGACY:DESC]CLOSES THE WINDOW | CUSTOM  CONTAINER | CONTROL  CONTAINER | CUSTOM  CONTAINER | CONTROL  CONTAINER | SAP'S ADVANCED TREELIST | CUSTOM  CONTAINER | CONTROL  CONTAINER
2026-07-16 16:11:47 | SUCCESS  |   ✓ [B205] 411066 — WH02, WT01 DITAMBAH
2026-07-16 16:11:47 | INFO     | [   7/25]  411066  →  Plant: B351
2026-07-16 16:11:47 | DEBUG    |   Isi Material: 411066
2026-07-16 16:11:49 | DEBUG    |   Isi Plant: B351
2026-07-16 16:11:52 | DEBUG    |   [DEBUG] Mundur ke-1: 'WH01'
2026-07-16 16:11:53 | DEBUG    |   [DEBUG] Mundur ke-2: ''
2026-07-16 16:11:53 | DEBUG    |   [DEBUG] SLoc yang terbaca: ['WH01']
2026-07-16 16:11:53 | INFO     |   Isi SLoc yang belum ada: WH02, WT01
2026-07-16 16:11:53 | DEBUG    |   SLoc baru: WH02
2026-07-16 16:11:54 | DEBUG    |   SLoc baru: WT01
2026-07-16 16:11:55 | DEBUG    |   [DEBUG] Jumlah elemen terbaca: 22
2026-07-16 16:11:55 | DEBUG    |   [DEBUG] Status text: [WINDOWCONTROL:NAME]ENTER STORAGE LOCATIONS COLLECTIVELY: LIST | [BUTTONCONTROL:NAME]OPEN | [BUTTONCONTROL:NAME]DELETE | [LEGACY:DESC]DELETE   (SHIFT+F2) | [LEGACY:VALUE]ENTER STORAGE LOCATIONS COLLECTIVELY: LIST | [LEGACY:DESC]DISPLAYS THE NAME OF THE WINDOW AND CONTAINS CONTROLS TO MANIPULATE IT | [MENUBARCONTROL:NAME]SYSTEM | [LEGACY:DESC]CONTAINS COMMANDS TO MANIPULATE THE WINDOW | [MENUITEMCONTROL:NAME]SYSTEM | [BUTTONCONTROL:NAME]MINIMIZE | [LEGACY:DESC]MOVES THE WINDOW OUT OF THE WAY | [BUTTONCONTROL:NAME]MAXIMIZE | [LEGACY:DESC]MAKES THE WINDOW FULL SCREEN | [BUTTONCONTROL:NAME]CLOSE | [LEGACY:DESC]CLOSES THE WINDOW | CUSTOM  CONTAINER | CONTROL  CONTAINER | CUSTOM  CONTAINER | CONTROL  CONTAINER | SAP'S ADVANCED TREELIST | CUSTOM  CONTAINER | CONTROL  CONTAINER
2026-07-16 16:11:57 | SUCCESS  |   ✓ [B351] 411066 — WH02, WT01 DITAMBAH
2026-07-16 16:11:57 | INFO     | [   8/25]  411066  →  Plant: B352
2026-07-16 16:11:57 | DEBUG    |   Isi Material: 411066
2026-07-16 16:11:59 | DEBUG    |   Isi Plant: B352
2026-07-16 16:12:03 | DEBUG    |   [DEBUG] Mundur ke-1: 'WH01'
2026-07-16 16:12:03 | DEBUG    |   [DEBUG] Mundur ke-2: ''
2026-07-16 16:12:03 | DEBUG    |   [DEBUG] SLoc yang terbaca: ['WH01']
2026-07-16 16:12:03 | INFO     |   Isi SLoc yang belum ada: WH02, WT01
2026-07-16 16:12:04 | DEBUG    |   SLoc baru: WH02
2026-07-16 16:12:05 | DEBUG    |   SLoc baru: WT01
2026-07-16 16:12:06 | DEBUG    |   [DEBUG] Jumlah elemen terbaca: 22
2026-07-16 16:12:06 | DEBUG    |   [DEBUG] Status text: [WINDOWCONTROL:NAME]ENTER STORAGE LOCATIONS COLLECTIVELY: LIST | [BUTTONCONTROL:NAME]OPEN | [BUTTONCONTROL:NAME]DELETE | [LEGACY:DESC]DELETE   (SHIFT+F2) | [LEGACY:VALUE]ENTER STORAGE LOCATIONS COLLECTIVELY: LIST | [LEGACY:DESC]DISPLAYS THE NAME OF THE WINDOW AND CONTAINS CONTROLS TO MANIPULATE IT | [MENUBARCONTROL:NAME]SYSTEM | [LEGACY:DESC]CONTAINS COMMANDS TO MANIPULATE THE WINDOW | [MENUITEMCONTROL:NAME]SYSTEM | [BUTTONCONTROL:NAME]MINIMIZE | [LEGACY:DESC]MOVES THE WINDOW OUT OF THE WAY | [BUTTONCONTROL:NAME]MAXIMIZE | [LEGACY:DESC]MAKES THE WINDOW FULL SCREEN | [BUTTONCONTROL:NAME]CLOSE | [LEGACY:DESC]CLOSES THE WINDOW | CUSTOM  CONTAINER | CONTROL  CONTAINER | CUSTOM  CONTAINER | CONTROL  CONTAINER | SAP'S ADVANCED TREELIST | CUSTOM  CONTAINER | CONTROL  CONTAINER
2026-07-16 16:12:08 | SUCCESS  |   ✓ [B352] 411066 — WH02, WT01 DITAMBAH
2026-07-16 16:12:08 | INFO     | [   9/25]  411066  →  Plant: B353
2026-07-16 16:12:08 | DEBUG    |   Isi Material: 411066
2026-07-16 16:12:10 | DEBUG    |   Isi Plant: B353
2026-07-16 16:12:13 | DEBUG    |   [DEBUG] Mundur ke-1: 'WH01'
2026-07-16 16:12:14 | DEBUG    |   [DEBUG] Mundur ke-2: ''
2026-07-16 16:12:14 | DEBUG    |   [DEBUG] SLoc yang terbaca: ['WH01']
2026-07-16 16:12:14 | INFO     |   Isi SLoc yang belum ada: WH02, WT01
2026-07-16 16:12:15 | DEBUG    |   SLoc baru: WH02
2026-07-16 16:12:16 | DEBUG    |   SLoc baru: WT01
2026-07-16 16:12:17 | DEBUG    |   [DEBUG] Jumlah elemen terbaca: 22
2026-07-16 16:12:17 | DEBUG    |   [DEBUG] Status text: [WINDOWCONTROL:NAME]ENTER STORAGE LOCATIONS COLLECTIVELY: LIST | [BUTTONCONTROL:NAME]OPEN | [BUTTONCONTROL:NAME]DELETE | [LEGACY:DESC]DELETE   (SHIFT+F2) | [LEGACY:VALUE]ENTER STORAGE LOCATIONS COLLECTIVELY: LIST | [LEGACY:DESC]DISPLAYS THE NAME OF THE WINDOW AND CONTAINS CONTROLS TO MANIPULATE IT | [MENUBARCONTROL:NAME]SYSTEM | [LEGACY:DESC]CONTAINS COMMANDS TO MANIPULATE THE WINDOW | [MENUITEMCONTROL:NAME]SYSTEM | [BUTTONCONTROL:NAME]MINIMIZE | [LEGACY:DESC]MOVES THE WINDOW OUT OF THE WAY | [BUTTONCONTROL:NAME]MAXIMIZE | [LEGACY:DESC]MAKES THE WINDOW FULL SCREEN | [BUTTONCONTROL:NAME]CLOSE | [LEGACY:DESC]CLOSES THE WINDOW | CUSTOM  CONTAINER | CONTROL  CONTAINER | CUSTOM  CONTAINER | CONTROL  CONTAINER | SAP'S ADVANCED TREELIST | CUSTOM  CONTAINER | CONTROL  CONTAINER
2026-07-16 16:12:19 | SUCCESS  |   ✓ [B353] 411066 — WH02, WT01 DITAMBAH
2026-07-16 16:12:19 | INFO     | [  10/25]  411066  →  Plant: B354
2026-07-16 16:12:19 | DEBUG    |   Isi Material: 411066
2026-07-16 16:12:20 | DEBUG    |   Isi Plant: B354
2026-07-16 16:12:24 | DEBUG    |   [DEBUG] Mundur ke-1: 'WH01'
2026-07-16 16:12:25 | DEBUG    |   [DEBUG] Mundur ke-2: ''
2026-07-16 16:12:25 | DEBUG    |   [DEBUG] SLoc yang terbaca: ['WH01']
2026-07-16 16:12:25 | INFO     |   Isi SLoc yang belum ada: WH02, WT01
2026-07-16 16:12:25 | DEBUG    |   SLoc baru: WH02
2026-07-16 16:12:26 | DEBUG    |   SLoc baru: WT01
2026-07-16 16:12:27 | DEBUG    |   [DEBUG] Jumlah elemen terbaca: 22
2026-07-16 16:12:27 | DEBUG    |   [DEBUG] Status text: [WINDOWCONTROL:NAME]ENTER STORAGE LOCATIONS COLLECTIVELY: LIST | [BUTTONCONTROL:NAME]OPEN | [BUTTONCONTROL:NAME]DELETE | [LEGACY:DESC]DELETE   (SHIFT+F2) | [LEGACY:VALUE]ENTER STORAGE LOCATIONS COLLECTIVELY: LIST | [LEGACY:DESC]DISPLAYS THE NAME OF THE WINDOW AND CONTAINS CONTROLS TO MANIPULATE IT | [MENUBARCONTROL:NAME]SYSTEM | [LEGACY:DESC]CONTAINS COMMANDS TO MANIPULATE THE WINDOW | [MENUITEMCONTROL:NAME]SYSTEM | [BUTTONCONTROL:NAME]MINIMIZE | [LEGACY:DESC]MOVES THE WINDOW OUT OF THE WAY | [BUTTONCONTROL:NAME]MAXIMIZE | [LEGACY:DESC]MAKES THE WINDOW FULL SCREEN | [BUTTONCONTROL:NAME]CLOSE | [LEGACY:DESC]CLOSES THE WINDOW | CUSTOM  CONTAINER | CONTROL  CONTAINER | CUSTOM  CONTAINER | CONTROL  CONTAINER | SAP'S ADVANCED TREELIST | CUSTOM  CONTAINER | CONTROL  CONTAINER
2026-07-16 16:12:29 | SUCCESS  |   ✓ [B354] 411066 — WH02, WT01 DITAMBAH
2026-07-16 16:12:29 | INFO     | [  11/25]  411066  →  Plant: B356
2026-07-16 16:12:29 | DEBUG    |   Isi Material: 411066
2026-07-16 16:12:31 | DEBUG    |   Isi Plant: B356
2026-07-16 16:12:34 | WARNING  |   [SKIP] [B356] 411066 -- Error SAP (locked/not exist), lanjut plant berikutnya
2026-07-16 16:12:35 | INFO     | [  12/25]  411066  →  Plant: B357
2026-07-16 16:12:35 | DEBUG    |   Isi Material: 411066
2026-07-16 16:12:36 | DEBUG    |   Isi Plant: B357
2026-07-16 16:12:39 | WARNING  |   [SKIP] [B357] 411066 -- Error SAP (locked/not exist), lanjut plant berikutnya
2026-07-16 16:12:40 | INFO     | [  13/25]  411066  →  Plant: B358
2026-07-16 16:12:40 | DEBUG    |   Isi Material: 411066
2026-07-16 16:12:41 | DEBUG    |   Isi Plant: B358
2026-07-16 16:12:45 | DEBUG    |   [DEBUG] Mundur ke-1: 'WH01'
2026-07-16 16:12:46 | DEBUG    |   [DEBUG] Mundur ke-2: ''
2026-07-16 16:12:46 | DEBUG    |   [DEBUG] SLoc yang terbaca: ['WH01']
2026-07-16 16:12:46 | INFO     |   Isi SLoc yang belum ada: WH02, WT01
2026-07-16 16:12:46 | DEBUG    |   SLoc baru: WH02
2026-07-16 16:12:47 | DEBUG    |   SLoc baru: WT01
2026-07-16 16:12:48 | DEBUG    |   [DEBUG] Jumlah elemen terbaca: 22
2026-07-16 16:12:48 | DEBUG    |   [DEBUG] Status text: [WINDOWCONTROL:NAME]ENTER STORAGE LOCATIONS COLLECTIVELY: LIST | [BUTTONCONTROL:NAME]OPEN | [BUTTONCONTROL:NAME]DELETE | [LEGACY:DESC]DELETE   (SHIFT+F2) | [LEGACY:VALUE]ENTER STORAGE LOCATIONS COLLECTIVELY: LIST | [LEGACY:DESC]DISPLAYS THE NAME OF THE WINDOW AND CONTAINS CONTROLS TO MANIPULATE IT | [MENUBARCONTROL:NAME]SYSTEM | [LEGACY:DESC]CONTAINS COMMANDS TO MANIPULATE THE WINDOW | [MENUITEMCONTROL:NAME]SYSTEM | [BUTTONCONTROL:NAME]MINIMIZE | [LEGACY:DESC]MOVES THE WINDOW OUT OF THE WAY | [BUTTONCONTROL:NAME]MAXIMIZE | [LEGACY:DESC]MAKES THE WINDOW FULL SCREEN | [BUTTONCONTROL:NAME]CLOSE | [LEGACY:DESC]CLOSES THE WINDOW | CUSTOM  CONTAINER | CONTROL  CONTAINER | CUSTOM  CONTAINER | CONTROL  CONTAINER | SAP'S ADVANCED TREELIST | CUSTOM  CONTAINER | CONTROL  CONTAINER
2026-07-16 16:12:50 | SUCCESS  |   ✓ [B358] 411066 — WH02, WT01 DITAMBAH
2026-07-16 16:12:50 | INFO     | [  14/25]  411066  →  Plant: B360
2026-07-16 16:12:50 | DEBUG    |   Isi Material: 411066
2026-07-16 16:12:52 | DEBUG    |   Isi Plant: B360
2026-07-16 16:12:56 | DEBUG    |   [DEBUG] Mundur ke-1: 'WH01'
2026-07-16 16:12:56 | DEBUG    |   [DEBUG] Mundur ke-2: ''
2026-07-16 16:12:57 | DEBUG    |   [DEBUG] SLoc yang terbaca: ['WH01']
2026-07-16 16:12:57 | INFO     |   Isi SLoc yang belum ada: WH02, WT01
2026-07-16 16:12:57 | DEBUG    |   SLoc baru: WH02
2026-07-16 16:12:58 | DEBUG    |   SLoc baru: WT01
2026-07-16 16:12:59 | DEBUG    |   [DEBUG] Jumlah elemen terbaca: 22
2026-07-16 16:12:59 | DEBUG    |   [DEBUG] Status text: [WINDOWCONTROL:NAME]ENTER STORAGE LOCATIONS COLLECTIVELY: LIST | [BUTTONCONTROL:NAME]OPEN | [BUTTONCONTROL:NAME]DELETE | [LEGACY:DESC]DELETE   (SHIFT+F2) | [LEGACY:VALUE]ENTER STORAGE LOCATIONS COLLECTIVELY: LIST | [LEGACY:DESC]DISPLAYS THE NAME OF THE WINDOW AND CONTAINS CONTROLS TO MANIPULATE IT | [MENUBARCONTROL:NAME]SYSTEM | [LEGACY:DESC]CONTAINS COMMANDS TO MANIPULATE THE WINDOW | [MENUITEMCONTROL:NAME]SYSTEM | [BUTTONCONTROL:NAME]MINIMIZE | [LEGACY:DESC]MOVES THE WINDOW OUT OF THE WAY | [BUTTONCONTROL:NAME]MAXIMIZE | [LEGACY:DESC]MAKES THE WINDOW FULL SCREEN | [BUTTONCONTROL:NAME]CLOSE | [LEGACY:DESC]CLOSES THE WINDOW | CUSTOM  CONTAINER | CONTROL  CONTAINER | CUSTOM  CONTAINER | CONTROL  CONTAINER | SAP'S ADVANCED TREELIST | CUSTOM  CONTAINER | CONTROL  CONTAINER
2026-07-16 16:13:01 | SUCCESS  |   ✓ [B360] 411066 — WH02, WT01 DITAMBAH
2026-07-16 16:13:01 | INFO     | [  15/25]  411066  →  Plant: B361
2026-07-16 16:13:01 | DEBUG    |   Isi Material: 411066
2026-07-16 16:13:03 | DEBUG    |   Isi Plant: B361
2026-07-16 16:13:06 | WARNING  |   [SKIP] [B361] 411066 -- Error SAP (locked/not exist), lanjut plant berikutnya
2026-07-16 16:13:06 | INFO     | [  16/25]  411066  →  Plant: B362
2026-07-16 16:13:06 | DEBUG    |   Isi Material: 411066
2026-07-16 16:13:08 | DEBUG    |   Isi Plant: B362
2026-07-16 16:13:11 | DEBUG    |   [DEBUG] Mundur ke-1: 'WH01'
2026-07-16 16:13:12 | DEBUG    |   [DEBUG] Mundur ke-2: ''
2026-07-16 16:13:12 | DEBUG    |   [DEBUG] SLoc yang terbaca: ['WH01']
2026-07-16 16:13:12 | INFO     |   Isi SLoc yang belum ada: WH02, WT01
2026-07-16 16:13:13 | DEBUG    |   SLoc baru: WH02
2026-07-16 16:13:14 | DEBUG    |   SLoc baru: WT01
2026-07-16 16:13:15 | DEBUG    |   [DEBUG] Jumlah elemen terbaca: 22
2026-07-16 16:13:15 | DEBUG    |   [DEBUG] Status text: [WINDOWCONTROL:NAME]ENTER STORAGE LOCATIONS COLLECTIVELY: LIST | [BUTTONCONTROL:NAME]OPEN | [BUTTONCONTROL:NAME]DELETE | [LEGACY:DESC]DELETE   (SHIFT+F2) | [LEGACY:VALUE]ENTER STORAGE LOCATIONS COLLECTIVELY: LIST | [LEGACY:DESC]DISPLAYS THE NAME OF THE WINDOW AND CONTAINS CONTROLS TO MANIPULATE IT | [MENUBARCONTROL:NAME]SYSTEM | [LEGACY:DESC]CONTAINS COMMANDS TO MANIPULATE THE WINDOW | [MENUITEMCONTROL:NAME]SYSTEM | [BUTTONCONTROL:NAME]MINIMIZE | [LEGACY:DESC]MOVES THE WINDOW OUT OF THE WAY | [BUTTONCONTROL:NAME]MAXIMIZE | [LEGACY:DESC]MAKES THE WINDOW FULL SCREEN | [BUTTONCONTROL:NAME]CLOSE | [LEGACY:DESC]CLOSES THE WINDOW | CUSTOM  CONTAINER | CONTROL  CONTAINER | CUSTOM  CONTAINER | CONTROL  CONTAINER | SAP'S ADVANCED TREELIST | CUSTOM  CONTAINER | CONTROL  CONTAINER
2026-07-16 16:13:17 | SUCCESS  |   ✓ [B362] 411066 — WH02, WT01 DITAMBAH
2026-07-16 16:13:17 | INFO     | [  17/25]  411066  →  Plant: B363
2026-07-16 16:13:17 | DEBUG    |   Isi Material: 411066
2026-07-16 16:13:19 | DEBUG    |   Isi Plant: B363
2026-07-16 16:13:22 | DEBUG    |   [DEBUG] Mundur ke-1: 'WH01'
2026-07-16 16:13:23 | DEBUG    |   [DEBUG] Mundur ke-2: ''
2026-07-16 16:13:23 | DEBUG    |   [DEBUG] SLoc yang terbaca: ['WH01']
2026-07-16 16:13:23 | INFO     |   Isi SLoc yang belum ada: WH02, WT01
2026-07-16 16:13:23 | DEBUG    |   SLoc baru: WH02
2026-07-16 16:13:24 | DEBUG    |   SLoc baru: WT01
2026-07-16 16:13:25 | DEBUG    |   [DEBUG] Jumlah elemen terbaca: 22
2026-07-16 16:13:25 | DEBUG    |   [DEBUG] Status text: [WINDOWCONTROL:NAME]ENTER STORAGE LOCATIONS COLLECTIVELY: LIST | [BUTTONCONTROL:NAME]OPEN | [BUTTONCONTROL:NAME]DELETE | [LEGACY:DESC]DELETE   (SHIFT+F2) | [LEGACY:VALUE]ENTER STORAGE LOCATIONS COLLECTIVELY: LIST | [LEGACY:DESC]DISPLAYS THE NAME OF THE WINDOW AND CONTAINS CONTROLS TO MANIPULATE IT | [MENUBARCONTROL:NAME]SYSTEM | [LEGACY:DESC]CONTAINS COMMANDS TO MANIPULATE THE WINDOW | [MENUITEMCONTROL:NAME]SYSTEM | [BUTTONCONTROL:NAME]MINIMIZE | [LEGACY:DESC]MOVES THE WINDOW OUT OF THE WAY | [BUTTONCONTROL:NAME]MAXIMIZE | [LEGACY:DESC]MAKES THE WINDOW FULL SCREEN | [BUTTONCONTROL:NAME]CLOSE | [LEGACY:DESC]CLOSES THE WINDOW | CUSTOM  CONTAINER | CONTROL  CONTAINER | CUSTOM  CONTAINER | CONTROL  CONTAINER | SAP'S ADVANCED TREELIST | CUSTOM  CONTAINER | CONTROL  CONTAINER
2026-07-16 16:13:27 | SUCCESS  |   ✓ [B363] 411066 — WH02, WT01 DITAMBAH
2026-07-16 16:13:27 | INFO     | [  18/25]  411066  →  Plant: B364
2026-07-16 16:13:27 | DEBUG    |   Isi Material: 411066
2026-07-16 16:13:29 | DEBUG    |   Isi Plant: B364
2026-07-16 16:13:33 | DEBUG    |   [DEBUG] Mundur ke-1: 'WH01'
2026-07-16 16:13:33 | DEBUG    |   [DEBUG] Mundur ke-2: ''
2026-07-16 16:13:33 | DEBUG    |   [DEBUG] SLoc yang terbaca: ['WH01']
2026-07-16 16:13:33 | INFO     |   Isi SLoc yang belum ada: WH02, WT01
2026-07-16 16:13:34 | DEBUG    |   SLoc baru: WH02
2026-07-16 16:13:35 | DEBUG    |   SLoc baru: WT01
2026-07-16 16:13:36 | DEBUG    |   [DEBUG] Jumlah elemen terbaca: 22
2026-07-16 16:13:36 | DEBUG    |   [DEBUG] Status text: [WINDOWCONTROL:NAME]ENTER STORAGE LOCATIONS COLLECTIVELY: LIST | [BUTTONCONTROL:NAME]OPEN | [BUTTONCONTROL:NAME]DELETE | [LEGACY:DESC]DELETE   (SHIFT+F2) | [LEGACY:VALUE]ENTER STORAGE LOCATIONS COLLECTIVELY: LIST | [LEGACY:DESC]DISPLAYS THE NAME OF THE WINDOW AND CONTAINS CONTROLS TO MANIPULATE IT | [MENUBARCONTROL:NAME]SYSTEM | [LEGACY:DESC]CONTAINS COMMANDS TO MANIPULATE THE WINDOW | [MENUITEMCONTROL:NAME]SYSTEM | [BUTTONCONTROL:NAME]MINIMIZE | [LEGACY:DESC]MOVES THE WINDOW OUT OF THE WAY | [BUTTONCONTROL:NAME]MAXIMIZE | [LEGACY:DESC]MAKES THE WINDOW FULL SCREEN | [BUTTONCONTROL:NAME]CLOSE | [LEGACY:DESC]CLOSES THE WINDOW | CUSTOM  CONTAINER | CONTROL  CONTAINER | CUSTOM  CONTAINER | CONTROL  CONTAINER | SAP'S ADVANCED TREELIST | CUSTOM  CONTAINER | CONTROL  CONTAINER
2026-07-16 16:13:38 | SUCCESS  |   ✓ [B364] 411066 — WH02, WT01 DITAMBAH
2026-07-16 16:13:38 | INFO     | [  19/25]  411066  →  Plant: B365
2026-07-16 16:13:38 | DEBUG    |   Isi Material: 411066
2026-07-16 16:13:40 | DEBUG    |   Isi Plant: B365
2026-07-16 16:13:43 | DEBUG    |   [DEBUG] Mundur ke-1: 'WH01'
2026-07-16 16:13:44 | DEBUG    |   [DEBUG] Mundur ke-2: ''
2026-07-16 16:13:44 | DEBUG    |   [DEBUG] SLoc yang terbaca: ['WH01']
2026-07-16 16:13:44 | INFO     |   Isi SLoc yang belum ada: WH02, WT01
2026-07-16 16:13:45 | DEBUG    |   SLoc baru: WH02
2026-07-16 16:13:45 | DEBUG    |   SLoc baru: WT01
2026-07-16 16:13:47 | DEBUG    |   [DEBUG] Jumlah elemen terbaca: 22
2026-07-16 16:13:47 | DEBUG    |   [DEBUG] Status text: [WINDOWCONTROL:NAME]ENTER STORAGE LOCATIONS COLLECTIVELY: LIST | [BUTTONCONTROL:NAME]OPEN | [BUTTONCONTROL:NAME]DELETE | [LEGACY:DESC]DELETE   (SHIFT+F2) | [LEGACY:VALUE]ENTER STORAGE LOCATIONS COLLECTIVELY: LIST | [LEGACY:DESC]DISPLAYS THE NAME OF THE WINDOW AND CONTAINS CONTROLS TO MANIPULATE IT | [MENUBARCONTROL:NAME]SYSTEM | [LEGACY:DESC]CONTAINS COMMANDS TO MANIPULATE THE WINDOW | [MENUITEMCONTROL:NAME]SYSTEM | [BUTTONCONTROL:NAME]MINIMIZE | [LEGACY:DESC]MOVES THE WINDOW OUT OF THE WAY | [BUTTONCONTROL:NAME]MAXIMIZE | [LEGACY:DESC]MAKES THE WINDOW FULL SCREEN | [BUTTONCONTROL:NAME]CLOSE | [LEGACY:DESC]CLOSES THE WINDOW | CUSTOM  CONTAINER | CONTROL  CONTAINER | CUSTOM  CONTAINER | CONTROL  CONTAINER | SAP'S ADVANCED TREELIST | CUSTOM  CONTAINER | CONTROL  CONTAINER
2026-07-16 16:13:49 | SUCCESS  |   ✓ [B365] 411066 — WH02, WT01 DITAMBAH
2026-07-16 16:13:49 | INFO     | [  20/25]  411066  →  Plant: B366
2026-07-16 16:13:49 | DEBUG    |   Isi Material: 411066
2026-07-16 16:13:50 | DEBUG    |   Isi Plant: B366
2026-07-16 16:13:54 | DEBUG    |   [DEBUG] Mundur ke-1: 'WH01'
2026-07-16 16:13:54 | DEBUG    |   [DEBUG] Mundur ke-2: ''
2026-07-16 16:13:55 | DEBUG    |   [DEBUG] SLoc yang terbaca: ['WH01']
2026-07-16 16:13:55 | INFO     |   Isi SLoc yang belum ada: WH02, WT01
2026-07-16 16:13:55 | DEBUG    |   SLoc baru: WH02
2026-07-16 16:13:56 | DEBUG    |   SLoc baru: WT01
2026-07-16 16:13:57 | DEBUG    |   [DEBUG] Jumlah elemen terbaca: 22
2026-07-16 16:13:57 | DEBUG    |   [DEBUG] Status text: [WINDOWCONTROL:NAME]ENTER STORAGE LOCATIONS COLLECTIVELY: LIST | [BUTTONCONTROL:NAME]OPEN | [BUTTONCONTROL:NAME]DELETE | [LEGACY:DESC]DELETE   (SHIFT+F2) | [LEGACY:VALUE]ENTER STORAGE LOCATIONS COLLECTIVELY: LIST | [LEGACY:DESC]DISPLAYS THE NAME OF THE WINDOW AND CONTAINS CONTROLS TO MANIPULATE IT | [MENUBARCONTROL:NAME]SYSTEM | [LEGACY:DESC]CONTAINS COMMANDS TO MANIPULATE THE WINDOW | [MENUITEMCONTROL:NAME]SYSTEM | [BUTTONCONTROL:NAME]MINIMIZE | [LEGACY:DESC]MOVES THE WINDOW OUT OF THE WAY | [BUTTONCONTROL:NAME]MAXIMIZE | [LEGACY:DESC]MAKES THE WINDOW FULL SCREEN | [BUTTONCONTROL:NAME]CLOSE | [LEGACY:DESC]CLOSES THE WINDOW | CUSTOM  CONTAINER | CONTROL  CONTAINER | CUSTOM  CONTAINER | CONTROL  CONTAINER | SAP'S ADVANCED TREELIST | CUSTOM  CONTAINER | CONTROL  CONTAINER
2026-07-16 16:13:59 | SUCCESS  |   ✓ [B366] 411066 — WH02, WT01 DITAMBAH
2026-07-16 16:13:59 | INFO     | [  21/25]  411066  →  Plant: B367
2026-07-16 16:13:59 | DEBUG    |   Isi Material: 411066
2026-07-16 16:14:01 | DEBUG    |   Isi Plant: B367
2026-07-16 16:14:04 | DEBUG    |   [DEBUG] Mundur ke-1: 'WH01'
2026-07-16 16:14:05 | DEBUG    |   [DEBUG] Mundur ke-2: ''
2026-07-16 16:14:05 | DEBUG    |   [DEBUG] SLoc yang terbaca: ['WH01']
2026-07-16 16:14:05 | INFO     |   Isi SLoc yang belum ada: WH02, WT01
2026-07-16 16:14:06 | DEBUG    |   SLoc baru: WH02
2026-07-16 16:14:07 | DEBUG    |   SLoc baru: WT01
2026-07-16 16:14:08 | DEBUG    |   [DEBUG] Jumlah elemen terbaca: 22
2026-07-16 16:14:08 | DEBUG    |   [DEBUG] Status text: [WINDOWCONTROL:NAME]ENTER STORAGE LOCATIONS COLLECTIVELY: LIST | [BUTTONCONTROL:NAME]OPEN | [BUTTONCONTROL:NAME]DELETE | [LEGACY:DESC]DELETE   (SHIFT+F2) | [LEGACY:VALUE]ENTER STORAGE LOCATIONS COLLECTIVELY: LIST | [LEGACY:DESC]DISPLAYS THE NAME OF THE WINDOW AND CONTAINS CONTROLS TO MANIPULATE IT | [MENUBARCONTROL:NAME]SYSTEM | [LEGACY:DESC]CONTAINS COMMANDS TO MANIPULATE THE WINDOW | [MENUITEMCONTROL:NAME]SYSTEM | [BUTTONCONTROL:NAME]MINIMIZE | [LEGACY:DESC]MOVES THE WINDOW OUT OF THE WAY | [BUTTONCONTROL:NAME]MAXIMIZE | [LEGACY:DESC]MAKES THE WINDOW FULL SCREEN | [BUTTONCONTROL:NAME]CLOSE | [LEGACY:DESC]CLOSES THE WINDOW | CUSTOM  CONTAINER | CONTROL  CONTAINER | CUSTOM  CONTAINER | CONTROL  CONTAINER | SAP'S ADVANCED TREELIST | CUSTOM  CONTAINER | CONTROL  CONTAINER
2026-07-16 16:14:10 | SUCCESS  |   ✓ [B367] 411066 — WH02, WT01 DITAMBAH
2026-07-16 16:14:10 | INFO     | [  22/25]  411066  →  Plant: B368
2026-07-16 16:14:10 | DEBUG    |   Isi Material: 411066
2026-07-16 16:14:12 | DEBUG    |   Isi Plant: B368
2026-07-16 16:14:15 | DEBUG    |   [DEBUG] Mundur ke-1: 'WH01'
2026-07-16 16:14:16 | DEBUG    |   [DEBUG] Mundur ke-2: ''
2026-07-16 16:14:16 | DEBUG    |   [DEBUG] SLoc yang terbaca: ['WH01']
2026-07-16 16:14:16 | INFO     |   Isi SLoc yang belum ada: WH02, WT01
2026-07-16 16:14:16 | DEBUG    |   SLoc baru: WH02
2026-07-16 16:14:17 | DEBUG    |   SLoc baru: WT01
2026-07-16 16:14:18 | DEBUG    |   [DEBUG] Jumlah elemen terbaca: 22
2026-07-16 16:14:18 | DEBUG    |   [DEBUG] Status text: [WINDOWCONTROL:NAME]ENTER STORAGE LOCATIONS COLLECTIVELY: LIST | [BUTTONCONTROL:NAME]OPEN | [BUTTONCONTROL:NAME]DELETE | [LEGACY:DESC]DELETE   (SHIFT+F2) | [LEGACY:VALUE]ENTER STORAGE LOCATIONS COLLECTIVELY: LIST | [LEGACY:DESC]DISPLAYS THE NAME OF THE WINDOW AND CONTAINS CONTROLS TO MANIPULATE IT | [MENUBARCONTROL:NAME]SYSTEM | [LEGACY:DESC]CONTAINS COMMANDS TO MANIPULATE THE WINDOW | [MENUITEMCONTROL:NAME]SYSTEM | [BUTTONCONTROL:NAME]MINIMIZE | [LEGACY:DESC]MOVES THE WINDOW OUT OF THE WAY | [BUTTONCONTROL:NAME]MAXIMIZE | [LEGACY:DESC]MAKES THE WINDOW FULL SCREEN | [BUTTONCONTROL:NAME]CLOSE | [LEGACY:DESC]CLOSES THE WINDOW | CUSTOM  CONTAINER | CONTROL  CONTAINER | CUSTOM  CONTAINER | CONTROL  CONTAINER | SAP'S ADVANCED TREELIST | CUSTOM  CONTAINER | CONTROL  CONTAINER
2026-07-16 16:14:20 | SUCCESS  |   ✓ [B368] 411066 — WH02, WT01 DITAMBAH
2026-07-16 16:14:20 | INFO     | [  23/25]  411066  →  Plant: B369
2026-07-16 16:14:20 | DEBUG    |   Isi Material: 411066
2026-07-16 16:14:22 | DEBUG    |   Isi Plant: B369
2026-07-16 16:14:25 | WARNING  |   [SKIP] [B369] 411066 -- Error SAP (locked/not exist), lanjut plant berikutnya
2026-07-16 16:14:26 | INFO     | [  24/25]  411066  →  Plant: B373
2026-07-16 16:14:26 | DEBUG    |   Isi Material: 411066
2026-07-16 16:14:27 | DEBUG    |   Isi Plant: B373
2026-07-16 16:14:31 | DEBUG    |   [DEBUG] Mundur ke-1: 'WH01'
2026-07-16 16:14:31 | DEBUG    |   [DEBUG] Mundur ke-2: ''
2026-07-16 16:14:32 | DEBUG    |   [DEBUG] SLoc yang terbaca: ['WH01']
2026-07-16 16:14:32 | INFO     |   Isi SLoc yang belum ada: WH02, WT01
2026-07-16 16:14:32 | DEBUG    |   SLoc baru: WH02
2026-07-16 16:14:32 | ERROR    |   ERROR [B373] 411066: PyAutoGUI fail-safe triggered from mouse moving to a corner of the screen. To disable this fail-safe, set pyautogui.FAILSAFE to False. DISABLING FAIL-SAFE IS NOT RECOMMENDED.
2026-07-16 16:14:32 | INFO     | [  25/25]  411066  →  Plant: B394
2026-07-16 16:14:32 | DEBUG    |   Isi Material: 411066
2026-07-16 16:14:32 | ERROR    |   ERROR [B394] 411066: PyAutoGUI fail-safe triggered from mouse moving to a corner of the screen. To disable this fail-safe, set pyautogui.FAILSAFE to False. DISABLING FAIL-SAFE IS NOT RECOMMENDED.
2026-07-16 16:14:32 | INFO     | 
2026-07-16 16:14:32 | INFO     | ============================================================
2026-07-16 16:14:32 | INFO     |   SELESAI -- OK: 19 | Dry: 0 | Skip: 4 | Error: 2 | Total: 25
2026-07-16 16:14:32 | INFO     | ============================================================
2026-07-16 16:14:32 | SUCCESS  | Laporan: output_rpa\hasil_extend_20260716_161031.xlsx
2026-07-16 16:14:32 | INFO     | Log: output_rpa\rpa_mmsc_20260716_161031.log
